{"id": 11206, "genre": "Electronic", "frames": 2994, "active_frames": 1366, "active_fraction": 0.4562458249832999, "high_low_energy_ratio": 0.00907071866095066, "upper_low_energy_ratio": 0.0017025816487148404, "high_median_power": 0.580403208732605, "high_p95_power": 67.47490692138672}
{"id": 14344, "genre": "Electronic", "frames": 2994, "active_frames": 0, "active_fraction": 0.0, "high_low_energy_ratio": 2.567079036452924e-06, "upper_low_energy_ratio": 5.212448854763352e-07, "high_median_power": 0.00016945262905210257, "high_p95_power": 0.0038672550581395626}
{"id": 28546, "genre": "Electronic", "frames": 2994, "active_frames": 20, "active_fraction": 0.006680026720106881, "high_low_energy_ratio": 1.4734526303072926e-05, "upper_low_energy_ratio": 1.6042594808141075e-08, "high_median_power": 0.005889851599931717, "high_p95_power": 0.4252968430519104}
{"id": 45099, "genre": "Electronic", "frames": 2994, "active_frames": 86, "active_fraction": 0.028724114896459586, "high_low_energy_ratio": 0.00032892252784222364, "upper_low_energy_ratio": 2.314549419679679e-05, "high_median_power": 13.094367980957031, "high_p95_power": 28.4847354888916}
{"id": 45100, "genre": "Electronic", "frames": 2994, "active_frames": 368, "active_fraction": 0.1229124916499666, "high_low_energy_ratio": 0.0003270190500188619, "upper_low_energy_ratio": 2.559878157626372e-05, "high_median_power": 3.6269335746765137, "high_p95_power": 167.77647399902344}
{"id": 45101, "genre": "Electronic", "frames": 2994, "active_frames": 130, "active_fraction": 0.04342017368069472, "high_low_energy_ratio": 0.00025720824487507343, "upper_low_energy_ratio": 2.0463170585571788e-05, "high_median_power": 11.14205551147461, "high_p95_power": 26.507898330688477}
{"id": 45102, "genre": "Electronic", "frames": 2994, "active_frames": 376, "active_fraction": 0.12558450233800936, "high_low_energy_ratio": 0.0004972927272319794, "upper_low_energy_ratio": 3.250898589612916e-05, "high_median_power": 17.49529266357422, "high_p95_power": 31.237873077392578}
{"id": 45103, "genre": "Electronic", "frames": 2994, "active_frames": 772, "active_fraction": 0.2578490313961256, "high_low_energy_ratio": 0.001168370945379138, "upper_low_energy_ratio": 8.960714330896735e-05, "high_median_power": 16.057687759399414, "high_p95_power": 243.19891357421875}
{"id": 6674, "genre": "Experimental", "frames": 2994, "active_frames": 512, "active_fraction": 0.17100868403473615, "high_low_energy_ratio": 0.0004439053009264171, "upper_low_energy_ratio": 2.6428597266203724e-06, "high_median_power": 0.33801954984664917, "high_p95_power": 7.5303473472595215}
{"id": 6675, "genre": "Experimental", "frames": 2994, "active_frames": 262, "active_fraction": 0.08750835003340013, "high_low_energy_ratio": 0.0007075470057316124, "upper_low_energy_ratio": 5.649996819556691e-05, "high_median_power": 12.022151947021484, "high_p95_power": 107.14421081542969}
{"id": 6677, "genre": "Experimental", "frames": 2994, "active_frames": 2777, "active_fraction": 0.9275217100868404, "high_low_energy_ratio": 0.0030264565721154213, "upper_low_energy_ratio": 0.0002812312450259924, "high_median_power": 223.42837524414062, "high_p95_power": 861.7817993164062}
{"id": 6679, "genre": "Experimental", "frames": 2994, "active_frames": 1920, "active_fraction": 0.6412825651302605, "high_low_energy_ratio": 0.0023938780650496483, "upper_low_energy_ratio": 0.00036922027356922626, "high_median_power": 110.71974182128906, "high_p95_power": 813.19384765625}
{"id": 6680, "genre": "Experimental", "frames": 2994, "active_frames": 2409, "active_fraction": 0.8046092184368737, "high_low_energy_ratio": 0.0032635994721204042, "upper_low_energy_ratio": 0.00022953793813940138, "high_median_power": 239.242431640625, "high_p95_power": 795.2499389648438}
{"id": 6684, "genre": "Experimental", "frames": 2994, "active_frames": 2992, "active_fraction": 0.9993319973279893, "high_low_energy_ratio": 0.005175192840397358, "upper_low_energy_ratio": 0.0005845983978360891, "high_median_power": 618.07470703125, "high_p95_power": 1802.7308349609375}
{"id": 7548, "genre": "Experimental", "frames": 2994, "active_frames": 1989, "active_fraction": 0.6643286573146293, "high_low_energy_ratio": 0.002071529859676957, "upper_low_energy_ratio": 0.00024206953821703792, "high_median_power": 7.508627891540527, "high_p95_power": 36.481998443603516}
{"id": 7554, "genre": "Experimental", "frames": 2994, "active_frames": 55, "active_fraction": 0.01837007348029392, "high_low_energy_ratio": 0.00010696669050958008, "upper_low_energy_ratio": 2.1352017938625067e-05, "high_median_power": 0.8878379464149475, "high_p95_power": 4.0331315994262695}
{"id": 3832, "genre": "Folk", "frames": 2994, "active_frames": 74, "active_fraction": 0.024716098864395457, "high_low_energy_ratio": 7.506375550292432e-05, "upper_low_energy_ratio": 3.870876753353514e-06, "high_median_power": 0.02521824650466442, "high_p95_power": 0.8506124019622803}
{"id": 3880, "genre": "Folk", "frames": 2994, "active_frames": 0, "active_fraction": 0.0, "high_low_energy_ratio": 2.0809188754356e-06, "upper_low_energy_ratio": 1.0512667819595478e-10, "high_median_power": 0.00027728526038117707, "high_p95_power": 0.017281079664826393}
{"id": 4037, "genre": "Folk", "frames": 2994, "active_frames": 0, "active_fraction": 0.0, "high_low_energy_ratio": 8.631856871943455e-06, "upper_low_energy_ratio": 4.490872811402369e-07, "high_median_power": 0.012822214514017105, "high_p95_power": 0.09616735577583313}
{"id": 6854, "genre": "Folk", "frames": 2994, "active_frames": 251, "active_fraction": 0.08383433533734135, "high_low_energy_ratio": 0.00013356081035453826, "upper_low_energy_ratio": 5.458556188386865e-06, "high_median_power": 0.004308855161070824, "high_p95_power": 1.1402744054794312}
{"id": 6855, "genre": "Folk", "frames": 2994, "active_frames": 439, "active_fraction": 0.14662658650634602, "high_low_energy_ratio": 0.0006012196536175907, "upper_low_energy_ratio": 2.2934314984013326e-05, "high_median_power": 0.017293253913521767, "high_p95_power": 10.461324691772461}
{"id": 6856, "genre": "Folk", "frames": 2994, "active_frames": 5, "active_fraction": 0.0016700066800267202, "high_low_energy_ratio": 5.773450538981706e-06, "upper_low_energy_ratio": 7.364679959209752e-07, "high_median_power": 0.0008670362294651568, "high_p95_power": 0.013923686929047108}
{"id": 23371, "genre": "Folk", "frames": 2994, "active_frames": 223, "active_fraction": 0.07448229792919171, "high_low_energy_ratio": 0.003176152938976884, "upper_low_energy_ratio": 1.4023684435926498e-08, "high_median_power": 1.108083225176415e-08, "high_p95_power": 2.7072508335113525}
{"id": 50952, "genre": "Folk", "frames": 2994, "active_frames": 50, "active_fraction": 0.016700066800267203, "high_low_energy_ratio": 9.203605441143736e-05, "upper_low_energy_ratio": 3.390924393897876e-05, "high_median_power": 0.053572215139865875, "high_p95_power": 1.7746944427490234}
{"id": 7481, "genre": "Hip-Hop", "frames": 2994, "active_frames": 637, "active_fraction": 0.21275885103540415, "high_low_energy_ratio": 0.0007476432947441936, "upper_low_energy_ratio": 3.6900178201904055e-06, "high_median_power": 0.045134373009204865, "high_p95_power": 22.628808975219727}
{"id": 7482, "genre": "Hip-Hop", "frames": 2994, "active_frames": 351, "active_fraction": 0.11723446893787576, "high_low_energy_ratio": 0.00048369416617788374, "upper_low_energy_ratio": 3.2142665986611973e-06, "high_median_power": 0.005765962414443493, "high_p95_power": 18.808019638061523}
{"id": 7483, "genre": "Hip-Hop", "frames": 2994, "active_frames": 256, "active_fraction": 0.08550434201736808, "high_low_energy_ratio": 0.00023828589473851025, "upper_low_energy_ratio": 1.1135063004985568e-06, "high_median_power": 0.42239487171173096, "high_p95_power": 12.038097381591797}
{"id": 7487, "genre": "Hip-Hop", "frames": 2994, "active_frames": 154, "active_fraction": 0.05143620574482298, "high_low_energy_ratio": 0.00021991223911754787, "upper_low_energy_ratio": 6.391980605258141e-06, "high_median_power": 0.07235705852508545, "high_p95_power": 4.805963039398193}
{"id": 7488, "genre": "Hip-Hop", "frames": 2994, "active_frames": 1128, "active_fraction": 0.37675350701402804, "high_low_energy_ratio": 0.0022060098126530647, "upper_low_energy_ratio": 5.7580335123930126e-05, "high_median_power": 2.324568510055542, "high_p95_power": 61.55958557128906}
{"id": 7489, "genre": "Hip-Hop", "frames": 2994, "active_frames": 1027, "active_fraction": 0.3430193720774883, "high_low_energy_ratio": 0.005956531036645174, "upper_low_energy_ratio": 0.001047751517035067, "high_median_power": 2.397716522216797, "high_p95_power": 723.68896484375}
{"id": 7490, "genre": "Hip-Hop", "frames": 2994, "active_frames": 808, "active_fraction": 0.269873079492318, "high_low_energy_ratio": 0.0012159541947767138, "upper_low_energy_ratio": 1.994194280996453e-05, "high_median_power": 1.7992064952850342, "high_p95_power": 94.42962646484375}
{"id": 7491, "genre": "Hip-Hop", "frames": 2994, "active_frames": 1144, "active_fraction": 0.38209752839011357, "high_low_energy_ratio": 0.0012378235114738345, "upper_low_energy_ratio": 3.366213422850706e-05, "high_median_power": 7.991140365600586, "high_p95_power": 143.6476593017578}
{"id": 37119, "genre": "Instrumental", "frames": 2994, "active_frames": 0, "active_fraction": 0.0, "high_low_energy_ratio": 5.681685593117436e-07, "upper_low_energy_ratio": 4.5041918111943247e-11, "high_median_power": 0.004615681245923042, "high_p95_power": 0.00835507083684206}
{"id": 50955, "genre": "Instrumental", "frames": 2994, "active_frames": 0, "active_fraction": 0.0, "high_low_energy_ratio": 6.108312663855031e-05, "upper_low_energy_ratio": 4.951014489051886e-05, "high_median_power": 0.07588277757167816, "high_p95_power": 0.24735397100448608}
{"id": 50956, "genre": "Instrumental", "frames": 2994, "active_frames": 16, "active_fraction": 0.005344021376085505, "high_low_energy_ratio": 2.6327770683565177e-05, "upper_low_energy_ratio": 7.164478574850364e-06, "high_median_power": 0.06159786880016327, "high_p95_power": 0.21523308753967285}
{"id": 106502, "genre": "Instrumental", "frames": 2994, "active_frames": 2749, "active_fraction": 0.9181696726786908, "high_low_energy_ratio": 0.016627635806798935, "upper_low_energy_ratio": 0.008276648819446564, "high_median_power": 14.979085922241211, "high_p95_power": 158.08091735839844}
{"id": 108906, "genre": "Instrumental", "frames": 2994, "active_frames": 822, "active_fraction": 0.2745490981963928, "high_low_energy_ratio": 0.0011859582737088203, "upper_low_energy_ratio": 9.47680528042838e-05, "high_median_power": 0.1120639219880104, "high_p95_power": 10.214101791381836}
{"id": 113110, "genre": "Instrumental", "frames": 2994, "active_frames": 1, "active_fraction": 0.00033400133600534405, "high_low_energy_ratio": 7.468601779692108e-06, "upper_low_energy_ratio": 2.007842340390198e-06, "high_median_power": 0.00458438228815794, "high_p95_power": 0.016083868220448494}
{"id": 115767, "genre": "Instrumental", "frames": 2994, "active_frames": 0, "active_fraction": 0.0, "high_low_energy_ratio": 1.0689384453144157e-06, "upper_low_energy_ratio": 8.826953057372577e-11, "high_median_power": 0.0027480111457407475, "high_p95_power": 0.007185882888734341}
{"id": 115768, "genre": "Instrumental", "frames": 2994, "active_frames": 105, "active_fraction": 0.03507014028056112, "high_low_energy_ratio": 9.352956112707034e-05, "upper_low_energy_ratio": 2.1360705204642727e-07, "high_median_power": 0.05051947385072708, "high_p95_power": 1.1556771993637085}
{"id": 4070, "genre": "International", "frames": 2994, "active_frames": 827, "active_fraction": 0.2762191048764195, "high_low_energy_ratio": 0.0015512099489569664, "upper_low_energy_ratio": 8.236581925302744e-05, "high_median_power": 1.3115134239196777, "high_p95_power": 52.20802307128906}
{"id": 4071, "genre": "International", "frames": 2994, "active_frames": 1212, "active_fraction": 0.40480961923847697, "high_low_energy_ratio": 0.0019751188810914755, "upper_low_energy_ratio": 0.00015513660036958754, "high_median_power": 1.901958703994751, "high_p95_power": 53.95020294189453}
{"id": 4072, "genre": "International", "frames": 2994, "active_frames": 2172, "active_fraction": 0.7254509018036072, "high_low_energy_ratio": 0.0046093822456896305, "upper_low_energy_ratio": 0.00037539168260991573, "high_median_power": 8.228271484375, "high_p95_power": 50.49679183959961}
{"id": 4073, "genre": "International", "frames": 2994, "active_frames": 1474, "active_fraction": 0.4923179692718771, "high_low_energy_ratio": 0.001524782390333712, "upper_low_energy_ratio": 5.143013913766481e-05, "high_median_power": 4.453054428100586, "high_p95_power": 31.156770706176758}
{"id": 4074, "genre": "International", "frames": 2994, "active_frames": 557, "active_fraction": 0.18603874415497662, "high_low_energy_ratio": 0.0005311334389261901, "upper_low_energy_ratio": 1.1194139915460255e-05, "high_median_power": 0.6928671598434448, "high_p95_power": 12.197002410888672}
{"id": 4075, "genre": "International", "frames": 2994, "active_frames": 477, "active_fraction": 0.1593186372745491, "high_low_energy_ratio": 0.0007631962653249502, "upper_low_energy_ratio": 2.5624702175264247e-05, "high_median_power": 1.1229974031448364, "high_p95_power": 23.4949951171875}
{"id": 4076, "genre": "International", "frames": 2994, "active_frames": 653, "active_fraction": 0.21810287241148965, "high_low_energy_ratio": 0.0009630265994928777, "upper_low_energy_ratio": 4.9858401325764135e-05, "high_median_power": 0.8877906799316406, "high_p95_power": 21.57666015625}
{"id": 4077, "genre": "International", "frames": 2994, "active_frames": 1041, "active_fraction": 0.34769539078156314, "high_low_energy_ratio": 0.0008295992738567293, "upper_low_energy_ratio": 2.2536565666086972e-05, "high_median_power": 1.8495510816574097, "high_p95_power": 14.478913307189941}
{"id": 22472, "genre": "Pop", "frames": 2994, "active_frames": 284, "active_fraction": 0.09485637942551771, "high_low_energy_ratio": 0.0006850641220808029, "upper_low_energy_ratio": 0.00018774262571241707, "high_median_power": 0.0018522420432418585, "high_p95_power": 2.752326488494873}
{"id": 22473, "genre": "Pop", "frames": 2994, "active_frames": 240, "active_fraction": 0.08016032064128256, "high_low_energy_ratio": 0.0005192337557673454, "upper_low_energy_ratio": 0.00012909085489809513, "high_median_power": 0.030571341514587402, "high_p95_power": 3.9323172569274902}
{"id": 22474, "genre": "Pop", "frames": 2994, "active_frames": 0, "active_fraction": 0.0, "high_low_energy_ratio": 1.4841401707599289e-06, "upper_low_energy_ratio": 3.6058692143292603e-10, "high_median_power": 0.0005860156961716712, "high_p95_power": 0.0064477031119167805}
{"id": 22475, "genre": "Pop", "frames": 2994, "active_frames": 366, "active_fraction": 0.12224448897795591, "high_low_energy_ratio": 0.00048480468103662133, "upper_low_energy_ratio": 1.6468326066387817e-05, "high_median_power": 0.01586567796766758, "high_p95_power": 5.111650466918945}
{"id": 22476, "genre": "Pop", "frames": 2994, "active_frames": 638, "active_fraction": 0.21309285237140949, "high_low_energy_ratio": 0.0009370454936288297, "upper_low_energy_ratio": 5.9765246987808496e-05, "high_median_power": 0.3954154849052429, "high_p95_power": 17.050495147705078}
{"id": 22477, "genre": "Pop", "frames": 2994, "active_frames": 370, "active_fraction": 0.12358049432197729, "high_low_energy_ratio": 0.0009711491875350475, "upper_low_energy_ratio": 3.360118353157304e-05, "high_median_power": 0.0027589406818151474, "high_p95_power": 10.099285125732422}
{"id": 22478, "genre": "Pop", "frames": 2994, "active_frames": 746, "active_fraction": 0.24916499665998665, "high_low_energy_ratio": 0.0004306643095333129, "upper_low_energy_ratio": 3.559709875844419e-05, "high_median_power": 0.2069886326789856, "high_p95_power": 7.64066219329834}
{"id": 22479, "genre": "Pop", "frames": 2994, "active_frames": 0, "active_fraction": 0.0, "high_low_energy_ratio": 1.0370599738962483e-05, "upper_low_energy_ratio": 5.170081696093121e-09, "high_median_power": 0.0005983347655273974, "high_p95_power": 0.09891027957201004}
{"id": 3833, "genre": "Rock", "frames": 2994, "active_frames": 1312, "active_fraction": 0.43820975283901137, "high_low_energy_ratio": 0.001237449119798839, "upper_low_energy_ratio": 6.800270057283342e-05, "high_median_power": 4.349496841430664, "high_p95_power": 25.029382705688477}
{"id": 3840, "genre": "Rock", "frames": 2994, "active_frames": 56, "active_fraction": 0.018704074816299265, "high_low_energy_ratio": 5.3755167755298316e-05, "upper_low_energy_ratio": 3.5414634567132453e-06, "high_median_power": 0.025432273745536804, "high_p95_power": 0.7960121631622314}
{"id": 3950, "genre": "Rock", "frames": 2994, "active_frames": 1116, "active_fraction": 0.3727454909819639, "high_low_energy_ratio": 0.0022055443841964006, "upper_low_energy_ratio": 0.0007859680918045342, "high_median_power": 0.8332715630531311, "high_p95_power": 24.772459030151367}
{"id": 6776, "genre": "Rock", "frames": 2994, "active_frames": 411, "active_fraction": 0.1372745490981964, "high_low_energy_ratio": 0.0005514676449820399, "upper_low_energy_ratio": 1.4652117897639982e-05, "high_median_power": 0.01787812076508999, "high_p95_power": 2.3823800086975098}
{"id": 6778, "genre": "Rock", "frames": 2994, "active_frames": 749, "active_fraction": 0.2501670006680027, "high_low_energy_ratio": 0.0007376916473731399, "upper_low_energy_ratio": 6.259528890950605e-05, "high_median_power": 0.21972519159317017, "high_p95_power": 3.7409627437591553}
{"id": 11933, "genre": "Rock", "frames": 2994, "active_frames": 1964, "active_fraction": 0.6559786239144957, "high_low_energy_ratio": 0.017703743651509285, "upper_low_energy_ratio": 0.001245405524969101, "high_median_power": 4.173974514007568, "high_p95_power": 71.02889251708984}
{"id": 23172, "genre": "Rock", "frames": 2994, "active_frames": 603, "active_fraction": 0.20140280561122245, "high_low_energy_ratio": 0.0020243912003934383, "upper_low_energy_ratio": 0.0004170920292381197, "high_median_power": 0.22219820320606232, "high_p95_power": 105.8555679321289}
{"id": 42044, "genre": "Rock", "frames": 2994, "active_frames": 2151, "active_fraction": 0.718436873747495, "high_low_energy_ratio": 0.0022786464542150497, "upper_low_energy_ratio": 0.00031479180324822664, "high_median_power": 49.60370635986328, "high_p95_power": 192.06402587890625}
overall_frames 191616 active_frames 45693
