[#70cab0 0B/0B CN:1 DL:0B]
[#70cab0 0B/0B CN:1 DL:0B]
[#70cab0 0B/0B CN:1 DL:0B]
[#70cab0 0B/0B CN:1 DL:0B]
[#70cab0 0B/7.1GiB(0%) CN:1 DL:0B] [FileAlloc:#70cab0 2.2GiB/7.1GiB(32%)]
[#70cab0 0B/7.1GiB(0%) CN:1 DL:0B] [FileAlloc:#70cab0 5.9GiB/7.1GiB(82%)]
[#70cab0 0B/7.1GiB(0%) CN:16 DL:0B]
[#70cab0 368KiB/7.1GiB(0%) CN:16 DL:206KiB ETA:10h6m19s]
[#70cab0 2.9MiB/7.1GiB(0%) CN:16 DL:0.9MiB ETA:2h14m38s]
[#70cab0 6.5MiB/7.1GiB(0%) CN:16 DL:1.5MiB ETA:1h20m27s]
[#70cab0 10MiB/7.1GiB(0%) CN:16 DL:1.8MiB ETA:1h4m32s]
[#70cab0 15MiB/7.1GiB(0%) CN:16 DL:2.3MiB ETA:51m5s]
[#70cab0 20MiB/7.1GiB(0%) CN:16 DL:2.8MiB ETA:43m25s]
[#70cab0 25MiB/7.1GiB(0%) CN:16 DL:3.0MiB ETA:39m53s]
[#70cab0 30MiB/7.1GiB(0%) CN:16 DL:3.2MiB ETA:37m23s]
[#70cab0 35MiB/7.1GiB(0%) CN:16 DL:3.7MiB ETA:32m1s]
[#70cab0 40MiB/7.1GiB(0%) CN:16 DL:4.2MiB ETA:28m25s]
[#70cab0 45MiB/7.1GiB(0%) CN:16 DL:4.6MiB ETA:25m56s]
[#70cab0 50MiB/7.1GiB(0%) CN:16 DL:4.8MiB ETA:24m48s]
[#70cab0 56MiB/7.1GiB(0%) CN:16 DL:5.0MiB ETA:23m49s]
[#70cab0 62MiB/7.1GiB(0%) CN:16 DL:5.1MiB ETA:23m37s]
[#70cab0 68MiB/7.1GiB(0%) CN:16 DL:5.3MiB ETA:22m38s]
[#70cab0 76MiB/7.1GiB(1%) CN:16 DL:5.5MiB ETA:21m46s]
[#70cab0 83MiB/7.1GiB(1%) CN:16 DL:5.8MiB ETA:20m33s]
[#70cab0 92MiB/7.1GiB(1%) CN:16 DL:6.2MiB ETA:19m26s]
[#70cab0 100MiB/7.1GiB(1%) CN:16 DL:6.5MiB ETA:18m19s]
[#70cab0 109MiB/7.1GiB(1%) CN:16 DL:6.9MiB ETA:17m16s]
[#70cab0 117MiB/7.1GiB(1%) CN:16 DL:7.2MiB ETA:16m40s]
[#70cab0 124MiB/7.1GiB(1%) CN:16 DL:7.4MiB ETA:16m6s]
[#70cab0 132MiB/7.1GiB(1%) CN:16 DL:7.7MiB ETA:15m31s]
[#70cab0 140MiB/7.1GiB(1%) CN:16 DL:7.9MiB ETA:15m6s]
[#70cab0 149MiB/7.1GiB(2%) CN:16 DL:8.0MiB ETA:14m50s]
[#70cab0 157MiB/7.1GiB(2%) CN:16 DL:8.1MiB ETA:14m37s]
[#70cab0 165MiB/7.1GiB(2%) CN:16 DL:8.3MiB ETA:14m21s]
[#70cab0 174MiB/7.1GiB(2%) CN:16 DL:8.3MiB ETA:14m17s]
[#70cab0 183MiB/7.1GiB(2%) CN:16 DL:8.3MiB ETA:14m12s]
[#70cab0 193MiB/7.1GiB(2%) CN:16 DL:8.5MiB ETA:13m58s]
[#70cab0 203MiB/7.1GiB(2%) CN:16 DL:8.7MiB ETA:13m37s]
[#70cab0 214MiB/7.1GiB(2%) CN:16 DL:9.0MiB ETA:13m4s]
[#70cab0 226MiB/7.1GiB(3%) CN:16 DL:9.4MiB ETA:12m31s]
[#70cab0 237MiB/7.1GiB(3%) CN:16 DL:9.7MiB ETA:12m6s]
[#70cab0 247MiB/7.1GiB(3%) CN:16 DL:9.9MiB ETA:11m47s]
[#70cab0 257MiB/7.1GiB(3%) CN:16 DL:10MiB ETA:11m36s]
[#70cab0 269MiB/7.1GiB(3%) CN:16 DL:10MiB ETA:11m13s]
[#70cab0 278MiB/7.1GiB(3%) CN:16 DL:10MiB ETA:11m5s]
[#70cab0 289MiB/7.1GiB(3%) CN:16 DL:10MiB ETA:10m54s]
[#70cab0 299MiB/7.1GiB(4%) CN:16 DL:10MiB ETA:10m55s]
[#70cab0 309MiB/7.1GiB(4%) CN:16 DL:10MiB ETA:10m54s]
[#70cab0 320MiB/7.1GiB(4%) CN:16 DL:10MiB ETA:10m56s]
[#70cab0 331MiB/7.1GiB(4%) CN:16 DL:10MiB ETA:11m2s]
[#70cab0 341MiB/7.1GiB(4%) CN:16 DL:10MiB ETA:11m2s]
[#70cab0 351MiB/7.1GiB(4%) CN:16 DL:10MiB ETA:11m5s]
[#70cab0 362MiB/7.1GiB(4%) CN:16 DL:10MiB ETA:11m9s]
[#70cab0 372MiB/7.1GiB(5%) CN:16 DL:10MiB ETA:11m8s]
[#70cab0 382MiB/7.1GiB(5%) CN:16 DL:10MiB ETA:11m6s]
[#70cab0 393MiB/7.1GiB(5%) CN:16 DL:10MiB ETA:11m2s]
[#70cab0 404MiB/7.1GiB(5%) CN:16 DL:10MiB ETA:10m52s]
[#70cab0 415MiB/7.1GiB(5%) CN:16 DL:10MiB ETA:10m48s]
[#70cab0 427MiB/7.1GiB(5%) CN:16 DL:10MiB ETA:10m45s]
[#70cab0 438MiB/7.1GiB(5%) CN:16 DL:10MiB ETA:10m38s]
[#70cab0 448MiB/7.1GiB(6%) CN:16 DL:10MiB ETA:10m38s]
[#70cab0 459MiB/7.1GiB(6%) CN:16 DL:10MiB ETA:10m33s]
[#70cab0 471MiB/7.1GiB(6%) CN:16 DL:11MiB ETA:10m19s]
[#70cab0 482MiB/7.1GiB(6%) CN:16 DL:11MiB ETA:10m13s]
[#70cab0 492MiB/7.1GiB(6%) CN:16 DL:11MiB ETA:10m18s]
[#70cab0 501MiB/7.1GiB(6%) CN:16 DL:10MiB ETA:10m28s]
[#70cab0 506MiB/7.1GiB(6%) CN:16 DL:10MiB ETA:11m4s]
[#70cab0 510MiB/7.1GiB(6%) CN:16 DL:9.4MiB ETA:12m4s]
[#70cab0 513MiB/7.1GiB(7%) CN:16 DL:8.5MiB ETA:13m15s]
[#70cab0 516MiB/7.1GiB(7%) CN:16 DL:7.5MiB ETA:14m58s]
[#70cab0 520MiB/7.1GiB(7%) CN:16 DL:6.7MiB ETA:16m52s]
[#70cab0 522MiB/7.1GiB(7%) CN:16 DL:5.8MiB ETA:19m31s]
[#70cab0 525MiB/7.1GiB(7%) CN:16 DL:4.9MiB ETA:23m4s]
[#70cab0 529MiB/7.1GiB(7%) CN:16 DL:4.2MiB ETA:26m32s]
[#70cab0 533MiB/7.1GiB(7%) CN:16 DL:3.7MiB ETA:30m21s]
[#70cab0 537MiB/7.1GiB(7%) CN:16 DL:3.3MiB ETA:34m3s]
[#70cab0 542MiB/7.1GiB(7%) CN:16 DL:3.3MiB ETA:34m8s]
[#70cab0 546MiB/7.1GiB(7%) CN:16 DL:3.4MiB ETA:32m26s]
[#70cab0 551MiB/7.1GiB(7%) CN:16 DL:3.6MiB ETA:30m49s]
[#70cab0 556MiB/7.1GiB(7%) CN:16 DL:3.9MiB ETA:28m19s]
[#70cab0 563MiB/7.1GiB(7%) CN:16 DL:4.3MiB ETA:25m37s]
[#70cab0 570MiB/7.1GiB(7%) CN:16 DL:4.9MiB ETA:22m50s]
[#70cab0 577MiB/7.1GiB(7%) CN:16 DL:5.2MiB ETA:21m17s]
[#70cab0 585MiB/7.1GiB(7%) CN:16 DL:5.7MiB ETA:19m28s]
[#70cab0 595MiB/7.1GiB(8%) CN:16 DL:6.3MiB ETA:17m44s]
[#70cab0 606MiB/7.1GiB(8%) CN:16 DL:7.0MiB ETA:15m50s]
[#70cab0 616MiB/7.1GiB(8%) CN:16 DL:7.7MiB ETA:14m29s]
[#70cab0 626MiB/7.1GiB(8%) CN:16 DL:8.2MiB ETA:13m33s]
[#70cab0 635MiB/7.1GiB(8%) CN:16 DL:8.6MiB ETA:12m50s]
[#70cab0 646MiB/7.1GiB(8%) CN:16 DL:9.1MiB ETA:12m7s]
[#70cab0 656MiB/7.1GiB(8%) CN:16 DL:9.5MiB ETA:11m40s]
[#70cab0 666MiB/7.1GiB(9%) CN:16 DL:9.8MiB ETA:11m15s]
[#70cab0 675MiB/7.1GiB(9%) CN:16 DL:10MiB ETA:11m1s]
[#70cab0 684MiB/7.1GiB(9%) CN:16 DL:10MiB ETA:11m3s]
[#70cab0 692MiB/7.1GiB(9%) CN:16 DL:9.7MiB ETA:11m22s]
[#70cab0 700MiB/7.1GiB(9%) CN:16 DL:9.4MiB ETA:11m42s]
[#70cab0 708MiB/7.1GiB(9%) CN:16 DL:9.2MiB ETA:11m56s]
[#70cab0 717MiB/7.1GiB(9%) CN:16 DL:9.1MiB ETA:12m1s]
[#70cab0 727MiB/7.1GiB(9%) CN:16 DL:9.1MiB ETA:12m4s]
[#70cab0 736MiB/7.1GiB(10%) CN:16 DL:8.9MiB ETA:12m16s]
[#70cab0 746MiB/7.1GiB(10%) CN:16 DL:8.9MiB ETA:12m11s]
[#70cab0 757MiB/7.1GiB(10%) CN:16 DL:9.1MiB ETA:12m]
[#70cab0 768MiB/7.1GiB(10%) CN:16 DL:9.3MiB ETA:11m39s]
[#70cab0 780MiB/7.1GiB(10%) CN:16 DL:9.7MiB ETA:11m7s]
[#70cab0 791MiB/7.1GiB(10%) CN:16 DL:10MiB ETA:10m40s]
[#70cab0 804MiB/7.1GiB(10%) CN:16 DL:10MiB ETA:10m10s]
[#70cab0 815MiB/7.1GiB(11%) CN:16 DL:11MiB ETA:9m51s]
[#70cab0 827MiB/7.1GiB(11%) CN:16 DL:11MiB ETA:9m35s]
[#70cab0 841MiB/7.1GiB(11%) CN:16 DL:11MiB ETA:9m16s]
[#70cab0 855MiB/7.1GiB(11%) CN:16 DL:12MiB ETA:8m52s]
[#70cab0 869MiB/7.1GiB(11%) CN:16 DL:12MiB ETA:8m32s]
[#70cab0 882MiB/7.1GiB(12%) CN:16 DL:12MiB ETA:8m23s]
[#70cab0 894MiB/7.1GiB(12%) CN:16 DL:12MiB ETA:8m21s]
[#70cab0 906MiB/7.1GiB(12%) CN:16 DL:12MiB ETA:8m17s]
[#70cab0 918MiB/7.1GiB(12%) CN:16 DL:12MiB ETA:8m19s]
[#70cab0 0.9GiB/7.1GiB(12%) CN:16 DL:12MiB ETA:8m21s]
[#70cab0 0.9GiB/7.1GiB(12%) CN:16 DL:12MiB ETA:8m18s]
[#70cab0 0.9GiB/7.1GiB(13%) CN:16 DL:12MiB ETA:8m10s]
[#70cab0 0.9GiB/7.1GiB(13%) CN:16 DL:12MiB ETA:8m8s]
[#70cab0 0.9GiB/7.1GiB(13%) CN:16 DL:13MiB ETA:8m3s]
[#70cab0 0.9GiB/7.1GiB(13%) CN:16 DL:13MiB ETA:8m3s]
[#70cab0 0.9GiB/7.1GiB(13%) CN:16 DL:12MiB ETA:8m8s]
[#70cab0 0.9GiB/7.1GiB(13%) CN:16 DL:12MiB ETA:8m14s]
[#70cab0 1.0GiB/7.1GiB(14%) CN:16 DL:12MiB ETA:8m22s]
[#70cab0 1.0GiB/7.1GiB(14%) CN:16 DL:12MiB ETA:8m25s]
[#70cab0 1.0GiB/7.1GiB(14%) CN:16 DL:12MiB ETA:8m28s]
[#70cab0 1.0GiB/7.1GiB(14%) CN:16 DL:12MiB ETA:8m29s]
[#70cab0 1.0GiB/7.1GiB(14%) CN:16 DL:11MiB ETA:8m46s]
[#70cab0 1.0GiB/7.1GiB(14%) CN:16 DL:10MiB ETA:9m58s]
[#70cab0 1.0GiB/7.1GiB(14%) CN:16 DL:9.3MiB ETA:11m4s]
[#70cab0 1.0GiB/7.1GiB(14%) CN:16 DL:8.5MiB ETA:12m9s]
[#70cab0 1.0GiB/7.1GiB(14%) CN:16 DL:7.9MiB ETA:13m5s]
[#70cab0 1.0GiB/7.1GiB(14%) CN:16 DL:7.1MiB ETA:14m31s]
[#70cab0 1.0GiB/7.1GiB(15%) CN:16 DL:6.3MiB ETA:16m25s]
[#70cab0 1.0GiB/7.1GiB(15%) CN:16 DL:5.6MiB ETA:18m17s]
[#70cab0 1.0GiB/7.1GiB(15%) CN:16 DL:4.8MiB ETA:21m11s]
[#70cab0 1.0GiB/7.1GiB(15%) CN:16 DL:4.6MiB ETA:22m20s]
[#70cab0 1.0GiB/7.1GiB(15%) CN:16 DL:4.6MiB ETA:22m]
[#70cab0 1.1GiB/7.1GiB(15%) CN:16 DL:4.9MiB ETA:20m48s]
[#70cab0 1.1GiB/7.1GiB(15%) CN:16 DL:5.1MiB ETA:20m11s]
[#70cab0 1.1GiB/7.1GiB(15%) CN:16 DL:5.4MiB ETA:18m55s]
[#70cab0 1.1GiB/7.1GiB(15%) CN:16 DL:5.9MiB ETA:17m20s]
[#70cab0 1.1GiB/7.1GiB(15%) CN:16 DL:6.6MiB ETA:15m23s]
[#70cab0 1.1GiB/7.1GiB(16%) CN:16 DL:7.6MiB ETA:13m28s]
[#70cab0 1.1GiB/7.1GiB(16%) CN:16 DL:8.4MiB ETA:12m8s]
[#70cab0 1.1GiB/7.1GiB(16%) CN:16 DL:9.4MiB ETA:10m48s]
[#70cab0 1.1GiB/7.1GiB(16%) CN:16 DL:10MiB ETA:9m43s]
[#70cab0 1.2GiB/7.1GiB(16%) CN:16 DL:11MiB ETA:8m51s]
[#70cab0 1.2GiB/7.1GiB(17%) CN:16 DL:12MiB ETA:8m19s]
[#70cab0 1.2GiB/7.1GiB(17%) CN:16 DL:12MiB ETA:7m49s]
[#70cab0 1.2GiB/7.1GiB(17%) CN:16 DL:13MiB ETA:7m22s]
[#70cab0 1.2GiB/7.1GiB(17%) CN:16 DL:14MiB ETA:7m2s]
[#70cab0 1.2GiB/7.1GiB(17%) CN:16 DL:14MiB ETA:6m48s]
[#70cab0 1.2GiB/7.1GiB(18%) CN:16 DL:15MiB ETA:6m37s]
[#70cab0 1.3GiB/7.1GiB(18%) CN:16 DL:15MiB ETA:6m36s]
[#70cab0 1.3GiB/7.1GiB(18%) CN:16 DL:14MiB ETA:6m41s]
[#70cab0 1.3GiB/7.1GiB(18%) CN:16 DL:14MiB ETA:6m46s]
[#70cab0 1.3GiB/7.1GiB(18%) CN:16 DL:14MiB ETA:6m45s]
[#70cab0 1.3GiB/7.1GiB(19%) CN:16 DL:14MiB ETA:6m46s]
[#70cab0 1.3GiB/7.1GiB(19%) CN:16 DL:14MiB ETA:6m48s]
[#70cab0 1.3GiB/7.1GiB(19%) CN:16 DL:14MiB ETA:6m50s]
[#70cab0 1.4GiB/7.1GiB(19%) CN:16 DL:14MiB ETA:6m55s]
[#70cab0 1.4GiB/7.1GiB(19%) CN:16 DL:13MiB ETA:7m3s]
[#70cab0 1.4GiB/7.1GiB(19%) CN:16 DL:13MiB ETA:7m5s]
[#70cab0 1.4GiB/7.1GiB(20%) CN:16 DL:13MiB ETA:7m5s]
[#70cab0 1.4GiB/7.1GiB(20%) CN:16 DL:13MiB ETA:7m1s]
[#70cab0 1.4GiB/7.1GiB(20%) CN:16 DL:14MiB ETA:6m53s]
[#70cab0 1.4GiB/7.1GiB(20%) CN:16 DL:14MiB ETA:6m48s]
[#70cab0 1.5GiB/7.1GiB(20%) CN:16 DL:14MiB ETA:6m41s]
[#70cab0 1.5GiB/7.1GiB(21%) CN:16 DL:14MiB ETA:6m38s]
[#70cab0 1.5GiB/7.1GiB(21%) CN:16 DL:14MiB ETA:6m34s]
[#70cab0 1.5GiB/7.1GiB(21%) CN:16 DL:14MiB ETA:6m31s]
[#70cab0 1.5GiB/7.1GiB(21%) CN:16 DL:14MiB ETA:6m33s]
[#70cab0 1.5GiB/7.1GiB(21%) CN:16 DL:14MiB ETA:6m40s]
[#70cab0 1.5GiB/7.1GiB(22%) CN:16 DL:14MiB ETA:6m46s]
[#70cab0 1.5GiB/7.1GiB(22%) CN:16 DL:13MiB ETA:6m53s]
[#70cab0 1.6GiB/7.1GiB(22%) CN:16 DL:13MiB ETA:7m]
[#70cab0 1.6GiB/7.1GiB(22%) CN:16 DL:13MiB ETA:6m56s]
[#70cab0 1.6GiB/7.1GiB(22%) CN:16 DL:13MiB ETA:7m1s]
[#70cab0 1.6GiB/7.1GiB(22%) CN:16 DL:13MiB ETA:7m7s]
[#70cab0 1.6GiB/7.1GiB(23%) CN:16 DL:12MiB ETA:7m16s]
[#70cab0 1.6GiB/7.1GiB(23%) CN:16 DL:12MiB ETA:7m18s]
[#70cab0 1.6GiB/7.1GiB(23%) CN:16 DL:12MiB ETA:7m17s]
[#70cab0 1.6GiB/7.1GiB(23%) CN:16 DL:12MiB ETA:7m16s]
[#70cab0 1.7GiB/7.1GiB(23%) CN:16 DL:12MiB ETA:7m18s]
[#70cab0 1.7GiB/7.1GiB(23%) CN:16 DL:12MiB ETA:7m21s]
[#70cab0 1.7GiB/7.1GiB(24%) CN:16 DL:12MiB ETA:7m21s]
[#70cab0 1.7GiB/7.1GiB(24%) CN:16 DL:12MiB ETA:7m21s]
[#70cab0 1.7GiB/7.1GiB(24%) CN:16 DL:12MiB ETA:7m17s]
[#70cab0 1.7GiB/7.1GiB(24%) CN:16 DL:11MiB ETA:7m50s]
[#70cab0 1.7GiB/7.1GiB(24%) CN:16 DL:10MiB ETA:8m23s]
[#70cab0 1.7GiB/7.1GiB(24%) CN:16 DL:10MiB ETA:8m56s]
[#70cab0 1.7GiB/7.1GiB(24%) CN:16 DL:9.4MiB ETA:9m41s]
[#70cab0 1.7GiB/7.1GiB(24%) CN:16 DL:8.4MiB ETA:10m48s]
[#70cab0 1.7GiB/7.1GiB(24%) CN:16 DL:7.4MiB ETA:12m21s]
[#70cab0 1.7GiB/7.1GiB(24%) CN:16 DL:6.3MiB ETA:14m19s]
[#70cab0 1.7GiB/7.1GiB(25%) CN:16 DL:5.4MiB ETA:16m40s]
[#70cab0 1.7GiB/7.1GiB(25%) CN:16 DL:4.6MiB ETA:19m48s]
[#70cab0 1.7GiB/7.1GiB(25%) CN:16 DL:4.6MiB ETA:19m50s]
[#70cab0 1.8GiB/7.1GiB(25%) CN:16 DL:4.5MiB ETA:19m58s]
[#70cab0 1.8GiB/7.1GiB(25%) CN:16 DL:4.4MiB ETA:20m31s]
[#70cab0 1.8GiB/7.1GiB(25%) CN:16 DL:4.5MiB ETA:20m10s]
[#70cab0 1.8GiB/7.1GiB(25%) CN:16 DL:4.8MiB ETA:18m37s]
[#70cab0 1.8GiB/7.1GiB(25%) CN:16 DL:5.4MiB ETA:16m35s]
[#70cab0 1.8GiB/7.1GiB(25%) CN:16 DL:6.2MiB ETA:14m34s]
[#70cab0 1.8GiB/7.1GiB(25%) CN:16 DL:6.9MiB ETA:13m6s]
[#70cab0 1.8GiB/7.1GiB(26%) CN:16 DL:7.7MiB ETA:11m35s]
[#70cab0 1.8GiB/7.1GiB(26%) CN:16 DL:8.6MiB ETA:10m27s]
[#70cab0 1.8GiB/7.1GiB(26%) CN:16 DL:9.6MiB ETA:9m20s]
[#70cab0 1.9GiB/7.1GiB(26%) CN:16 DL:10MiB ETA:8m23s]
[#70cab0 1.9GiB/7.1GiB(26%) CN:16 DL:11MiB ETA:7m40s]
[#70cab0 1.9GiB/7.1GiB(26%) CN:16 DL:11MiB ETA:7m30s]
[#70cab0 1.9GiB/7.1GiB(27%) CN:16 DL:12MiB ETA:7m3s]
[#70cab0 1.9GiB/7.1GiB(27%) CN:16 DL:13MiB ETA:6m46s]
[#70cab0 1.9GiB/7.1GiB(27%) CN:16 DL:13MiB ETA:6m36s]
[#70cab0 1.9GiB/7.1GiB(27%) CN:16 DL:13MiB ETA:6m32s]
[#70cab0 1.9GiB/7.1GiB(27%) CN:16 DL:13MiB ETA:6m32s]
[#70cab0 2.0GiB/7.1GiB(28%) CN:16 DL:13MiB ETA:6m29s]
[#70cab0 2.0GiB/7.1GiB(28%) CN:16 DL:13MiB ETA:6m30s]
[#70cab0 2.0GiB/7.1GiB(28%) CN:16 DL:13MiB ETA:6m35s]
[#70cab0 2.0GiB/7.1GiB(28%) CN:16 DL:13MiB ETA:6m37s]
[#70cab0 2.0GiB/7.1GiB(28%) CN:16 DL:13MiB ETA:6m36s]
[#70cab0 2.0GiB/7.1GiB(28%) CN:16 DL:13MiB ETA:6m35s]
[#70cab0 2.0GiB/7.1GiB(29%) CN:16 DL:13MiB ETA:6m32s]
[#70cab0 2.1GiB/7.1GiB(29%) CN:16 DL:13MiB ETA:6m20s]
[#70cab0 2.1GiB/7.1GiB(29%) CN:16 DL:14MiB ETA:6m6s]
[#70cab0 2.1GiB/7.1GiB(29%) CN:16 DL:14MiB ETA:5m54s]
[#70cab0 2.1GiB/7.1GiB(30%) CN:16 DL:14MiB ETA:5m47s]
[#70cab0 2.1GiB/7.1GiB(30%) CN:16 DL:15MiB ETA:5m39s]
[#70cab0 2.1GiB/7.1GiB(30%) CN:16 DL:15MiB ETA:5m35s]
[#70cab0 2.1GiB/7.1GiB(30%) CN:16 DL:15MiB ETA:5m32s]
[#70cab0 2.2GiB/7.1GiB(30%) CN:16 DL:15MiB ETA:5m31s]
[#70cab0 2.2GiB/7.1GiB(31%) CN:16 DL:15MiB ETA:5m32s]
[#70cab0 2.2GiB/7.1GiB(31%) CN:16 DL:14MiB ETA:5m35s]
[#70cab0 2.2GiB/7.1GiB(31%) CN:16 DL:14MiB ETA:5m42s]
[#70cab0 2.2GiB/7.1GiB(31%) CN:16 DL:14MiB ETA:5m50s]
[#70cab0 2.2GiB/7.1GiB(31%) CN:16 DL:13MiB ETA:6m2s]
[#70cab0 2.2GiB/7.1GiB(31%) CN:16 DL:13MiB ETA:6m8s]
[#70cab0 2.2GiB/7.1GiB(32%) CN:16 DL:13MiB ETA:6m20s]
[#70cab0 2.3GiB/7.1GiB(32%) CN:16 DL:12MiB ETA:6m29s]
[#70cab0 2.3GiB/7.1GiB(32%) CN:16 DL:12MiB ETA:6m36s]
[#70cab0 2.3GiB/7.1GiB(32%) CN:16 DL:12MiB ETA:6m37s]
[#70cab0 2.3GiB/7.1GiB(32%) CN:16 DL:12MiB ETA:6m37s]
[#70cab0 2.3GiB/7.1GiB(32%) CN:16 DL:12MiB ETA:6m38s]
[#70cab0 2.3GiB/7.1GiB(33%) CN:16 DL:12MiB ETA:6m37s]
[#70cab0 2.3GiB/7.1GiB(33%) CN:16 DL:12MiB ETA:6m34s]
[#70cab0 2.3GiB/7.1GiB(33%) CN:16 DL:12MiB ETA:6m30s]
[#70cab0 2.4GiB/7.1GiB(33%) CN:16 DL:12MiB ETA:6m24s]
[#70cab0 2.4GiB/7.1GiB(33%) CN:16 DL:12MiB ETA:6m18s]
[#70cab0 2.4GiB/7.1GiB(33%) CN:16 DL:13MiB ETA:6m9s]
[#70cab0 2.4GiB/7.1GiB(34%) CN:16 DL:12MiB ETA:6m17s]
[#70cab0 2.4GiB/7.1GiB(34%) CN:16 DL:12MiB ETA:6m38s]
[#70cab0 2.4GiB/7.1GiB(34%) CN:16 DL:11MiB ETA:7m11s]
[#70cab0 2.4GiB/7.1GiB(34%) CN:16 DL:10MiB ETA:7m48s]
[#70cab0 2.4GiB/7.1GiB(34%) CN:16 DL:9.1MiB ETA:8m43s]
[#70cab0 2.4GiB/7.1GiB(34%) CN:16 DL:8.0MiB ETA:9m54s]
[#70cab0 2.4GiB/7.1GiB(34%) CN:16 DL:6.9MiB ETA:11m28s]
[#70cab0 2.4GiB/7.1GiB(34%) CN:16 DL:6.0MiB ETA:13m17s]
[#70cab0 2.4GiB/7.1GiB(34%) CN:16 DL:5.0MiB ETA:15m56s]
[#70cab0 2.4GiB/7.1GiB(34%) CN:16 DL:4.0MiB ETA:19m28s]
[#70cab0 2.4GiB/7.1GiB(34%) CN:16 DL:3.7MiB ETA:21m15s]
[#70cab0 2.4GiB/7.1GiB(34%) CN:16 DL:3.7MiB ETA:21m24s]
[#70cab0 2.4GiB/7.1GiB(34%) CN:16 DL:3.7MiB ETA:21m19s]
[#70cab0 2.4GiB/7.1GiB(34%) CN:16 DL:4.0MiB ETA:19m31s]
[#70cab0 2.5GiB/7.1GiB(34%) CN:16 DL:4.5MiB ETA:17m33s]
[#70cab0 2.5GiB/7.1GiB(35%) CN:16 DL:5.2MiB ETA:15m7s]
[#70cab0 2.5GiB/7.1GiB(35%) CN:16 DL:6.0MiB ETA:12m59s]
[#70cab0 2.5GiB/7.1GiB(35%) CN:16 DL:6.8MiB ETA:11m34s]
[#70cab0 2.5GiB/7.1GiB(35%) CN:16 DL:7.5MiB ETA:10m26s]
[#70cab0 2.5GiB/7.1GiB(35%) CN:16 DL:8.1MiB ETA:9m35s]
[#70cab0 2.5GiB/7.1GiB(35%) CN:16 DL:8.7MiB ETA:8m58s]
[#70cab0 2.5GiB/7.1GiB(35%) CN:16 DL:9.2MiB ETA:8m25s]
[#70cab0 2.5GiB/7.1GiB(36%) CN:16 DL:9.7MiB ETA:7m59s]
[#70cab0 2.5GiB/7.1GiB(36%) CN:16 DL:10MiB ETA:7m42s]
[#70cab0 2.5GiB/7.1GiB(36%) CN:16 DL:10MiB ETA:7m31s]
[#70cab0 2.6GiB/7.1GiB(36%) CN:16 DL:10MiB ETA:7m29s]
[#70cab0 2.6GiB/7.1GiB(36%) CN:16 DL:10MiB ETA:7m22s]
[#70cab0 2.6GiB/7.1GiB(36%) CN:16 DL:10MiB ETA:7m13s]
[#70cab0 2.6GiB/7.1GiB(37%) CN:16 DL:11MiB ETA:6m58s]
[#70cab0 2.6GiB/7.1GiB(37%) CN:16 DL:11MiB ETA:6m36s]
[#70cab0 2.6GiB/7.1GiB(37%) CN:16 DL:12MiB ETA:6m15s]
[#70cab0 2.6GiB/7.1GiB(37%) CN:16 DL:12MiB ETA:5m55s]
[#70cab0 2.7GiB/7.1GiB(37%) CN:16 DL:13MiB ETA:5m36s]
[#70cab0 2.7GiB/7.1GiB(38%) CN:16 DL:14MiB ETA:5m23s]
[#70cab0 2.7GiB/7.1GiB(38%) CN:16 DL:14MiB ETA:5m11s]
[#70cab0 2.7GiB/7.1GiB(38%) CN:16 DL:14MiB ETA:5m2s]
[#70cab0 2.7GiB/7.1GiB(38%) CN:16 DL:15MiB ETA:4m58s]
[#70cab0 2.7GiB/7.1GiB(38%) CN:16 DL:15MiB ETA:4m53s]
[#70cab0 2.7GiB/7.1GiB(39%) CN:16 DL:15MiB ETA:4m50s]
[#70cab0 2.8GiB/7.1GiB(39%) CN:16 DL:15MiB ETA:4m52s]
[#70cab0 2.8GiB/7.1GiB(39%) CN:16 DL:14MiB ETA:4m56s]
[#70cab0 2.8GiB/7.1GiB(39%) CN:16 DL:14MiB ETA:5m4s]
[#70cab0 2.8GiB/7.1GiB(39%) CN:16 DL:13MiB ETA:5m18s]
[#70cab0 2.8GiB/7.1GiB(39%) CN:16 DL:13MiB ETA:5m28s]
[#70cab0 2.8GiB/7.1GiB(40%) CN:16 DL:13MiB ETA:5m35s]
[#70cab0 2.8GiB/7.1GiB(40%) CN:16 DL:12MiB ETA:5m47s]
[#70cab0 2.8GiB/7.1GiB(40%) CN:16 DL:12MiB ETA:6m3s]
[#70cab0 2.8GiB/7.1GiB(40%) CN:16 DL:11MiB ETA:6m20s]
[#70cab0 2.9GiB/7.1GiB(40%) CN:16 DL:11MiB ETA:6m30s]
[#70cab0 2.9GiB/7.1GiB(40%) CN:16 DL:10MiB ETA:6m43s]
[#70cab0 2.9GiB/7.1GiB(40%) CN:16 DL:10MiB ETA:6m45s]
[#70cab0 2.9GiB/7.1GiB(41%) CN:16 DL:10MiB ETA:6m38s]
[#70cab0 2.9GiB/7.1GiB(41%) CN:16 DL:11MiB ETA:6m27s]
[#70cab0 2.9GiB/7.1GiB(41%) CN:16 DL:11MiB ETA:6m14s]
[#70cab0 2.9GiB/7.1GiB(41%) CN:16 DL:11MiB ETA:5m59s]
[#70cab0 2.9GiB/7.1GiB(41%) CN:16 DL:12MiB ETA:5m41s]
[#70cab0 3.0GiB/7.1GiB(42%) CN:16 DL:13MiB ETA:5m24s]
[#70cab0 3.0GiB/7.1GiB(42%) CN:16 DL:13MiB ETA:5m13s]
[#70cab0 3.0GiB/7.1GiB(42%) CN:16 DL:13MiB ETA:5m5s]
[#70cab0 3.0GiB/7.1GiB(42%) CN:16 DL:14MiB ETA:4m59s]
[#70cab0 3.0GiB/7.1GiB(42%) CN:16 DL:13MiB ETA:5m]
[#70cab0 3.0GiB/7.1GiB(42%) CN:16 DL:13MiB ETA:5m1s]
[#70cab0 3.0GiB/7.1GiB(43%) CN:16 DL:12MiB ETA:5m23s]
[#70cab0 3.0GiB/7.1GiB(43%) CN:16 DL:11MiB ETA:5m52s]
[#70cab0 3.0GiB/7.1GiB(43%) CN:16 DL:10MiB ETA:6m34s]
[#70cab0 3.0GiB/7.1GiB(43%) CN:16 DL:9.2MiB ETA:7m29s]
[#70cab0 3.0GiB/7.1GiB(43%) CN:16 DL:8.0MiB ETA:8m36s]
[#70cab0 3.0GiB/7.1GiB(43%) CN:16 DL:6.9MiB ETA:10m1s]
[#70cab0 3.1GiB/7.1GiB(43%) CN:16 DL:5.8MiB ETA:11m46s]
[#70cab0 3.1GiB/7.1GiB(43%) CN:16 DL:5.0MiB ETA:13m40s]
[#70cab0 3.1GiB/7.1GiB(43%) CN:16 DL:4.3MiB ETA:15m46s]
[#70cab0 3.1GiB/7.1GiB(43%) CN:16 DL:4.3MiB ETA:15m38s]
[#70cab0 3.1GiB/7.1GiB(43%) CN:16 DL:4.5MiB ETA:15m6s]
[#70cab0 3.1GiB/7.1GiB(43%) CN:16 DL:4.6MiB ETA:14m41s]
[#70cab0 3.1GiB/7.1GiB(43%) CN:16 DL:4.9MiB ETA:13m53s]
[#70cab0 3.1GiB/7.1GiB(43%) CN:16 DL:5.2MiB ETA:12m55s]
[#70cab0 3.1GiB/7.1GiB(44%) CN:16 DL:5.8MiB ETA:11m44s]
[#70cab0 3.1GiB/7.1GiB(44%) CN:16 DL:6.5MiB ETA:10m23s]
[#70cab0 3.1GiB/7.1GiB(44%) CN:16 DL:7.3MiB ETA:9m15s]
[#70cab0 3.1GiB/7.1GiB(44%) CN:16 DL:8.1MiB ETA:8m19s]
[#70cab0 3.2GiB/7.1GiB(44%) CN:16 DL:9.0MiB ETA:7m25s]
[#70cab0 3.2GiB/7.1GiB(44%) CN:16 DL:10MiB ETA:6m36s]
[#70cab0 3.2GiB/7.1GiB(45%) CN:16 DL:11MiB ETA:5m55s]
[#70cab0 3.2GiB/7.1GiB(45%) CN:16 DL:12MiB ETA:5m22s]
[#70cab0 3.2GiB/7.1GiB(45%) CN:16 DL:13MiB ETA:4m56s]
[#70cab0 3.2GiB/7.1GiB(45%) CN:16 DL:14MiB ETA:4m36s]
[#70cab0 3.2GiB/7.1GiB(46%) CN:16 DL:14MiB ETA:4m23s]
[#70cab0 3.3GiB/7.1GiB(46%) CN:16 DL:15MiB ETA:4m16s]
[#70cab0 3.3GiB/7.1GiB(46%) CN:16 DL:15MiB ETA:4m10s]
[#70cab0 3.3GiB/7.1GiB(46%) CN:16 DL:15MiB ETA:4m11s]
[#70cab0 3.3GiB/7.1GiB(46%) CN:16 DL:15MiB ETA:4m12s]
[#70cab0 3.3GiB/7.1GiB(47%) CN:16 DL:15MiB ETA:4m16s]
[#70cab0 3.3GiB/7.1GiB(47%) CN:16 DL:14MiB ETA:4m21s]
[#70cab0 3.3GiB/7.1GiB(47%) CN:16 DL:14MiB ETA:4m24s]
[#70cab0 3.4GiB/7.1GiB(47%) CN:16 DL:14MiB ETA:4m30s]
[#70cab0 3.4GiB/7.1GiB(47%) CN:16 DL:13MiB ETA:4m33s]
[#70cab0 3.4GiB/7.1GiB(47%) CN:16 DL:13MiB ETA:4m35s]
[#70cab0 3.4GiB/7.1GiB(48%) CN:16 DL:13MiB ETA:4m32s]
[#70cab0 3.4GiB/7.1GiB(48%) CN:16 DL:14MiB ETA:4m27s]
[#70cab0 3.4GiB/7.1GiB(48%) CN:16 DL:14MiB ETA:4m20s]
[#70cab0 3.4GiB/7.1GiB(48%) CN:16 DL:14MiB ETA:4m12s]
[#70cab0 3.5GiB/7.1GiB(49%) CN:16 DL:15MiB ETA:4m5s]
[#70cab0 3.5GiB/7.1GiB(49%) CN:16 DL:15MiB ETA:4m1s]
[#70cab0 3.5GiB/7.1GiB(49%) CN:16 DL:15MiB ETA:3m55s]
[#70cab0 3.5GiB/7.1GiB(49%) CN:16 DL:16MiB ETA:3m48s]
[#70cab0 3.5GiB/7.1GiB(49%) CN:16 DL:16MiB ETA:3m44s]
[#70cab0 3.5GiB/7.1GiB(50%) CN:16 DL:16MiB ETA:3m44s]
[#70cab0 3.6GiB/7.1GiB(50%) CN:16 DL:16MiB ETA:3m44s]
[#70cab0 3.6GiB/7.1GiB(50%) CN:16 DL:15MiB ETA:3m47s]
[#70cab0 3.6GiB/7.1GiB(50%) CN:16 DL:15MiB ETA:3m50s]
[#70cab0 3.6GiB/7.1GiB(50%) CN:16 DL:14MiB ETA:3m59s]
[#70cab0 3.6GiB/7.1GiB(51%) CN:16 DL:14MiB ETA:4m8s]
[#70cab0 3.6GiB/7.1GiB(51%) CN:16 DL:13MiB ETA:4m17s]
[#70cab0 3.6GiB/7.1GiB(51%) CN:16 DL:13MiB ETA:4m26s]
[#70cab0 3.6GiB/7.1GiB(51%) CN:16 DL:12MiB ETA:4m35s]
[#70cab0 3.6GiB/7.1GiB(51%) CN:16 DL:12MiB ETA:4m44s]
[#70cab0 3.7GiB/7.1GiB(51%) CN:16 DL:12MiB ETA:4m52s]
[#70cab0 3.7GiB/7.1GiB(51%) CN:16 DL:11MiB ETA:5m3s]
[#70cab0 3.7GiB/7.1GiB(52%) CN:16 DL:11MiB ETA:5m14s]
[#70cab0 3.7GiB/7.1GiB(52%) CN:16 DL:11MiB ETA:5m12s]
[#70cab0 3.7GiB/7.1GiB(52%) CN:16 DL:11MiB ETA:5m9s]
[#70cab0 3.7GiB/7.1GiB(52%) CN:16 DL:11MiB ETA:5m2s]
[#70cab0 3.7GiB/7.1GiB(52%) CN:16 DL:11MiB ETA:4m55s]
[#70cab0 3.7GiB/7.1GiB(52%) CN:16 DL:11MiB ETA:4m58s]
[#70cab0 3.7GiB/7.1GiB(52%) CN:16 DL:10MiB ETA:5m27s]
[#70cab0 3.7GiB/7.1GiB(53%) CN:16 DL:9.8MiB ETA:5m50s]
[#70cab0 3.7GiB/7.1GiB(53%) CN:16 DL:9.2MiB ETA:6m11s]
[#70cab0 3.8GiB/7.1GiB(53%) CN:16 DL:8.5MiB ETA:6m42s]
[#70cab0 3.8GiB/7.1GiB(53%) CN:16 DL:7.4MiB ETA:7m41s]
[#70cab0 3.8GiB/7.1GiB(53%) CN:16 DL:6.2MiB ETA:9m5s]
[#70cab0 3.8GiB/7.1GiB(53%) CN:16 DL:5.1MiB ETA:10m58s]
[#70cab0 3.8GiB/7.1GiB(53%) CN:16 DL:4.1MiB ETA:13m39s]
[#70cab0 3.8GiB/7.1GiB(53%) CN:16 DL:3.4MiB ETA:16m29s]
[#70cab0 3.8GiB/7.1GiB(53%) CN:16 DL:3.5MiB ETA:16m10s]
[#70cab0 3.8GiB/7.1GiB(53%) CN:16 DL:3.3MiB ETA:17m1s]
[#70cab0 3.8GiB/7.1GiB(53%) CN:16 DL:3.1MiB ETA:17m51s]
[#70cab0 3.8GiB/7.1GiB(53%) CN:16 DL:3.2MiB ETA:17m32s]
[#70cab0 3.8GiB/7.1GiB(53%) CN:16 DL:3.5MiB ETA:15m43s]
[#70cab0 3.8GiB/7.1GiB(53%) CN:16 DL:4.1MiB ETA:13m33s]
[#70cab0 3.8GiB/7.1GiB(53%) CN:16 DL:4.9MiB ETA:11m24s]
[#70cab0 3.8GiB/7.1GiB(54%) CN:16 DL:5.6MiB ETA:9m51s]
[#70cab0 3.8GiB/7.1GiB(54%) CN:16 DL:6.8MiB ETA:8m6s]
[#70cab0 3.8GiB/7.1GiB(54%) CN:16 DL:8.3MiB ETA:6m36s]
[#70cab0 3.9GiB/7.1GiB(54%) CN:16 DL:9.7MiB ETA:5m40s]
[#70cab0 3.9GiB/7.1GiB(54%) CN:16 DL:11MiB ETA:4m58s]
[#70cab0 3.9GiB/7.1GiB(55%) CN:16 DL:12MiB ETA:4m27s]
[#70cab0 3.9GiB/7.1GiB(55%) CN:16 DL:13MiB ETA:4m5s]
[#70cab0 3.9GiB/7.1GiB(55%) CN:16 DL:14MiB ETA:3m46s]
[#70cab0 3.9GiB/7.1GiB(55%) CN:16 DL:15MiB ETA:3m33s]
[#70cab0 4.0GiB/7.1GiB(55%) CN:16 DL:15MiB ETA:3m27s]
[#70cab0 4.0GiB/7.1GiB(56%) CN:16 DL:15MiB ETA:3m28s]
[#70cab0 4.0GiB/7.1GiB(56%) CN:16 DL:14MiB ETA:3m34s]
[#70cab0 4.0GiB/7.1GiB(56%) CN:16 DL:14MiB ETA:3m43s]
[#70cab0 4.0GiB/7.1GiB(56%) CN:16 DL:13MiB ETA:3m49s]
[#70cab0 4.0GiB/7.1GiB(56%) CN:16 DL:13MiB ETA:3m55s]
[#70cab0 4.0GiB/7.1GiB(56%) CN:16 DL:13MiB ETA:3m59s]
[#70cab0 4.0GiB/7.1GiB(57%) CN:16 DL:13MiB ETA:4m]
[#70cab0 4.1GiB/7.1GiB(57%) CN:16 DL:12MiB ETA:4m]
[#70cab0 4.1GiB/7.1GiB(57%) CN:16 DL:13MiB ETA:3m56s]
[#70cab0 4.1GiB/7.1GiB(57%) CN:16 DL:13MiB ETA:3m49s]
[#70cab0 4.1GiB/7.1GiB(58%) CN:16 DL:13MiB ETA:3m41s]
[#70cab0 4.1GiB/7.1GiB(58%) CN:16 DL:14MiB ETA:3m32s]
[#70cab0 4.1GiB/7.1GiB(58%) CN:16 DL:14MiB ETA:3m26s]
[#70cab0 4.1GiB/7.1GiB(58%) CN:16 DL:14MiB ETA:3m22s]
[#70cab0 4.2GiB/7.1GiB(58%) CN:16 DL:14MiB ETA:3m21s]
[#70cab0 4.2GiB/7.1GiB(58%) CN:16 DL:14MiB ETA:3m21s]
[#70cab0 4.2GiB/7.1GiB(59%) CN:16 DL:14MiB ETA:3m21s]
[#70cab0 4.2GiB/7.1GiB(59%) CN:16 DL:14MiB ETA:3m26s]
[#70cab0 4.2GiB/7.1GiB(59%) CN:16 DL:13MiB ETA:3m32s]
[#70cab0 4.2GiB/7.1GiB(59%) CN:16 DL:13MiB ETA:3m41s]
[#70cab0 4.2GiB/7.1GiB(59%) CN:16 DL:12MiB ETA:3m48s]
[#70cab0 4.2GiB/7.1GiB(59%) CN:16 DL:12MiB ETA:3m56s]
[#70cab0 4.2GiB/7.1GiB(60%) CN:16 DL:11MiB ETA:4m4s]
[#70cab0 4.3GiB/7.1GiB(60%) CN:16 DL:11MiB ETA:4m7s]
[#70cab0 4.3GiB/7.1GiB(60%) CN:16 DL:11MiB ETA:4m11s]
[#70cab0 4.3GiB/7.1GiB(60%) CN:16 DL:11MiB ETA:4m10s]
[#70cab0 4.3GiB/7.1GiB(60%) CN:16 DL:11MiB ETA:4m5s]
[#70cab0 4.3GiB/7.1GiB(60%) CN:16 DL:11MiB ETA:3m59s]
[#70cab0 4.3GiB/7.1GiB(61%) CN:16 DL:12MiB ETA:3m52s]
[#70cab0 4.3GiB/7.1GiB(61%) CN:16 DL:12MiB ETA:3m47s]
[#70cab0 4.3GiB/7.1GiB(61%) CN:16 DL:12MiB ETA:3m40s]
[#70cab0 4.4GiB/7.1GiB(61%) CN:16 DL:13MiB ETA:3m35s]
[#70cab0 4.4GiB/7.1GiB(61%) CN:16 DL:13MiB ETA:3m29s]
[#70cab0 4.4GiB/7.1GiB(62%) CN:16 DL:13MiB ETA:3m24s]
[#70cab0 4.4GiB/7.1GiB(62%) CN:16 DL:13MiB ETA:3m22s]
[#70cab0 4.4GiB/7.1GiB(62%) CN:16 DL:13MiB ETA:3m28s]
[#70cab0 4.4GiB/7.1GiB(62%) CN:16 DL:11MiB ETA:3m50s]
[#70cab0 4.4GiB/7.1GiB(62%) CN:16 DL:10MiB ETA:4m12s]
[#70cab0 4.4GiB/7.1GiB(62%) CN:16 DL:9.9MiB ETA:4m36s]
[#70cab0 4.4GiB/7.1GiB(62%) CN:16 DL:8.7MiB ETA:5m13s]
[#70cab0 4.4GiB/7.1GiB(62%) CN:16 DL:7.5MiB ETA:6m2s]
[#70cab0 4.4GiB/7.1GiB(62%) CN:16 DL:6.4MiB ETA:7m2s]
[#70cab0 4.4GiB/7.1GiB(62%) CN:16 DL:5.5MiB ETA:8m10s]
[#70cab0 4.4GiB/7.1GiB(62%) CN:16 DL:4.6MiB ETA:9m42s]
[#70cab0 4.4GiB/7.1GiB(62%) CN:16 DL:4.1MiB ETA:10m53s]
[#70cab0 4.5GiB/7.1GiB(62%) CN:16 DL:4.1MiB ETA:10m57s]
[#70cab0 4.5GiB/7.1GiB(63%) CN:16 DL:4.4MiB ETA:10m9s]
[#70cab0 4.5GiB/7.1GiB(63%) CN:16 DL:4.8MiB ETA:9m20s]
[#70cab0 4.5GiB/7.1GiB(63%) CN:16 DL:5.3MiB ETA:8m24s]
[#70cab0 4.5GiB/7.1GiB(63%) CN:16 DL:6.0MiB ETA:7m24s]
[#70cab0 4.5GiB/7.1GiB(63%) CN:16 DL:6.9MiB ETA:6m25s]
[#70cab0 4.5GiB/7.1GiB(63%) CN:16 DL:7.8MiB ETA:5m37s]
[#70cab0 4.5GiB/7.1GiB(63%) CN:16 DL:8.9MiB ETA:4m55s]
[#70cab0 4.5GiB/7.1GiB(64%) CN:16 DL:10MiB ETA:4m19s]
[#70cab0 4.5GiB/7.1GiB(64%) CN:16 DL:11MiB ETA:3m53s]
[#70cab0 4.6GiB/7.1GiB(64%) CN:16 DL:11MiB ETA:3m37s]
[#70cab0 4.6GiB/7.1GiB(64%) CN:16 DL:12MiB ETA:3m25s]
[#70cab0 4.6GiB/7.1GiB(64%) CN:16 DL:13MiB ETA:3m16s]
[#70cab0 4.6GiB/7.1GiB(65%) CN:16 DL:13MiB ETA:3m8s]
[#70cab0 4.6GiB/7.1GiB(65%) CN:16 DL:13MiB ETA:3m2s]
[#70cab0 4.6GiB/7.1GiB(65%) CN:16 DL:14MiB ETA:2m59s]
[#70cab0 4.6GiB/7.1GiB(65%) CN:16 DL:14MiB ETA:2m56s]
[#70cab0 4.7GiB/7.1GiB(65%) CN:16 DL:14MiB ETA:2m55s]
[#70cab0 4.7GiB/7.1GiB(66%) CN:16 DL:14MiB ETA:2m56s]
[#70cab0 4.7GiB/7.1GiB(66%) CN:16 DL:14MiB ETA:2m55s]
[#70cab0 4.7GiB/7.1GiB(66%) CN:16 DL:14MiB ETA:2m50s]
[#70cab0 4.7GiB/7.1GiB(66%) CN:16 DL:14MiB ETA:2m46s]
[#70cab0 4.7GiB/7.1GiB(66%) CN:16 DL:14MiB ETA:2m43s]
[#70cab0 4.7GiB/7.1GiB(67%) CN:16 DL:15MiB ETA:2m39s]
[#70cab0 4.8GiB/7.1GiB(67%) CN:16 DL:15MiB ETA:2m35s]
[#70cab0 4.8GiB/7.1GiB(67%) CN:16 DL:15MiB ETA:2m35s]
[#70cab0 4.8GiB/7.1GiB(67%) CN:16 DL:15MiB ETA:2m37s]
[#70cab0 4.8GiB/7.1GiB(67%) CN:16 DL:14MiB ETA:2m38s]
[#70cab0 4.8GiB/7.1GiB(68%) CN:16 DL:14MiB ETA:2m40s]
[#70cab0 4.8GiB/7.1GiB(68%) CN:16 DL:14MiB ETA:2m44s]
[#70cab0 4.8GiB/7.1GiB(68%) CN:16 DL:13MiB ETA:2m50s]
[#70cab0 4.8GiB/7.1GiB(68%) CN:16 DL:13MiB ETA:2m56s]
[#70cab0 4.9GiB/7.1GiB(68%) CN:16 DL:12MiB ETA:3m1s]
[#70cab0 4.9GiB/7.1GiB(68%) CN:16 DL:12MiB ETA:3m7s]
[#70cab0 4.9GiB/7.1GiB(68%) CN:16 DL:12MiB ETA:3m9s]
[#70cab0 4.9GiB/7.1GiB(69%) CN:16 DL:11MiB ETA:3m8s]
[#70cab0 4.9GiB/7.1GiB(69%) CN:16 DL:12MiB ETA:3m7s]
[#70cab0 4.9GiB/7.1GiB(69%) CN:16 DL:12MiB ETA:3m2s]
[#70cab0 4.9GiB/7.1GiB(69%) CN:16 DL:12MiB ETA:2m58s]
[#70cab0 4.9GiB/7.1GiB(69%) CN:16 DL:12MiB ETA:2m51s]
[#70cab0 5.0GiB/7.1GiB(70%) CN:16 DL:13MiB ETA:2m45s]
[#70cab0 5.0GiB/7.1GiB(70%) CN:16 DL:13MiB ETA:2m41s]
[#70cab0 5.0GiB/7.1GiB(70%) CN:16 DL:13MiB ETA:2m38s]
[#70cab0 5.0GiB/7.1GiB(70%) CN:16 DL:13MiB ETA:2m36s]
[#70cab0 5.0GiB/7.1GiB(70%) CN:16 DL:13MiB ETA:2m35s]
[#70cab0 5.0GiB/7.1GiB(71%) CN:16 DL:13MiB ETA:2m31s]
[#70cab0 5.0GiB/7.1GiB(71%) CN:16 DL:14MiB ETA:2m28s]
[#70cab0 5.1GiB/7.1GiB(71%) CN:16 DL:14MiB ETA:2m24s]
[#70cab0 5.1GiB/7.1GiB(71%) CN:16 DL:14MiB ETA:2m23s]
[#70cab0 5.1GiB/7.1GiB(71%) CN:16 DL:14MiB ETA:2m22s]
[#70cab0 5.1GiB/7.1GiB(72%) CN:16 DL:14MiB ETA:2m20s]
[#70cab0 5.1GiB/7.1GiB(72%) CN:16 DL:14MiB ETA:2m19s]
[#70cab0 5.1GiB/7.1GiB(72%) CN:16 DL:13MiB ETA:2m31s]
[#70cab0 5.1GiB/7.1GiB(72%) CN:16 DL:12MiB ETA:2m41s]
[#70cab0 5.1GiB/7.1GiB(72%) CN:16 DL:11MiB ETA:2m54s]
[#70cab0 5.1GiB/7.1GiB(72%) CN:16 DL:10MiB ETA:3m13s]
[#70cab0 5.1GiB/7.1GiB(72%) CN:16 DL:8.3MiB ETA:4m]
[#70cab0 5.1GiB/7.1GiB(72%) CN:16 DL:6.9MiB ETA:4m47s]
[#70cab0 5.1GiB/7.1GiB(72%) CN:16 DL:5.8MiB ETA:5m40s]
[#70cab0 5.1GiB/7.1GiB(72%) CN:16 DL:4.9MiB ETA:6m46s]
[#70cab0 5.2GiB/7.1GiB(72%) CN:16 DL:4.2MiB ETA:7m54s]
[#70cab0 5.2GiB/7.1GiB(72%) CN:16 DL:4.4MiB ETA:7m23s]
[#70cab0 5.2GiB/7.1GiB(72%) CN:16 DL:4.6MiB ETA:7m6s]
[#70cab0 5.2GiB/7.1GiB(73%) CN:16 DL:4.9MiB ETA:6m41s]
[#70cab0 5.2GiB/7.1GiB(73%) CN:16 DL:5.3MiB ETA:6m7s]
[#70cab0 5.2GiB/7.1GiB(73%) CN:16 DL:5.9MiB ETA:5m31s]
[#70cab0 5.2GiB/7.1GiB(73%) CN:16 DL:6.6MiB ETA:4m52s]
[#70cab0 5.2GiB/7.1GiB(73%) CN:16 DL:7.6MiB ETA:4m13s]
[#70cab0 5.2GiB/7.1GiB(73%) CN:16 DL:8.6MiB ETA:3m42s]
[#70cab0 5.2GiB/7.1GiB(74%) CN:16 DL:9.8MiB ETA:3m12s]
[#70cab0 5.3GiB/7.1GiB(74%) CN:16 DL:10MiB ETA:2m53s]
[#70cab0 5.3GiB/7.1GiB(74%) CN:16 DL:11MiB ETA:2m41s]
[#70cab0 5.3GiB/7.1GiB(74%) CN:16 DL:12MiB ETA:2m31s]
[#70cab0 5.3GiB/7.1GiB(74%) CN:16 DL:12MiB ETA:2m22s]
[#70cab0 5.3GiB/7.1GiB(74%) CN:16 DL:13MiB ETA:2m15s]
[#70cab0 5.3GiB/7.1GiB(75%) CN:16 DL:13MiB ETA:2m10s]
[#70cab0 5.3GiB/7.1GiB(75%) CN:16 DL:14MiB ETA:2m8s]
[#70cab0 5.3GiB/7.1GiB(75%) CN:16 DL:14MiB ETA:2m7s]
[#70cab0 5.4GiB/7.1GiB(75%) CN:16 DL:13MiB ETA:2m9s]
[#70cab0 5.4GiB/7.1GiB(75%) CN:16 DL:13MiB ETA:2m10s]
[#70cab0 5.4GiB/7.1GiB(76%) CN:16 DL:13MiB ETA:2m8s]
[#70cab0 5.4GiB/7.1GiB(76%) CN:16 DL:13MiB ETA:2m4s]
[#70cab0 5.4GiB/7.1GiB(76%) CN:16 DL:14MiB ETA:1m59s]
[#70cab0 5.4GiB/7.1GiB(76%) CN:16 DL:14MiB ETA:1m54s]
[#70cab0 5.5GiB/7.1GiB(77%) CN:16 DL:15MiB ETA:1m49s]
[#70cab0 5.5GiB/7.1GiB(77%) CN:16 DL:15MiB ETA:1m44s]
[#70cab0 5.5GiB/7.1GiB(77%) CN:16 DL:15MiB ETA:1m43s]
[#70cab0 5.5GiB/7.1GiB(77%) CN:16 DL:15MiB ETA:1m42s]
[#70cab0 5.5GiB/7.1GiB(77%) CN:16 DL:15MiB ETA:1m42s]
[#70cab0 5.5GiB/7.1GiB(77%) CN:16 DL:15MiB ETA:1m42s]
[#70cab0 5.5GiB/7.1GiB(78%) CN:16 DL:15MiB ETA:1m43s]
[#70cab0 5.6GiB/7.1GiB(78%) CN:16 DL:15MiB ETA:1m45s]
[#70cab0 5.6GiB/7.1GiB(78%) CN:16 DL:14MiB ETA:1m48s]
[#70cab0 5.6GiB/7.1GiB(78%) CN:16 DL:13MiB ETA:1m52s]
[#70cab0 5.6GiB/7.1GiB(78%) CN:16 DL:13MiB ETA:1m57s]
[#70cab0 5.6GiB/7.1GiB(78%) CN:16 DL:12MiB ETA:2m]
[#70cab0 5.6GiB/7.1GiB(79%) CN:16 DL:12MiB ETA:2m1s]
[#70cab0 5.6GiB/7.1GiB(79%) CN:16 DL:12MiB ETA:2m1s]
[#70cab0 5.6GiB/7.1GiB(79%) CN:16 DL:12MiB ETA:2m2s]
[#70cab0 5.6GiB/7.1GiB(79%) CN:16 DL:12MiB ETA:2m2s]
[#70cab0 5.7GiB/7.1GiB(79%) CN:16 DL:12MiB ETA:2m2s]
[#70cab0 5.7GiB/7.1GiB(79%) CN:16 DL:12MiB ETA:2m1s]
[#70cab0 5.7GiB/7.1GiB(80%) CN:16 DL:12MiB ETA:1m58s]
[#70cab0 5.7GiB/7.1GiB(80%) CN:16 DL:12MiB ETA:1m55s]
[#70cab0 5.7GiB/7.1GiB(80%) CN:16 DL:12MiB ETA:1m52s]
[#70cab0 5.7GiB/7.1GiB(80%) CN:16 DL:12MiB ETA:1m49s]
[#70cab0 5.7GiB/7.1GiB(80%) CN:16 DL:13MiB ETA:1m46s]
[#70cab0 5.7GiB/7.1GiB(81%) CN:16 DL:13MiB ETA:1m44s]
[#70cab0 5.8GiB/7.1GiB(81%) CN:16 DL:13MiB ETA:1m42s]
[#70cab0 5.8GiB/7.1GiB(81%) CN:16 DL:13MiB ETA:1m41s]
[#70cab0 5.8GiB/7.1GiB(81%) CN:16 DL:13MiB ETA:1m40s]
[#70cab0 5.8GiB/7.1GiB(81%) CN:16 DL:13MiB ETA:1m40s]
[#70cab0 5.8GiB/7.1GiB(81%) CN:16 DL:13MiB ETA:1m40s]
[#70cab0 5.8GiB/7.1GiB(82%) CN:16 DL:12MiB ETA:1m45s]
[#70cab0 5.8GiB/7.1GiB(82%) CN:16 DL:11MiB ETA:1m54s]
[#70cab0 5.8GiB/7.1GiB(82%) CN:16 DL:10MiB ETA:2m2s]
[#70cab0 5.8GiB/7.1GiB(82%) CN:16 DL:9.6MiB ETA:2m14s]
[#70cab0 5.8GiB/7.1GiB(82%) CN:16 DL:8.6MiB ETA:2m29s]
[#70cab0 5.8GiB/7.1GiB(82%) CN:16 DL:7.4MiB ETA:2m52s]
[#70cab0 5.8GiB/7.1GiB(82%) CN:16 DL:6.6MiB ETA:3m11s]
[#70cab0 5.9GiB/7.1GiB(82%) CN:16 DL:6.0MiB ETA:3m32s]
[#70cab0 5.9GiB/7.1GiB(82%) CN:16 DL:5.4MiB ETA:3m53s]
[#70cab0 5.9GiB/7.1GiB(82%) CN:16 DL:5.2MiB ETA:4m]
[#70cab0 5.9GiB/7.1GiB(82%) CN:16 DL:5.4MiB ETA:3m50s]
[#70cab0 5.9GiB/7.1GiB(82%) CN:16 DL:5.6MiB ETA:3m39s]
[#70cab0 5.9GiB/7.1GiB(83%) CN:16 DL:6.1MiB ETA:3m21s]
[#70cab0 5.9GiB/7.1GiB(83%) CN:16 DL:6.7MiB ETA:3m1s]
[#70cab0 5.9GiB/7.1GiB(83%) CN:16 DL:7.5MiB ETA:2m41s]
[#70cab0 5.9GiB/7.1GiB(83%) CN:16 DL:7.7MiB ETA:2m36s]
[#70cab0 5.9GiB/7.1GiB(83%) CN:16 DL:8.2MiB ETA:2m25s]
[#70cab0 5.9GiB/7.1GiB(83%) CN:16 DL:8.7MiB ETA:2m15s]
[#70cab0 6.0GiB/7.1GiB(83%) CN:16 DL:9.2MiB ETA:2m6s]
[#70cab0 6.0GiB/7.1GiB(84%) CN:16 DL:9.8MiB ETA:1m58s]
[#70cab0 6.0GiB/7.1GiB(84%) CN:16 DL:10MiB ETA:1m50s]
[#70cab0 6.0GiB/7.1GiB(84%) CN:16 DL:11MiB ETA:1m43s]
[#70cab0 6.0GiB/7.1GiB(84%) CN:16 DL:11MiB ETA:1m38s]
[#70cab0 6.0GiB/7.1GiB(84%) CN:16 DL:11MiB ETA:1m35s]
[#70cab0 6.0GiB/7.1GiB(84%) CN:16 DL:11MiB ETA:1m33s]
[#70cab0 6.0GiB/7.1GiB(85%) CN:16 DL:12MiB ETA:1m29s]
[#70cab0 6.1GiB/7.1GiB(85%) CN:16 DL:12MiB ETA:1m24s]
[#70cab0 6.1GiB/7.1GiB(85%) CN:16 DL:13MiB ETA:1m19s]
[#70cab0 6.1GiB/7.1GiB(85%) CN:16 DL:13MiB ETA:1m15s]
[#70cab0 6.1GiB/7.1GiB(85%) CN:16 DL:14MiB ETA:1m12s]
[#70cab0 6.1GiB/7.1GiB(86%) CN:16 DL:14MiB ETA:1m11s]
[#70cab0 6.1GiB/7.1GiB(86%) CN:16 DL:14MiB ETA:1m11s]
[#70cab0 6.1GiB/7.1GiB(86%) CN:16 DL:14MiB ETA:1m9s]
[#70cab0 6.2GiB/7.1GiB(86%) CN:16 DL:14MiB ETA:1m7s]
[#70cab0 6.2GiB/7.1GiB(86%) CN:16 DL:14MiB ETA:1m6s]
[#70cab0 6.2GiB/7.1GiB(87%) CN:16 DL:14MiB ETA:1m6s]
[#70cab0 6.2GiB/7.1GiB(87%) CN:16 DL:14MiB ETA:1m6s]
[#70cab0 6.2GiB/7.1GiB(87%) CN:16 DL:13MiB ETA:1m6s]
[#70cab0 6.2GiB/7.1GiB(87%) CN:16 DL:13MiB ETA:1m6s]
[#70cab0 6.2GiB/7.1GiB(87%) CN:16 DL:13MiB ETA:1m5s]
[#70cab0 6.2GiB/7.1GiB(88%) CN:16 DL:13MiB ETA:1m3s]
[#70cab0 6.3GiB/7.1GiB(88%) CN:16 DL:13MiB ETA:1m2s]
[#70cab0 6.3GiB/7.1GiB(88%) CN:16 DL:13MiB ETA:1m1s]
[#70cab0 6.3GiB/7.1GiB(88%) CN:16 DL:13MiB ETA:1m]
[#70cab0 6.3GiB/7.1GiB(88%) CN:16 DL:13MiB ETA:58s]
[#70cab0 6.3GiB/7.1GiB(88%) CN:16 DL:14MiB ETA:57s]
[#70cab0 6.3GiB/7.1GiB(89%) CN:16 DL:13MiB ETA:56s]
[#70cab0 6.3GiB/7.1GiB(89%) CN:16 DL:13MiB ETA:56s]
[#70cab0 6.4GiB/7.1GiB(89%) CN:16 DL:13MiB ETA:56s]
[#70cab0 6.4GiB/7.1GiB(89%) CN:16 DL:13MiB ETA:56s]
[#70cab0 6.4GiB/7.1GiB(89%) CN:16 DL:13MiB ETA:55s]
[#70cab0 6.4GiB/7.1GiB(90%) CN:16 DL:13MiB ETA:53s]
[#70cab0 6.4GiB/7.1GiB(90%) CN:16 DL:13MiB ETA:51s]
[#70cab0 6.4GiB/7.1GiB(90%) CN:16 DL:13MiB ETA:50s]
[#70cab0 6.4GiB/7.1GiB(90%) CN:16 DL:13MiB ETA:49s]
[#70cab0 6.4GiB/7.1GiB(90%) CN:16 DL:13MiB ETA:48s]
[#70cab0 6.5GiB/7.1GiB(91%) CN:16 DL:14MiB ETA:46s]
[#70cab0 6.5GiB/7.1GiB(91%) CN:16 DL:14MiB ETA:45s]
[#70cab0 6.5GiB/7.1GiB(91%) CN:16 DL:14MiB ETA:44s]
[#70cab0 6.5GiB/7.1GiB(91%) CN:16 DL:14MiB ETA:42s]
[#70cab0 6.5GiB/7.1GiB(91%) CN:16 DL:14MiB ETA:42s]
[#70cab0 6.5GiB/7.1GiB(91%) CN:16 DL:13MiB ETA:42s]
[#70cab0 6.5GiB/7.1GiB(92%) CN:16 DL:12MiB ETA:45s]
[#70cab0 6.5GiB/7.1GiB(92%) CN:16 DL:11MiB ETA:49s]
[#70cab0 6.5GiB/7.1GiB(92%) CN:16 DL:10MiB ETA:52s]
[#70cab0 6.5GiB/7.1GiB(92%) CN:16 DL:9.8MiB ETA:57s]
[#70cab0 6.6GiB/7.1GiB(92%) CN:16 DL:8.7MiB ETA:1m4s]
[#70cab0 6.6GiB/7.1GiB(92%) CN:16 DL:7.7MiB ETA:1m12s]
[#70cab0 6.6GiB/7.1GiB(92%) CN:16 DL:6.8MiB ETA:1m21s]
[#70cab0 6.6GiB/7.1GiB(92%) CN:16 DL:5.8MiB ETA:1m33s]
[#70cab0 6.6GiB/7.1GiB(92%) CN:16 DL:5.0MiB ETA:1m46s]
[#70cab0 6.6GiB/7.1GiB(92%) CN:16 DL:4.9MiB ETA:1m49s]
[#70cab0 6.6GiB/7.1GiB(92%) CN:16 DL:5.0MiB ETA:1m44s]
[#70cab0 6.6GiB/7.1GiB(92%) CN:16 DL:5.2MiB ETA:1m39s]
[#70cab0 6.6GiB/7.1GiB(92%) CN:16 DL:5.5MiB ETA:1m32s]
[#70cab0 6.6GiB/7.1GiB(93%) CN:16 DL:6.1MiB ETA:1m22s]
[#70cab0 6.6GiB/7.1GiB(93%) CN:16 DL:6.8MiB ETA:1m12s]
[#70cab0 6.6GiB/7.1GiB(93%) CN:16 DL:7.5MiB ETA:1m3s]
[#70cab0 6.6GiB/7.1GiB(93%) CN:16 DL:8.2MiB ETA:57s]
[#70cab0 6.7GiB/7.1GiB(93%) CN:16 DL:9.0MiB ETA:50s]
[#70cab0 6.7GiB/7.1GiB(93%) CN:16 DL:9.9MiB ETA:44s]
[#70cab0 6.7GiB/7.1GiB(94%) CN:16 DL:10MiB ETA:39s]
[#70cab0 6.7GiB/7.1GiB(94%) CN:16 DL:11MiB ETA:34s]
[#70cab0 6.7GiB/7.1GiB(94%) CN:16 DL:12MiB ETA:31s]
[#70cab0 6.7GiB/7.1GiB(94%) CN:16 DL:13MiB ETA:28s]
[#70cab0 6.7GiB/7.1GiB(94%) CN:16 DL:13MiB ETA:27s]
[#70cab0 6.8GiB/7.1GiB(95%) CN:16 DL:14MiB ETA:25s]
[#70cab0 6.8GiB/7.1GiB(95%) CN:16 DL:14MiB ETA:24s]
[#70cab0 6.8GiB/7.1GiB(95%) CN:16 DL:14MiB ETA:23s]
[#70cab0 6.8GiB/7.1GiB(95%) CN:16 DL:14MiB ETA:22s]
[#70cab0 6.8GiB/7.1GiB(95%) CN:16 DL:13MiB ETA:21s]
[#70cab0 6.8GiB/7.1GiB(95%) CN:16 DL:13MiB ETA:21s]
[#70cab0 6.8GiB/7.1GiB(96%) CN:16 DL:13MiB ETA:20s]
[#70cab0 6.8GiB/7.1GiB(96%) CN:16 DL:13MiB ETA:19s]
[#70cab0 6.9GiB/7.1GiB(96%) CN:16 DL:13MiB ETA:18s]
[#70cab0 6.9GiB/7.1GiB(96%) CN:16 DL:13MiB ETA:17s]
[#70cab0 6.9GiB/7.1GiB(96%) CN:16 DL:13MiB ETA:16s]
[#70cab0 6.9GiB/7.1GiB(97%) CN:15 DL:13MiB ETA:15s]
[#70cab0 6.9GiB/7.1GiB(97%) CN:14 DL:13MiB ETA:14s]
[#70cab0 6.9GiB/7.1GiB(97%) CN:14 DL:13MiB ETA:13s]
[#70cab0 6.9GiB/7.1GiB(97%) CN:14 DL:13MiB ETA:12s]
[#70cab0 7.0GiB/7.1GiB(97%) CN:14 DL:13MiB ETA:11s]
[#70cab0 7.0GiB/7.1GiB(98%) CN:13 DL:13MiB ETA:10s]
[#70cab0 7.0GiB/7.1GiB(98%) CN:12 DL:13MiB ETA:9s]
[#70cab0 7.0GiB/7.1GiB(98%) CN:12 DL:13MiB ETA:9s]
[#70cab0 7.0GiB/7.1GiB(98%) CN:12 DL:12MiB ETA:9s]
[#70cab0 7.0GiB/7.1GiB(98%) CN:12 DL:11MiB ETA:8s]
[#70cab0 7.0GiB/7.1GiB(98%) CN:11 DL:11MiB ETA:8s]
[#70cab0 7.0GiB/7.1GiB(98%) CN:10 DL:10MiB ETA:8s]
[#70cab0 7.0GiB/7.1GiB(98%) CN:9 DL:9.8MiB ETA:8s]
[#70cab0 7.0GiB/7.1GiB(98%) CN:8 DL:8.9MiB ETA:9s]
[#70cab0 7.0GiB/7.1GiB(98%) CN:7 DL:8.0MiB ETA:9s]
[#70cab0 7.0GiB/7.1GiB(99%) CN:7 DL:7.2MiB ETA:9s]
[#70cab0 7.0GiB/7.1GiB(99%) CN:7 DL:6.8MiB ETA:9s]
[#70cab0 7.0GiB/7.1GiB(99%) CN:7 DL:6.5MiB ETA:8s]
[#70cab0 7.1GiB/7.1GiB(99%) CN:6 DL:6.5MiB ETA:7s]
[#70cab0 7.1GiB/7.1GiB(99%) CN:4 DL:6.7MiB ETA:5s]
[#70cab0 7.1GiB/7.1GiB(99%) CN:4 DL:6.7MiB ETA:4s]
[#70cab0 7.1GiB/7.1GiB(99%) CN:3 DL:6.5MiB ETA:4s]
[#70cab0 7.1GiB/7.1GiB(99%) CN:2 DL:6.3MiB ETA:3s]
[#70cab0 7.1GiB/7.1GiB(99%) CN:2 DL:6.1MiB ETA:3s]
[#70cab0 7.1GiB/7.1GiB(99%) CN:2 DL:5.8MiB ETA:2s]
[#70cab0 7.1GiB/7.1GiB(99%) CN:2 DL:5.6MiB ETA:2s]
[#70cab0 7.1GiB/7.1GiB(99%) CN:1 DL:4.6MiB ETA:2s]
[#70cab0 7.1GiB/7.1GiB(99%) CN:1 DL:3.6MiB ETA:3s]
[#70cab0 7.1GiB/7.1GiB(99%) CN:1 DL:2.7MiB ETA:4s]
[#70cab0 7.1GiB/7.1GiB(99%) CN:1 DL:2.0MiB ETA:5s]
[#70cab0 7.1GiB/7.1GiB(99%) CN:1 DL:1.6MiB ETA:6s]
[#70cab0 7.1GiB/7.1GiB(99%) CN:1 DL:1.1MiB ETA:8s]
[#70cab0 7.1GiB/7.1GiB(99%) CN:1 DL:0.9MiB ETA:10s]
[#70cab0 7.1GiB/7.1GiB(99%) CN:1 DL:888KiB ETA:9s]
[#70cab0 7.1GiB/7.1GiB(99%) CN:1 DL:794KiB ETA:8s]
[#70cab0 7.1GiB/7.1GiB(99%) CN:1 DL:890KiB ETA:5s]
[#70cab0 7.1GiB/7.1GiB(99%) CN:1 DL:1.0MiB ETA:3s]
[#70cab0 7.1GiB/7.1GiB(99%) CN:1 DL:1.1MiB ETA:1s]
[#70cab0 7.1GiB/7.1GiB(100%) CN:0] [Checksum:#70cab0 26MiB/7.1GiB(0%)]
[#70cab0 7.1GiB/7.1GiB(100%) CN:0] [Checksum:#70cab0 117MiB/7.1GiB(1%)]
[#70cab0 7.1GiB/7.1GiB(100%) CN:0] [Checksum:#70cab0 209MiB/7.1GiB(2%)]
[#70cab0 7.1GiB/7.1GiB(100%) CN:0] [Checksum:#70cab0 302MiB/7.1GiB(4%)]
[#70cab0 7.1GiB/7.1GiB(100%) CN:0] [Checksum:#70cab0 397MiB/7.1GiB(5%)]
[#70cab0 7.1GiB/7.1GiB(100%) CN:0] [Checksum:#70cab0 492MiB/7.1GiB(6%)]
[#70cab0 7.1GiB/7.1GiB(100%) CN:0] [Checksum:#70cab0 588MiB/7.1GiB(8%)]
[#70cab0 7.1GiB/7.1GiB(100%) CN:0] [Checksum:#70cab0 680MiB/7.1GiB(9%)]
[#70cab0 7.1GiB/7.1GiB(100%) CN:0] [Checksum:#70cab0 786MiB/7.1GiB(10%)]
[#70cab0 7.1GiB/7.1GiB(100%) CN:0] [Checksum:#70cab0 882MiB/7.1GiB(12%)]
[#70cab0 7.1GiB/7.1GiB(100%) CN:0] [Checksum:#70cab0 0.9GiB/7.1GiB(13%)]
[#70cab0 7.1GiB/7.1GiB(100%) CN:0] [Checksum:#70cab0 1.0GiB/7.1GiB(14%)]
[#70cab0 7.1GiB/7.1GiB(100%) CN:0] [Checksum:#70cab0 1.1GiB/7.1GiB(15%)]
[#70cab0 7.1GiB/7.1GiB(100%) CN:0] [Checksum:#70cab0 1.2GiB/7.1GiB(17%)]
[#70cab0 7.1GiB/7.1GiB(100%) CN:0] [Checksum:#70cab0 1.3GiB/7.1GiB(18%)]
[#70cab0 7.1GiB/7.1GiB(100%) CN:0] [Checksum:#70cab0 1.4GiB/7.1GiB(19%)]
[#70cab0 7.1GiB/7.1GiB(100%) CN:0] [Checksum:#70cab0 1.5GiB/7.1GiB(21%)]
[#70cab0 7.1GiB/7.1GiB(100%) CN:0] [Checksum:#70cab0 1.6GiB/7.1GiB(22%)]
[#70cab0 7.1GiB/7.1GiB(100%) CN:0] [Checksum:#70cab0 1.7GiB/7.1GiB(23%)]
[#70cab0 7.1GiB/7.1GiB(100%) CN:0] [Checksum:#70cab0 1.8GiB/7.1GiB(25%)]
[#70cab0 7.1GiB/7.1GiB(100%) CN:0] [Checksum:#70cab0 1.9GiB/7.1GiB(26%)]
[#70cab0 7.1GiB/7.1GiB(100%) CN:0] [Checksum:#70cab0 2.0GiB/7.1GiB(28%)]
[#70cab0 7.1GiB/7.1GiB(100%) CN:0] [Checksum:#70cab0 2.0GiB/7.1GiB(29%)]
[#70cab0 7.1GiB/7.1GiB(100%) CN:0] [Checksum:#70cab0 2.1GiB/7.1GiB(30%)]
[#70cab0 7.1GiB/7.1GiB(100%) CN:0] [Checksum:#70cab0 2.2GiB/7.1GiB(31%)]
[#70cab0 7.1GiB/7.1GiB(100%) CN:0] [Checksum:#70cab0 2.3GiB/7.1GiB(33%)]
[#70cab0 7.1GiB/7.1GiB(100%) CN:0] [Checksum:#70cab0 2.4GiB/7.1GiB(34%)]
[#70cab0 7.1GiB/7.1GiB(100%) CN:0] [Checksum:#70cab0 2.5GiB/7.1GiB(35%)]
[#70cab0 7.1GiB/7.1GiB(100%) CN:0] [Checksum:#70cab0 2.6GiB/7.1GiB(37%)]
[#70cab0 7.1GiB/7.1GiB(100%) CN:0] [Checksum:#70cab0 2.7GiB/7.1GiB(38%)]
[#70cab0 7.1GiB/7.1GiB(100%) CN:0] [Checksum:#70cab0 2.8GiB/7.1GiB(39%)]
[#70cab0 7.1GiB/7.1GiB(100%) CN:0] [Checksum:#70cab0 2.9GiB/7.1GiB(41%)]
[#70cab0 7.1GiB/7.1GiB(100%) CN:0] [Checksum:#70cab0 3.0GiB/7.1GiB(42%)]
[#70cab0 7.1GiB/7.1GiB(100%) CN:0] [Checksum:#70cab0 3.1GiB/7.1GiB(43%)]
[#70cab0 7.1GiB/7.1GiB(100%) CN:0] [Checksum:#70cab0 3.2GiB/7.1GiB(45%)]
[#70cab0 7.1GiB/7.1GiB(100%) CN:0] [Checksum:#70cab0 3.3GiB/7.1GiB(46%)]
[#70cab0 7.1GiB/7.1GiB(100%) CN:0] [Checksum:#70cab0 3.4GiB/7.1GiB(47%)]
[#70cab0 7.1GiB/7.1GiB(100%) CN:0] [Checksum:#70cab0 3.5GiB/7.1GiB(48%)]
[#70cab0 7.1GiB/7.1GiB(100%) CN:0] [Checksum:#70cab0 3.6GiB/7.1GiB(50%)]
[#70cab0 7.1GiB/7.1GiB(100%) CN:0] [Checksum:#70cab0 3.6GiB/7.1GiB(51%)]
[#70cab0 7.1GiB/7.1GiB(100%) CN:0] [Checksum:#70cab0 3.7GiB/7.1GiB(52%)]
[#70cab0 7.1GiB/7.1GiB(100%) CN:0] [Checksum:#70cab0 3.8GiB/7.1GiB(54%)]
[#70cab0 7.1GiB/7.1GiB(100%) CN:0] [Checksum:#70cab0 3.9GiB/7.1GiB(55%)]
[#70cab0 7.1GiB/7.1GiB(100%) CN:0] [Checksum:#70cab0 4.0GiB/7.1GiB(57%)]
[#70cab0 7.1GiB/7.1GiB(100%) CN:0] [Checksum:#70cab0 4.1GiB/7.1GiB(58%)]
[#70cab0 7.1GiB/7.1GiB(100%) CN:0] [Checksum:#70cab0 4.3GiB/7.1GiB(60%)]
[#70cab0 7.1GiB/7.1GiB(100%) CN:0] [Checksum:#70cab0 4.4GiB/7.1GiB(61%)]
[#70cab0 7.1GiB/7.1GiB(100%) CN:0] [Checksum:#70cab0 4.5GiB/7.1GiB(63%)]
[#70cab0 7.1GiB/7.1GiB(100%) CN:0] [Checksum:#70cab0 4.6GiB/7.1GiB(64%)]
[#70cab0 7.1GiB/7.1GiB(100%) CN:0] [Checksum:#70cab0 4.7GiB/7.1GiB(66%)]
[#70cab0 7.1GiB/7.1GiB(100%) CN:0] [Checksum:#70cab0 4.8GiB/7.1GiB(67%)]
[#70cab0 7.1GiB/7.1GiB(100%) CN:0] [Checksum:#70cab0 4.9GiB/7.1GiB(69%)]
[#70cab0 7.1GiB/7.1GiB(100%) CN:0] [Checksum:#70cab0 5.0GiB/7.1GiB(70%)]
[#70cab0 7.1GiB/7.1GiB(100%) CN:0] [Checksum:#70cab0 5.1GiB/7.1GiB(72%)]
[#70cab0 7.1GiB/7.1GiB(100%) CN:0] [Checksum:#70cab0 5.2GiB/7.1GiB(73%)]
[#70cab0 7.1GiB/7.1GiB(100%) CN:0] [Checksum:#70cab0 5.3GiB/7.1GiB(75%)]
[#70cab0 7.1GiB/7.1GiB(100%) CN:0] [Checksum:#70cab0 5.4GiB/7.1GiB(76%)]
[#70cab0 7.1GiB/7.1GiB(100%) CN:0] [Checksum:#70cab0 5.5GiB/7.1GiB(78%)]
[#70cab0 7.1GiB/7.1GiB(100%) CN:0] [Checksum:#70cab0 5.6GiB/7.1GiB(79%)]
[#70cab0 7.1GiB/7.1GiB(100%) CN:0] [Checksum:#70cab0 5.8GiB/7.1GiB(81%)]
[#70cab0 7.1GiB/7.1GiB(100%) CN:0] [Checksum:#70cab0 5.9GiB/7.1GiB(82%)]
[#70cab0 7.1GiB/7.1GiB(100%) CN:0] [Checksum:#70cab0 6.0GiB/7.1GiB(84%)]
[#70cab0 7.1GiB/7.1GiB(100%) CN:0] [Checksum:#70cab0 6.1GiB/7.1GiB(85%)]
[#70cab0 7.1GiB/7.1GiB(100%) CN:0] [Checksum:#70cab0 6.2GiB/7.1GiB(87%)]
[#70cab0 7.1GiB/7.1GiB(100%) CN:0] [Checksum:#70cab0 6.3GiB/7.1GiB(88%)]
[#70cab0 7.1GiB/7.1GiB(100%) CN:0] [Checksum:#70cab0 6.4GiB/7.1GiB(89%)]
[#70cab0 7.1GiB/7.1GiB(100%) CN:0] [Checksum:#70cab0 6.5GiB/7.1GiB(91%)]
[#70cab0 7.1GiB/7.1GiB(100%) CN:0] [Checksum:#70cab0 6.6GiB/7.1GiB(92%)]
[#70cab0 7.1GiB/7.1GiB(100%) CN:0] [Checksum:#70cab0 6.7GiB/7.1GiB(94%)]
[#70cab0 7.1GiB/7.1GiB(100%) CN:0] [Checksum:#70cab0 6.8GiB/7.1GiB(95%)]
[#70cab0 7.1GiB/7.1GiB(100%) CN:0] [Checksum:#70cab0 6.9GiB/7.1GiB(96%)]
[#70cab0 7.1GiB/7.1GiB(100%) CN:0] [Checksum:#70cab0 7.0GiB/7.1GiB(98%)]
[#70cab0 7.1GiB/7.1GiB(100%) CN:0] [Checksum:#70cab0 7.1GiB/7.1GiB(99%)]

ダウンロード結果：
gid   |stat|avg speed  |path/URI
======+====+===========+=======================================================
70cab0|OK  |    10MiB/s|crates/id14-sr/corpus/audio/fma/fma_small.zip

凡例：
(OK)：ダウンロードが完了しました。
