{"ts": "2026-10-02T11:30:55.385802+00:00", "level": "info", "trace_id": "01M3Y63BR4687YS6AAXQSPQAWF", "msg": "split", "train_recordings": 300, "validation_recordings": 20, "test_recordings": 10, "device": "cpu"}
{"ts": "2026-10-02T11:31:12.904846+00:00", "level": "info", "trace_id": "01M3Y63BR4687YS6AAXQSPQAWF", "msg": "training_data", "frames": 1347300, "active_frames": 31938, "active_fraction": 0.02370518815408595}
{"ts": "2026-10-02T11:31:15.243641+00:00", "level": "info", "trace_id": "01M3Y63BR4687YS6AAXQSPQAWF", "msg": "evaluated_recording", "file": "1757.wav", "sampled": true}
{"ts": "2026-10-02T11:31:15.304987+00:00", "level": "info", "trace_id": "01M3Y63BR4687YS6AAXQSPQAWF", "msg": "evaluated_recording", "file": "2487.wav", "sampled": true}
{"ts": "2026-10-02T11:31:15.363225+00:00", "level": "info", "trace_id": "01M3Y63BR4687YS6AAXQSPQAWF", "msg": "evaluated_recording", "file": "2168.wav", "sampled": true}
{"ts": "2026-10-02T11:31:15.421488+00:00", "level": "info", "trace_id": "01M3Y63BR4687YS6AAXQSPQAWF", "msg": "evaluated_recording", "file": "2161.wav", "sampled": true}
{"ts": "2026-10-02T11:31:15.479613+00:00", "level": "info", "trace_id": "01M3Y63BR4687YS6AAXQSPQAWF", "msg": "evaluated_recording", "file": "1923.wav", "sampled": true}
{"ts": "2026-10-02T11:31:15.537761+00:00", "level": "info", "trace_id": "01M3Y63BR4687YS6AAXQSPQAWF", "msg": "evaluated_recording", "file": "2480.wav", "sampled": true}
{"ts": "2026-10-02T11:31:15.592014+00:00", "level": "info", "trace_id": "01M3Y63BR4687YS6AAXQSPQAWF", "msg": "evaluated_recording", "file": "2481.wav", "sampled": true}
{"ts": "2026-10-02T11:31:15.644183+00:00", "level": "info", "trace_id": "01M3Y63BR4687YS6AAXQSPQAWF", "msg": "evaluated_recording", "file": "2607.wav", "sampled": true}
{"ts": "2026-10-02T11:31:15.696383+00:00", "level": "info", "trace_id": "01M3Y63BR4687YS6AAXQSPQAWF", "msg": "evaluated_recording", "file": "2397.wav", "sampled": true}
{"ts": "2026-10-02T11:31:15.749373+00:00", "level": "info", "trace_id": "01M3Y63BR4687YS6AAXQSPQAWF", "msg": "evaluated_recording", "file": "2466.wav", "sampled": true}
{"ts": "2026-10-02T11:31:15.802753+00:00", "level": "info", "trace_id": "01M3Y63BR4687YS6AAXQSPQAWF", "msg": "evaluated_recording", "file": "2540.wav", "sampled": true}
{"ts": "2026-10-02T11:31:15.858296+00:00", "level": "info", "trace_id": "01M3Y63BR4687YS6AAXQSPQAWF", "msg": "evaluated_recording", "file": "2213.wav", "sampled": true}
{"ts": "2026-10-02T11:31:15.916220+00:00", "level": "info", "trace_id": "01M3Y63BR4687YS6AAXQSPQAWF", "msg": "evaluated_recording", "file": "2221.wav", "sampled": true}
{"ts": "2026-10-02T11:31:15.974099+00:00", "level": "info", "trace_id": "01M3Y63BR4687YS6AAXQSPQAWF", "msg": "evaluated_recording", "file": "1775.wav", "sampled": true}
{"ts": "2026-10-02T11:31:16.032507+00:00", "level": "info", "trace_id": "01M3Y63BR4687YS6AAXQSPQAWF", "msg": "evaluated_recording", "file": "1773.wav", "sampled": true}
{"ts": "2026-10-02T11:31:16.092048+00:00", "level": "info", "trace_id": "01M3Y63BR4687YS6AAXQSPQAWF", "msg": "evaluated_recording", "file": "2178.wav", "sampled": true}
{"ts": "2026-10-02T11:31:16.149598+00:00", "level": "info", "trace_id": "01M3Y63BR4687YS6AAXQSPQAWF", "msg": "evaluated_recording", "file": "2514.wav", "sampled": true}
{"ts": "2026-10-02T11:31:16.207586+00:00", "level": "info", "trace_id": "01M3Y63BR4687YS6AAXQSPQAWF", "msg": "evaluated_recording", "file": "1729.wav", "sampled": true}
{"ts": "2026-10-02T11:31:16.265281+00:00", "level": "info", "trace_id": "01M3Y63BR4687YS6AAXQSPQAWF", "msg": "evaluated_recording", "file": "2436.wav", "sampled": true}
{"ts": "2026-10-02T11:31:16.323119+00:00", "level": "info", "trace_id": "01M3Y63BR4687YS6AAXQSPQAWF", "msg": "evaluated_recording", "file": "2614.wav", "sampled": true}
{"ts": "2026-10-02T11:31:16.323719+00:00", "level": "info", "trace_id": "01M3Y63BR4687YS6AAXQSPQAWF", "msg": "step", "step": 500, "loss": 0.0005295525188557804, "validation": {"all": {"frames": 89820, "model_mse": 0.0004267152715625873, "zero_mse": 0.0004215139439312793, "improvement_percent": -1.2339633614009138}, "active": {"frames": 1465, "model_mse": 0.0075574834866472046, "zero_mse": 0.007546999755812275, "improvement_percent": -0.13891256358999904}, "inactive": {"frames": 88355, "model_mse": 0.00030848115457502416, "zero_mse": 0.0003033674147747397, "improvement_percent": -1.6856588912430137}}, "best_step": 500}
{"ts": "2026-10-02T11:31:18.053599+00:00", "level": "info", "trace_id": "01M3Y63BR4687YS6AAXQSPQAWF", "msg": "evaluated_recording", "file": "1757.wav", "sampled": true}
{"ts": "2026-10-02T11:31:18.106355+00:00", "level": "info", "trace_id": "01M3Y63BR4687YS6AAXQSPQAWF", "msg": "evaluated_recording", "file": "2487.wav", "sampled": true}
{"ts": "2026-10-02T11:31:18.159105+00:00", "level": "info", "trace_id": "01M3Y63BR4687YS6AAXQSPQAWF", "msg": "evaluated_recording", "file": "2168.wav", "sampled": true}
{"ts": "2026-10-02T11:31:18.211885+00:00", "level": "info", "trace_id": "01M3Y63BR4687YS6AAXQSPQAWF", "msg": "evaluated_recording", "file": "2161.wav", "sampled": true}
{"ts": "2026-10-02T11:31:18.264179+00:00", "level": "info", "trace_id": "01M3Y63BR4687YS6AAXQSPQAWF", "msg": "evaluated_recording", "file": "1923.wav", "sampled": true}
{"ts": "2026-10-02T11:31:18.316517+00:00", "level": "info", "trace_id": "01M3Y63BR4687YS6AAXQSPQAWF", "msg": "evaluated_recording", "file": "2480.wav", "sampled": true}
{"ts": "2026-10-02T11:31:18.369018+00:00", "level": "info", "trace_id": "01M3Y63BR4687YS6AAXQSPQAWF", "msg": "evaluated_recording", "file": "2481.wav", "sampled": true}
{"ts": "2026-10-02T11:31:18.421415+00:00", "level": "info", "trace_id": "01M3Y63BR4687YS6AAXQSPQAWF", "msg": "evaluated_recording", "file": "2607.wav", "sampled": true}
{"ts": "2026-10-02T11:31:18.473424+00:00", "level": "info", "trace_id": "01M3Y63BR4687YS6AAXQSPQAWF", "msg": "evaluated_recording", "file": "2397.wav", "sampled": true}
{"ts": "2026-10-02T11:31:18.523962+00:00", "level": "info", "trace_id": "01M3Y63BR4687YS6AAXQSPQAWF", "msg": "evaluated_recording", "file": "2466.wav", "sampled": true}
{"ts": "2026-10-02T11:31:18.572531+00:00", "level": "info", "trace_id": "01M3Y63BR4687YS6AAXQSPQAWF", "msg": "evaluated_recording", "file": "2540.wav", "sampled": true}
{"ts": "2026-10-02T11:31:18.620864+00:00", "level": "info", "trace_id": "01M3Y63BR4687YS6AAXQSPQAWF", "msg": "evaluated_recording", "file": "2213.wav", "sampled": true}
{"ts": "2026-10-02T11:31:18.668714+00:00", "level": "info", "trace_id": "01M3Y63BR4687YS6AAXQSPQAWF", "msg": "evaluated_recording", "file": "2221.wav", "sampled": true}
{"ts": "2026-10-02T11:31:18.717422+00:00", "level": "info", "trace_id": "01M3Y63BR4687YS6AAXQSPQAWF", "msg": "evaluated_recording", "file": "1775.wav", "sampled": true}
{"ts": "2026-10-02T11:31:18.765695+00:00", "level": "info", "trace_id": "01M3Y63BR4687YS6AAXQSPQAWF", "msg": "evaluated_recording", "file": "1773.wav", "sampled": true}
{"ts": "2026-10-02T11:31:18.813263+00:00", "level": "info", "trace_id": "01M3Y63BR4687YS6AAXQSPQAWF", "msg": "evaluated_recording", "file": "2178.wav", "sampled": true}
{"ts": "2026-10-02T11:31:18.861475+00:00", "level": "info", "trace_id": "01M3Y63BR4687YS6AAXQSPQAWF", "msg": "evaluated_recording", "file": "2514.wav", "sampled": true}
{"ts": "2026-10-02T11:31:18.909471+00:00", "level": "info", "trace_id": "01M3Y63BR4687YS6AAXQSPQAWF", "msg": "evaluated_recording", "file": "1729.wav", "sampled": true}
{"ts": "2026-10-02T11:31:18.958043+00:00", "level": "info", "trace_id": "01M3Y63BR4687YS6AAXQSPQAWF", "msg": "evaluated_recording", "file": "2436.wav", "sampled": true}
{"ts": "2026-10-02T11:31:19.007209+00:00", "level": "info", "trace_id": "01M3Y63BR4687YS6AAXQSPQAWF", "msg": "evaluated_recording", "file": "2614.wav", "sampled": true}
{"ts": "2026-10-02T11:31:19.007718+00:00", "level": "info", "trace_id": "01M3Y63BR4687YS6AAXQSPQAWF", "msg": "step", "step": 1000, "loss": 0.0006000294233672321, "validation": {"all": {"frames": 89820, "model_mse": 0.0004234437706957744, "zero_mse": 0.0004215139439312793, "improvement_percent": -0.4578322478484331}, "active": {"frames": 1465, "model_mse": 0.007550437794921629, "zero_mse": 0.007546999755812275, "improvement_percent": -0.045555044661371724}, "inactive": {"frames": 88355, "model_mse": 0.00030527222646485646, "zero_mse": 0.0003033674147747397, "improvement_percent": -0.6278893504535255}}, "best_step": 1000}
{"ts": "2026-10-02T11:31:20.372420+00:00", "level": "info", "trace_id": "01M3Y63BR4687YS6AAXQSPQAWF", "msg": "evaluated_recording", "file": "1757.wav", "sampled": true}
{"ts": "2026-10-02T11:31:20.430185+00:00", "level": "info", "trace_id": "01M3Y63BR4687YS6AAXQSPQAWF", "msg": "evaluated_recording", "file": "2487.wav", "sampled": true}
{"ts": "2026-10-02T11:31:20.487678+00:00", "level": "info", "trace_id": "01M3Y63BR4687YS6AAXQSPQAWF", "msg": "evaluated_recording", "file": "2168.wav", "sampled": true}
{"ts": "2026-10-02T11:31:20.544953+00:00", "level": "info", "trace_id": "01M3Y63BR4687YS6AAXQSPQAWF", "msg": "evaluated_recording", "file": "2161.wav", "sampled": true}
{"ts": "2026-10-02T11:31:20.602019+00:00", "level": "info", "trace_id": "01M3Y63BR4687YS6AAXQSPQAWF", "msg": "evaluated_recording", "file": "1923.wav", "sampled": true}
{"ts": "2026-10-02T11:31:20.659383+00:00", "level": "info", "trace_id": "01M3Y63BR4687YS6AAXQSPQAWF", "msg": "evaluated_recording", "file": "2480.wav", "sampled": true}
{"ts": "2026-10-02T11:31:20.716243+00:00", "level": "info", "trace_id": "01M3Y63BR4687YS6AAXQSPQAWF", "msg": "evaluated_recording", "file": "2481.wav", "sampled": true}
{"ts": "2026-10-02T11:31:20.773824+00:00", "level": "info", "trace_id": "01M3Y63BR4687YS6AAXQSPQAWF", "msg": "evaluated_recording", "file": "2607.wav", "sampled": true}
{"ts": "2026-10-02T11:31:20.831571+00:00", "level": "info", "trace_id": "01M3Y63BR4687YS6AAXQSPQAWF", "msg": "evaluated_recording", "file": "2397.wav", "sampled": true}
{"ts": "2026-10-02T11:31:20.889272+00:00", "level": "info", "trace_id": "01M3Y63BR4687YS6AAXQSPQAWF", "msg": "evaluated_recording", "file": "2466.wav", "sampled": true}
{"ts": "2026-10-02T11:31:20.945372+00:00", "level": "info", "trace_id": "01M3Y63BR4687YS6AAXQSPQAWF", "msg": "evaluated_recording", "file": "2540.wav", "sampled": true}
{"ts": "2026-10-02T11:31:20.998537+00:00", "level": "info", "trace_id": "01M3Y63BR4687YS6AAXQSPQAWF", "msg": "evaluated_recording", "file": "2213.wav", "sampled": true}
{"ts": "2026-10-02T11:31:21.051033+00:00", "level": "info", "trace_id": "01M3Y63BR4687YS6AAXQSPQAWF", "msg": "evaluated_recording", "file": "2221.wav", "sampled": true}
{"ts": "2026-10-02T11:31:21.102792+00:00", "level": "info", "trace_id": "01M3Y63BR4687YS6AAXQSPQAWF", "msg": "evaluated_recording", "file": "1775.wav", "sampled": true}
{"ts": "2026-10-02T11:31:21.154578+00:00", "level": "info", "trace_id": "01M3Y63BR4687YS6AAXQSPQAWF", "msg": "evaluated_recording", "file": "1773.wav", "sampled": true}
{"ts": "2026-10-02T11:31:21.213796+00:00", "level": "info", "trace_id": "01M3Y63BR4687YS6AAXQSPQAWF", "msg": "evaluated_recording", "file": "2178.wav", "sampled": true}
{"ts": "2026-10-02T11:31:21.271335+00:00", "level": "info", "trace_id": "01M3Y63BR4687YS6AAXQSPQAWF", "msg": "evaluated_recording", "file": "2514.wav", "sampled": true}
{"ts": "2026-10-02T11:31:21.329378+00:00", "level": "info", "trace_id": "01M3Y63BR4687YS6AAXQSPQAWF", "msg": "evaluated_recording", "file": "1729.wav", "sampled": true}
{"ts": "2026-10-02T11:31:21.386807+00:00", "level": "info", "trace_id": "01M3Y63BR4687YS6AAXQSPQAWF", "msg": "evaluated_recording", "file": "2436.wav", "sampled": true}
{"ts": "2026-10-02T11:31:21.443814+00:00", "level": "info", "trace_id": "01M3Y63BR4687YS6AAXQSPQAWF", "msg": "evaluated_recording", "file": "2614.wav", "sampled": true}
{"ts": "2026-10-02T11:31:21.444425+00:00", "level": "info", "trace_id": "01M3Y63BR4687YS6AAXQSPQAWF", "msg": "step", "step": 1500, "loss": 0.00046158168697729707, "validation": {"all": {"frames": 89820, "model_mse": 0.00042254395760111857, "zero_mse": 0.0004215139439312793, "improvement_percent": -0.24436052108567363}, "active": {"frames": 1465, "model_mse": 0.007548757292998888, "zero_mse": 0.007546999755812275, "improvement_percent": -0.023287892453671688}, "inactive": {"frames": 88355, "model_mse": 0.00030438535826038756, "zero_mse": 0.0003033674147747397, "improvement_percent": -0.33554806352675826}}, "best_step": 1500}
{"ts": "2026-10-02T11:31:22.855995+00:00", "level": "info", "trace_id": "01M3Y63BR4687YS6AAXQSPQAWF", "msg": "evaluated_recording", "file": "1757.wav", "sampled": true}
{"ts": "2026-10-02T11:31:22.913402+00:00", "level": "info", "trace_id": "01M3Y63BR4687YS6AAXQSPQAWF", "msg": "evaluated_recording", "file": "2487.wav", "sampled": true}
{"ts": "2026-10-02T11:31:22.970176+00:00", "level": "info", "trace_id": "01M3Y63BR4687YS6AAXQSPQAWF", "msg": "evaluated_recording", "file": "2168.wav", "sampled": true}
{"ts": "2026-10-02T11:31:23.027120+00:00", "level": "info", "trace_id": "01M3Y63BR4687YS6AAXQSPQAWF", "msg": "evaluated_recording", "file": "2161.wav", "sampled": true}
{"ts": "2026-10-02T11:31:23.084031+00:00", "level": "info", "trace_id": "01M3Y63BR4687YS6AAXQSPQAWF", "msg": "evaluated_recording", "file": "1923.wav", "sampled": true}
{"ts": "2026-10-02T11:31:23.141261+00:00", "level": "info", "trace_id": "01M3Y63BR4687YS6AAXQSPQAWF", "msg": "evaluated_recording", "file": "2480.wav", "sampled": true}
{"ts": "2026-10-02T11:31:23.198814+00:00", "level": "info", "trace_id": "01M3Y63BR4687YS6AAXQSPQAWF", "msg": "evaluated_recording", "file": "2481.wav", "sampled": true}
{"ts": "2026-10-02T11:31:23.256035+00:00", "level": "info", "trace_id": "01M3Y63BR4687YS6AAXQSPQAWF", "msg": "evaluated_recording", "file": "2607.wav", "sampled": true}
{"ts": "2026-10-02T11:31:23.312912+00:00", "level": "info", "trace_id": "01M3Y63BR4687YS6AAXQSPQAWF", "msg": "evaluated_recording", "file": "2397.wav", "sampled": true}
{"ts": "2026-10-02T11:31:23.369859+00:00", "level": "info", "trace_id": "01M3Y63BR4687YS6AAXQSPQAWF", "msg": "evaluated_recording", "file": "2466.wav", "sampled": true}
{"ts": "2026-10-02T11:31:23.432069+00:00", "level": "info", "trace_id": "01M3Y63BR4687YS6AAXQSPQAWF", "msg": "evaluated_recording", "file": "2540.wav", "sampled": true}
{"ts": "2026-10-02T11:31:23.490541+00:00", "level": "info", "trace_id": "01M3Y63BR4687YS6AAXQSPQAWF", "msg": "evaluated_recording", "file": "2213.wav", "sampled": true}
{"ts": "2026-10-02T11:31:23.548497+00:00", "level": "info", "trace_id": "01M3Y63BR4687YS6AAXQSPQAWF", "msg": "evaluated_recording", "file": "2221.wav", "sampled": true}
{"ts": "2026-10-02T11:31:23.606142+00:00", "level": "info", "trace_id": "01M3Y63BR4687YS6AAXQSPQAWF", "msg": "evaluated_recording", "file": "1775.wav", "sampled": true}
{"ts": "2026-10-02T11:31:23.663469+00:00", "level": "info", "trace_id": "01M3Y63BR4687YS6AAXQSPQAWF", "msg": "evaluated_recording", "file": "1773.wav", "sampled": true}
{"ts": "2026-10-02T11:31:23.720696+00:00", "level": "info", "trace_id": "01M3Y63BR4687YS6AAXQSPQAWF", "msg": "evaluated_recording", "file": "2178.wav", "sampled": true}
{"ts": "2026-10-02T11:31:23.778068+00:00", "level": "info", "trace_id": "01M3Y63BR4687YS6AAXQSPQAWF", "msg": "evaluated_recording", "file": "2514.wav", "sampled": true}
{"ts": "2026-10-02T11:31:23.835698+00:00", "level": "info", "trace_id": "01M3Y63BR4687YS6AAXQSPQAWF", "msg": "evaluated_recording", "file": "1729.wav", "sampled": true}
{"ts": "2026-10-02T11:31:23.893015+00:00", "level": "info", "trace_id": "01M3Y63BR4687YS6AAXQSPQAWF", "msg": "evaluated_recording", "file": "2436.wav", "sampled": true}
{"ts": "2026-10-02T11:31:23.945295+00:00", "level": "info", "trace_id": "01M3Y63BR4687YS6AAXQSPQAWF", "msg": "evaluated_recording", "file": "2614.wav", "sampled": true}
{"ts": "2026-10-02T11:31:23.945893+00:00", "level": "info", "trace_id": "01M3Y63BR4687YS6AAXQSPQAWF", "msg": "step", "step": 2000, "loss": 0.002353968331590295, "validation": {"all": {"frames": 89820, "model_mse": 0.00042231345576379775, "zero_mse": 0.0004215139439312793, "improvement_percent": -0.18967624773258418}, "active": {"frames": 1465, "model_mse": 0.00754824313167778, "zero_mse": 0.007546999755812275, "improvement_percent": -0.01647510144078268}, "inactive": {"frames": 88355, "model_mse": 0.00030415956893362767, "zero_mse": 0.0003033674147747397, "improvement_percent": -0.26112038416392647}}, "best_step": 2000}
{"ts": "2026-10-02T11:31:25.257378+00:00", "level": "info", "trace_id": "01M3Y63BR4687YS6AAXQSPQAWF", "msg": "evaluated_recording", "file": "1757.wav", "sampled": true}
{"ts": "2026-10-02T11:31:25.310119+00:00", "level": "info", "trace_id": "01M3Y63BR4687YS6AAXQSPQAWF", "msg": "evaluated_recording", "file": "2487.wav", "sampled": true}
{"ts": "2026-10-02T11:31:25.366156+00:00", "level": "info", "trace_id": "01M3Y63BR4687YS6AAXQSPQAWF", "msg": "evaluated_recording", "file": "2168.wav", "sampled": true}
{"ts": "2026-10-02T11:31:25.421649+00:00", "level": "info", "trace_id": "01M3Y63BR4687YS6AAXQSPQAWF", "msg": "evaluated_recording", "file": "2161.wav", "sampled": true}
{"ts": "2026-10-02T11:31:25.477790+00:00", "level": "info", "trace_id": "01M3Y63BR4687YS6AAXQSPQAWF", "msg": "evaluated_recording", "file": "1923.wav", "sampled": true}
{"ts": "2026-10-02T11:31:25.529634+00:00", "level": "info", "trace_id": "01M3Y63BR4687YS6AAXQSPQAWF", "msg": "evaluated_recording", "file": "2480.wav", "sampled": true}
{"ts": "2026-10-02T11:31:25.590238+00:00", "level": "info", "trace_id": "01M3Y63BR4687YS6AAXQSPQAWF", "msg": "evaluated_recording", "file": "2481.wav", "sampled": true}
{"ts": "2026-10-02T11:31:25.647664+00:00", "level": "info", "trace_id": "01M3Y63BR4687YS6AAXQSPQAWF", "msg": "evaluated_recording", "file": "2607.wav", "sampled": true}
{"ts": "2026-10-02T11:31:25.705191+00:00", "level": "info", "trace_id": "01M3Y63BR4687YS6AAXQSPQAWF", "msg": "evaluated_recording", "file": "2397.wav", "sampled": true}
{"ts": "2026-10-02T11:31:25.762595+00:00", "level": "info", "trace_id": "01M3Y63BR4687YS6AAXQSPQAWF", "msg": "evaluated_recording", "file": "2466.wav", "sampled": true}
{"ts": "2026-10-02T11:31:25.819843+00:00", "level": "info", "trace_id": "01M3Y63BR4687YS6AAXQSPQAWF", "msg": "evaluated_recording", "file": "2540.wav", "sampled": true}
{"ts": "2026-10-02T11:31:25.877006+00:00", "level": "info", "trace_id": "01M3Y63BR4687YS6AAXQSPQAWF", "msg": "evaluated_recording", "file": "2213.wav", "sampled": true}
{"ts": "2026-10-02T11:31:25.934238+00:00", "level": "info", "trace_id": "01M3Y63BR4687YS6AAXQSPQAWF", "msg": "evaluated_recording", "file": "2221.wav", "sampled": true}
{"ts": "2026-10-02T11:31:25.991598+00:00", "level": "info", "trace_id": "01M3Y63BR4687YS6AAXQSPQAWF", "msg": "evaluated_recording", "file": "1775.wav", "sampled": true}
{"ts": "2026-10-02T11:31:26.049019+00:00", "level": "info", "trace_id": "01M3Y63BR4687YS6AAXQSPQAWF", "msg": "evaluated_recording", "file": "1773.wav", "sampled": true}
{"ts": "2026-10-02T11:31:26.106620+00:00", "level": "info", "trace_id": "01M3Y63BR4687YS6AAXQSPQAWF", "msg": "evaluated_recording", "file": "2178.wav", "sampled": true}
{"ts": "2026-10-02T11:31:26.163938+00:00", "level": "info", "trace_id": "01M3Y63BR4687YS6AAXQSPQAWF", "msg": "evaluated_recording", "file": "2514.wav", "sampled": true}
{"ts": "2026-10-02T11:31:26.221016+00:00", "level": "info", "trace_id": "01M3Y63BR4687YS6AAXQSPQAWF", "msg": "evaluated_recording", "file": "1729.wav", "sampled": true}
{"ts": "2026-10-02T11:31:26.273371+00:00", "level": "info", "trace_id": "01M3Y63BR4687YS6AAXQSPQAWF", "msg": "evaluated_recording", "file": "2436.wav", "sampled": true}
{"ts": "2026-10-02T11:31:26.328090+00:00", "level": "info", "trace_id": "01M3Y63BR4687YS6AAXQSPQAWF", "msg": "evaluated_recording", "file": "2614.wav", "sampled": true}
{"ts": "2026-10-02T11:31:26.328691+00:00", "level": "info", "trace_id": "01M3Y63BR4687YS6AAXQSPQAWF", "msg": "step", "step": 2500, "loss": 0.00038699799915775657, "validation": {"all": {"frames": 89820, "model_mse": 0.000422304628669235, "zero_mse": 0.0004215139439312793, "improvement_percent": -0.18758210714961976}, "active": {"frames": 1465, "model_mse": 0.007549002443636021, "zero_mse": 0.007546999755812275, "improvement_percent": -0.026536211587968594}, "inactive": {"frames": 88355, "model_mse": 0.0003041379963501415, "zero_mse": 0.0003033674147747397, "improvement_percent": -0.2540093424252543}}, "best_step": 2500}
{"ts": "2026-10-02T11:31:27.749591+00:00", "level": "info", "trace_id": "01M3Y63BR4687YS6AAXQSPQAWF", "msg": "evaluated_recording", "file": "1757.wav", "sampled": true}
{"ts": "2026-10-02T11:31:27.813234+00:00", "level": "info", "trace_id": "01M3Y63BR4687YS6AAXQSPQAWF", "msg": "evaluated_recording", "file": "2487.wav", "sampled": true}
{"ts": "2026-10-02T11:31:27.870732+00:00", "level": "info", "trace_id": "01M3Y63BR4687YS6AAXQSPQAWF", "msg": "evaluated_recording", "file": "2168.wav", "sampled": true}
{"ts": "2026-10-02T11:31:27.928423+00:00", "level": "info", "trace_id": "01M3Y63BR4687YS6AAXQSPQAWF", "msg": "evaluated_recording", "file": "2161.wav", "sampled": true}
{"ts": "2026-10-02T11:31:27.985813+00:00", "level": "info", "trace_id": "01M3Y63BR4687YS6AAXQSPQAWF", "msg": "evaluated_recording", "file": "1923.wav", "sampled": true}
{"ts": "2026-10-02T11:31:28.043340+00:00", "level": "info", "trace_id": "01M3Y63BR4687YS6AAXQSPQAWF", "msg": "evaluated_recording", "file": "2480.wav", "sampled": true}
{"ts": "2026-10-02T11:31:28.100462+00:00", "level": "info", "trace_id": "01M3Y63BR4687YS6AAXQSPQAWF", "msg": "evaluated_recording", "file": "2481.wav", "sampled": true}
{"ts": "2026-10-02T11:31:28.153312+00:00", "level": "info", "trace_id": "01M3Y63BR4687YS6AAXQSPQAWF", "msg": "evaluated_recording", "file": "2607.wav", "sampled": true}
{"ts": "2026-10-02T11:31:28.205439+00:00", "level": "info", "trace_id": "01M3Y63BR4687YS6AAXQSPQAWF", "msg": "evaluated_recording", "file": "2397.wav", "sampled": true}
{"ts": "2026-10-02T11:31:28.257858+00:00", "level": "info", "trace_id": "01M3Y63BR4687YS6AAXQSPQAWF", "msg": "evaluated_recording", "file": "2466.wav", "sampled": true}
{"ts": "2026-10-02T11:31:28.309914+00:00", "level": "info", "trace_id": "01M3Y63BR4687YS6AAXQSPQAWF", "msg": "evaluated_recording", "file": "2540.wav", "sampled": true}
{"ts": "2026-10-02T11:31:28.362293+00:00", "level": "info", "trace_id": "01M3Y63BR4687YS6AAXQSPQAWF", "msg": "evaluated_recording", "file": "2213.wav", "sampled": true}
{"ts": "2026-10-02T11:31:28.414610+00:00", "level": "info", "trace_id": "01M3Y63BR4687YS6AAXQSPQAWF", "msg": "evaluated_recording", "file": "2221.wav", "sampled": true}
{"ts": "2026-10-02T11:31:28.466545+00:00", "level": "info", "trace_id": "01M3Y63BR4687YS6AAXQSPQAWF", "msg": "evaluated_recording", "file": "1775.wav", "sampled": true}
{"ts": "2026-10-02T11:31:28.518479+00:00", "level": "info", "trace_id": "01M3Y63BR4687YS6AAXQSPQAWF", "msg": "evaluated_recording", "file": "1773.wav", "sampled": true}
{"ts": "2026-10-02T11:31:28.571999+00:00", "level": "info", "trace_id": "01M3Y63BR4687YS6AAXQSPQAWF", "msg": "evaluated_recording", "file": "2178.wav", "sampled": true}
{"ts": "2026-10-02T11:31:28.628876+00:00", "level": "info", "trace_id": "01M3Y63BR4687YS6AAXQSPQAWF", "msg": "evaluated_recording", "file": "2514.wav", "sampled": true}
{"ts": "2026-10-02T11:31:28.686001+00:00", "level": "info", "trace_id": "01M3Y63BR4687YS6AAXQSPQAWF", "msg": "evaluated_recording", "file": "1729.wav", "sampled": true}
{"ts": "2026-10-02T11:31:28.743506+00:00", "level": "info", "trace_id": "01M3Y63BR4687YS6AAXQSPQAWF", "msg": "evaluated_recording", "file": "2436.wav", "sampled": true}
{"ts": "2026-10-02T11:31:28.799924+00:00", "level": "info", "trace_id": "01M3Y63BR4687YS6AAXQSPQAWF", "msg": "evaluated_recording", "file": "2614.wav", "sampled": true}
{"ts": "2026-10-02T11:31:28.800541+00:00", "level": "info", "trace_id": "01M3Y63BR4687YS6AAXQSPQAWF", "msg": "step", "step": 3000, "loss": 0.0005596670089289546, "validation": {"all": {"frames": 89820, "model_mse": 0.0004221561045976563, "zero_mse": 0.0004215139439312793, "improvement_percent": -0.15234624515332307}, "active": {"frames": 1465, "model_mse": 0.007547426620441085, "zero_mse": 0.007546999755812275, "improvement_percent": -0.005656083776628407}, "inactive": {"frames": 88355, "model_mse": 0.0003040131340414729, "zero_mse": 0.0003033674147747397, "improvement_percent": -0.21285056841475747}}, "best_step": 3000}
{"ts": "2026-10-02T11:31:30.162900+00:00", "level": "info", "trace_id": "01M3Y63BR4687YS6AAXQSPQAWF", "msg": "evaluated_recording", "file": "1757.wav", "sampled": true}
{"ts": "2026-10-02T11:31:30.214984+00:00", "level": "info", "trace_id": "01M3Y63BR4687YS6AAXQSPQAWF", "msg": "evaluated_recording", "file": "2487.wav", "sampled": true}
{"ts": "2026-10-02T11:31:30.267344+00:00", "level": "info", "trace_id": "01M3Y63BR4687YS6AAXQSPQAWF", "msg": "evaluated_recording", "file": "2168.wav", "sampled": true}
{"ts": "2026-10-02T11:31:30.319634+00:00", "level": "info", "trace_id": "01M3Y63BR4687YS6AAXQSPQAWF", "msg": "evaluated_recording", "file": "2161.wav", "sampled": true}
{"ts": "2026-10-02T11:31:30.371958+00:00", "level": "info", "trace_id": "01M3Y63BR4687YS6AAXQSPQAWF", "msg": "evaluated_recording", "file": "1923.wav", "sampled": true}
{"ts": "2026-10-02T11:31:30.423859+00:00", "level": "info", "trace_id": "01M3Y63BR4687YS6AAXQSPQAWF", "msg": "evaluated_recording", "file": "2480.wav", "sampled": true}
{"ts": "2026-10-02T11:31:30.476213+00:00", "level": "info", "trace_id": "01M3Y63BR4687YS6AAXQSPQAWF", "msg": "evaluated_recording", "file": "2481.wav", "sampled": true}
{"ts": "2026-10-02T11:31:30.528572+00:00", "level": "info", "trace_id": "01M3Y63BR4687YS6AAXQSPQAWF", "msg": "evaluated_recording", "file": "2607.wav", "sampled": true}
{"ts": "2026-10-02T11:31:30.580598+00:00", "level": "info", "trace_id": "01M3Y63BR4687YS6AAXQSPQAWF", "msg": "evaluated_recording", "file": "2397.wav", "sampled": true}
{"ts": "2026-10-02T11:31:30.632880+00:00", "level": "info", "trace_id": "01M3Y63BR4687YS6AAXQSPQAWF", "msg": "evaluated_recording", "file": "2466.wav", "sampled": true}
{"ts": "2026-10-02T11:31:30.685241+00:00", "level": "info", "trace_id": "01M3Y63BR4687YS6AAXQSPQAWF", "msg": "evaluated_recording", "file": "2540.wav", "sampled": true}
{"ts": "2026-10-02T11:31:30.736692+00:00", "level": "info", "trace_id": "01M3Y63BR4687YS6AAXQSPQAWF", "msg": "evaluated_recording", "file": "2213.wav", "sampled": true}
{"ts": "2026-10-02T11:31:30.789063+00:00", "level": "info", "trace_id": "01M3Y63BR4687YS6AAXQSPQAWF", "msg": "evaluated_recording", "file": "2221.wav", "sampled": true}
{"ts": "2026-10-02T11:31:30.841438+00:00", "level": "info", "trace_id": "01M3Y63BR4687YS6AAXQSPQAWF", "msg": "evaluated_recording", "file": "1775.wav", "sampled": true}
{"ts": "2026-10-02T11:31:30.893147+00:00", "level": "info", "trace_id": "01M3Y63BR4687YS6AAXQSPQAWF", "msg": "evaluated_recording", "file": "1773.wav", "sampled": true}
{"ts": "2026-10-02T11:31:30.945113+00:00", "level": "info", "trace_id": "01M3Y63BR4687YS6AAXQSPQAWF", "msg": "evaluated_recording", "file": "2178.wav", "sampled": true}
{"ts": "2026-10-02T11:31:30.997448+00:00", "level": "info", "trace_id": "01M3Y63BR4687YS6AAXQSPQAWF", "msg": "evaluated_recording", "file": "2514.wav", "sampled": true}
{"ts": "2026-10-02T11:31:31.052036+00:00", "level": "info", "trace_id": "01M3Y63BR4687YS6AAXQSPQAWF", "msg": "evaluated_recording", "file": "1729.wav", "sampled": true}
{"ts": "2026-10-02T11:31:31.109280+00:00", "level": "info", "trace_id": "01M3Y63BR4687YS6AAXQSPQAWF", "msg": "evaluated_recording", "file": "2436.wav", "sampled": true}
{"ts": "2026-10-02T11:31:31.166364+00:00", "level": "info", "trace_id": "01M3Y63BR4687YS6AAXQSPQAWF", "msg": "evaluated_recording", "file": "2614.wav", "sampled": true}
{"ts": "2026-10-02T11:31:31.166449+00:00", "level": "info", "trace_id": "01M3Y63BR4687YS6AAXQSPQAWF", "msg": "step", "step": 3500, "loss": 0.000432714557973668, "validation": {"all": {"frames": 89820, "model_mse": 0.00042218641249498165, "zero_mse": 0.0004215139439312793, "improvement_percent": -0.15953649301148065}, "active": {"frames": 1465, "model_mse": 0.007547845952579281, "zero_mse": 0.007546999755812275, "improvement_percent": -0.011212359803702832}, "inactive": {"frames": 88355, "model_mse": 0.00030403699722158476, "zero_mse": 0.0003033674147747397, "improvement_percent": -0.22071666706269255}}, "best_step": 3000}
{"ts": "2026-10-02T11:31:32.723411+00:00", "level": "info", "trace_id": "01M3Y63BR4687YS6AAXQSPQAWF", "msg": "evaluated_recording", "file": "1757.wav", "sampled": true}
{"ts": "2026-10-02T11:31:32.781082+00:00", "level": "info", "trace_id": "01M3Y63BR4687YS6AAXQSPQAWF", "msg": "evaluated_recording", "file": "2487.wav", "sampled": true}
{"ts": "2026-10-02T11:31:32.838416+00:00", "level": "info", "trace_id": "01M3Y63BR4687YS6AAXQSPQAWF", "msg": "evaluated_recording", "file": "2168.wav", "sampled": true}
{"ts": "2026-10-02T11:31:32.905008+00:00", "level": "info", "trace_id": "01M3Y63BR4687YS6AAXQSPQAWF", "msg": "evaluated_recording", "file": "2161.wav", "sampled": true}
{"ts": "2026-10-02T11:31:32.970067+00:00", "level": "info", "trace_id": "01M3Y63BR4687YS6AAXQSPQAWF", "msg": "evaluated_recording", "file": "1923.wav", "sampled": true}
{"ts": "2026-10-02T11:31:33.027312+00:00", "level": "info", "trace_id": "01M3Y63BR4687YS6AAXQSPQAWF", "msg": "evaluated_recording", "file": "2480.wav", "sampled": true}
{"ts": "2026-10-02T11:31:33.084789+00:00", "level": "info", "trace_id": "01M3Y63BR4687YS6AAXQSPQAWF", "msg": "evaluated_recording", "file": "2481.wav", "sampled": true}
{"ts": "2026-10-02T11:31:33.141772+00:00", "level": "info", "trace_id": "01M3Y63BR4687YS6AAXQSPQAWF", "msg": "evaluated_recording", "file": "2607.wav", "sampled": true}
{"ts": "2026-10-02T11:31:33.198523+00:00", "level": "info", "trace_id": "01M3Y63BR4687YS6AAXQSPQAWF", "msg": "evaluated_recording", "file": "2397.wav", "sampled": true}
{"ts": "2026-10-02T11:31:33.255416+00:00", "level": "info", "trace_id": "01M3Y63BR4687YS6AAXQSPQAWF", "msg": "evaluated_recording", "file": "2466.wav", "sampled": true}
{"ts": "2026-10-02T11:31:33.312903+00:00", "level": "info", "trace_id": "01M3Y63BR4687YS6AAXQSPQAWF", "msg": "evaluated_recording", "file": "2540.wav", "sampled": true}
{"ts": "2026-10-02T11:31:33.370112+00:00", "level": "info", "trace_id": "01M3Y63BR4687YS6AAXQSPQAWF", "msg": "evaluated_recording", "file": "2213.wav", "sampled": true}
{"ts": "2026-10-02T11:31:33.422840+00:00", "level": "info", "trace_id": "01M3Y63BR4687YS6AAXQSPQAWF", "msg": "evaluated_recording", "file": "2221.wav", "sampled": true}
{"ts": "2026-10-02T11:31:33.475196+00:00", "level": "info", "trace_id": "01M3Y63BR4687YS6AAXQSPQAWF", "msg": "evaluated_recording", "file": "1775.wav", "sampled": true}
{"ts": "2026-10-02T11:31:33.527370+00:00", "level": "info", "trace_id": "01M3Y63BR4687YS6AAXQSPQAWF", "msg": "evaluated_recording", "file": "1773.wav", "sampled": true}
{"ts": "2026-10-02T11:31:33.578993+00:00", "level": "info", "trace_id": "01M3Y63BR4687YS6AAXQSPQAWF", "msg": "evaluated_recording", "file": "2178.wav", "sampled": true}
{"ts": "2026-10-02T11:31:33.630681+00:00", "level": "info", "trace_id": "01M3Y63BR4687YS6AAXQSPQAWF", "msg": "evaluated_recording", "file": "2514.wav", "sampled": true}
{"ts": "2026-10-02T11:31:33.683144+00:00", "level": "info", "trace_id": "01M3Y63BR4687YS6AAXQSPQAWF", "msg": "evaluated_recording", "file": "1729.wav", "sampled": true}
{"ts": "2026-10-02T11:31:33.735555+00:00", "level": "info", "trace_id": "01M3Y63BR4687YS6AAXQSPQAWF", "msg": "evaluated_recording", "file": "2436.wav", "sampled": true}
{"ts": "2026-10-02T11:31:33.786799+00:00", "level": "info", "trace_id": "01M3Y63BR4687YS6AAXQSPQAWF", "msg": "evaluated_recording", "file": "2614.wav", "sampled": true}
{"ts": "2026-10-02T11:31:33.787380+00:00", "level": "info", "trace_id": "01M3Y63BR4687YS6AAXQSPQAWF", "msg": "step", "step": 4000, "loss": 0.0006396707030944526, "validation": {"all": {"frames": 89820, "model_mse": 0.00042205867754846574, "zero_mse": 0.0004215139439312793, "improvement_percent": -0.12923264462048056}, "active": {"frames": 1465, "model_mse": 0.007547258759114522, "zero_mse": 0.007546999755812275, "improvement_percent": -0.0034318710829150945}, "inactive": {"frames": 88355, "model_mse": 0.0003039168960818594, "zero_mse": 0.0003033674147747397, "improvement_percent": -0.181127332850739}}, "best_step": 4000}
{"ts": "2026-10-02T11:31:35.071475+00:00", "level": "info", "trace_id": "01M3Y63BR4687YS6AAXQSPQAWF", "msg": "evaluated_recording", "file": "1757.wav", "sampled": true}
{"ts": "2026-10-02T11:31:35.126802+00:00", "level": "info", "trace_id": "01M3Y63BR4687YS6AAXQSPQAWF", "msg": "evaluated_recording", "file": "2487.wav", "sampled": true}
{"ts": "2026-10-02T11:31:35.180352+00:00", "level": "info", "trace_id": "01M3Y63BR4687YS6AAXQSPQAWF", "msg": "evaluated_recording", "file": "2168.wav", "sampled": true}
{"ts": "2026-10-02T11:31:35.235069+00:00", "level": "info", "trace_id": "01M3Y63BR4687YS6AAXQSPQAWF", "msg": "evaluated_recording", "file": "2161.wav", "sampled": true}
{"ts": "2026-10-02T11:31:35.286853+00:00", "level": "info", "trace_id": "01M3Y63BR4687YS6AAXQSPQAWF", "msg": "evaluated_recording", "file": "1923.wav", "sampled": true}
{"ts": "2026-10-02T11:31:35.339412+00:00", "level": "info", "trace_id": "01M3Y63BR4687YS6AAXQSPQAWF", "msg": "evaluated_recording", "file": "2480.wav", "sampled": true}
{"ts": "2026-10-02T11:31:35.393405+00:00", "level": "info", "trace_id": "01M3Y63BR4687YS6AAXQSPQAWF", "msg": "evaluated_recording", "file": "2481.wav", "sampled": true}
{"ts": "2026-10-02T11:31:35.451003+00:00", "level": "info", "trace_id": "01M3Y63BR4687YS6AAXQSPQAWF", "msg": "evaluated_recording", "file": "2607.wav", "sampled": true}
{"ts": "2026-10-02T11:31:35.507376+00:00", "level": "info", "trace_id": "01M3Y63BR4687YS6AAXQSPQAWF", "msg": "evaluated_recording", "file": "2397.wav", "sampled": true}
{"ts": "2026-10-02T11:31:35.561625+00:00", "level": "info", "trace_id": "01M3Y63BR4687YS6AAXQSPQAWF", "msg": "evaluated_recording", "file": "2466.wav", "sampled": true}
{"ts": "2026-10-02T11:31:35.617720+00:00", "level": "info", "trace_id": "01M3Y63BR4687YS6AAXQSPQAWF", "msg": "evaluated_recording", "file": "2540.wav", "sampled": true}
{"ts": "2026-10-02T11:31:35.672150+00:00", "level": "info", "trace_id": "01M3Y63BR4687YS6AAXQSPQAWF", "msg": "evaluated_recording", "file": "2213.wav", "sampled": true}
{"ts": "2026-10-02T11:31:35.730100+00:00", "level": "info", "trace_id": "01M3Y63BR4687YS6AAXQSPQAWF", "msg": "evaluated_recording", "file": "2221.wav", "sampled": true}
{"ts": "2026-10-02T11:31:35.787329+00:00", "level": "info", "trace_id": "01M3Y63BR4687YS6AAXQSPQAWF", "msg": "evaluated_recording", "file": "1775.wav", "sampled": true}
{"ts": "2026-10-02T11:31:35.842902+00:00", "level": "info", "trace_id": "01M3Y63BR4687YS6AAXQSPQAWF", "msg": "evaluated_recording", "file": "1773.wav", "sampled": true}
{"ts": "2026-10-02T11:31:35.897734+00:00", "level": "info", "trace_id": "01M3Y63BR4687YS6AAXQSPQAWF", "msg": "evaluated_recording", "file": "2178.wav", "sampled": true}
{"ts": "2026-10-02T11:31:35.954318+00:00", "level": "info", "trace_id": "01M3Y63BR4687YS6AAXQSPQAWF", "msg": "evaluated_recording", "file": "2514.wav", "sampled": true}
{"ts": "2026-10-02T11:31:36.011749+00:00", "level": "info", "trace_id": "01M3Y63BR4687YS6AAXQSPQAWF", "msg": "evaluated_recording", "file": "1729.wav", "sampled": true}
{"ts": "2026-10-02T11:31:36.069503+00:00", "level": "info", "trace_id": "01M3Y63BR4687YS6AAXQSPQAWF", "msg": "evaluated_recording", "file": "2436.wav", "sampled": true}
{"ts": "2026-10-02T11:31:36.126867+00:00", "level": "info", "trace_id": "01M3Y63BR4687YS6AAXQSPQAWF", "msg": "evaluated_recording", "file": "2614.wav", "sampled": true}
{"ts": "2026-10-02T11:31:36.126954+00:00", "level": "info", "trace_id": "01M3Y63BR4687YS6AAXQSPQAWF", "msg": "step", "step": 4500, "loss": 0.0005435801576822996, "validation": {"all": {"frames": 89820, "model_mse": 0.0004220908096074478, "zero_mse": 0.0004215139439312793, "improvement_percent": -0.13685565672829636}, "active": {"frames": 1465, "model_mse": 0.0075479430523270035, "zero_mse": 0.007546999755812275, "improvement_percent": -0.012498960451168273}, "inactive": {"frames": 88355, "model_mse": 0.00030393820121929634, "zero_mse": 0.0003033674147747397, "improvement_percent": -0.18815021546743083}}, "best_step": 4000}
{"ts": "2026-10-02T11:31:37.579390+00:00", "level": "info", "trace_id": "01M3Y63BR4687YS6AAXQSPQAWF", "msg": "evaluated_recording", "file": "1757.wav", "sampled": true}
{"ts": "2026-10-02T11:31:37.636714+00:00", "level": "info", "trace_id": "01M3Y63BR4687YS6AAXQSPQAWF", "msg": "evaluated_recording", "file": "2487.wav", "sampled": true}
{"ts": "2026-10-02T11:31:37.693977+00:00", "level": "info", "trace_id": "01M3Y63BR4687YS6AAXQSPQAWF", "msg": "evaluated_recording", "file": "2168.wav", "sampled": true}
{"ts": "2026-10-02T11:31:37.751206+00:00", "level": "info", "trace_id": "01M3Y63BR4687YS6AAXQSPQAWF", "msg": "evaluated_recording", "file": "2161.wav", "sampled": true}
{"ts": "2026-10-02T11:31:37.808675+00:00", "level": "info", "trace_id": "01M3Y63BR4687YS6AAXQSPQAWF", "msg": "evaluated_recording", "file": "1923.wav", "sampled": true}
{"ts": "2026-10-02T11:31:37.864146+00:00", "level": "info", "trace_id": "01M3Y63BR4687YS6AAXQSPQAWF", "msg": "evaluated_recording", "file": "2480.wav", "sampled": true}
{"ts": "2026-10-02T11:31:37.915901+00:00", "level": "info", "trace_id": "01M3Y63BR4687YS6AAXQSPQAWF", "msg": "evaluated_recording", "file": "2481.wav", "sampled": true}
{"ts": "2026-10-02T11:31:37.967846+00:00", "level": "info", "trace_id": "01M3Y63BR4687YS6AAXQSPQAWF", "msg": "evaluated_recording", "file": "2607.wav", "sampled": true}
{"ts": "2026-10-02T11:31:38.020286+00:00", "level": "info", "trace_id": "01M3Y63BR4687YS6AAXQSPQAWF", "msg": "evaluated_recording", "file": "2397.wav", "sampled": true}
{"ts": "2026-10-02T11:31:38.072342+00:00", "level": "info", "trace_id": "01M3Y63BR4687YS6AAXQSPQAWF", "msg": "evaluated_recording", "file": "2466.wav", "sampled": true}
{"ts": "2026-10-02T11:31:38.124822+00:00", "level": "info", "trace_id": "01M3Y63BR4687YS6AAXQSPQAWF", "msg": "evaluated_recording", "file": "2540.wav", "sampled": true}
{"ts": "2026-10-02T11:31:38.176516+00:00", "level": "info", "trace_id": "01M3Y63BR4687YS6AAXQSPQAWF", "msg": "evaluated_recording", "file": "2213.wav", "sampled": true}
{"ts": "2026-10-02T11:31:38.229164+00:00", "level": "info", "trace_id": "01M3Y63BR4687YS6AAXQSPQAWF", "msg": "evaluated_recording", "file": "2221.wav", "sampled": true}
{"ts": "2026-10-02T11:31:38.281194+00:00", "level": "info", "trace_id": "01M3Y63BR4687YS6AAXQSPQAWF", "msg": "evaluated_recording", "file": "1775.wav", "sampled": true}
{"ts": "2026-10-02T11:31:38.333122+00:00", "level": "info", "trace_id": "01M3Y63BR4687YS6AAXQSPQAWF", "msg": "evaluated_recording", "file": "1773.wav", "sampled": true}
{"ts": "2026-10-02T11:31:38.384452+00:00", "level": "info", "trace_id": "01M3Y63BR4687YS6AAXQSPQAWF", "msg": "evaluated_recording", "file": "2178.wav", "sampled": true}
{"ts": "2026-10-02T11:31:38.436280+00:00", "level": "info", "trace_id": "01M3Y63BR4687YS6AAXQSPQAWF", "msg": "evaluated_recording", "file": "2514.wav", "sampled": true}
{"ts": "2026-10-02T11:31:38.488492+00:00", "level": "info", "trace_id": "01M3Y63BR4687YS6AAXQSPQAWF", "msg": "evaluated_recording", "file": "1729.wav", "sampled": true}
{"ts": "2026-10-02T11:31:38.545133+00:00", "level": "info", "trace_id": "01M3Y63BR4687YS6AAXQSPQAWF", "msg": "evaluated_recording", "file": "2436.wav", "sampled": true}
{"ts": "2026-10-02T11:31:38.597599+00:00", "level": "info", "trace_id": "01M3Y63BR4687YS6AAXQSPQAWF", "msg": "evaluated_recording", "file": "2614.wav", "sampled": true}
{"ts": "2026-10-02T11:31:38.597684+00:00", "level": "info", "trace_id": "01M3Y63BR4687YS6AAXQSPQAWF", "msg": "step", "step": 5000, "loss": 0.0004679704434238374, "validation": {"all": {"frames": 89820, "model_mse": 0.00042214440103805075, "zero_mse": 0.0004215139439312793, "improvement_percent": -0.14956969178563373}, "active": {"frames": 1465, "model_mse": 0.00754778382434014, "zero_mse": 0.007546999755812275, "improvement_percent": -0.010389142086042469}, "inactive": {"frames": 88355, "model_mse": 0.0003039953203554739, "zero_mse": 0.0003033674147747397, "improvement_percent": -0.20697858443381456}}, "best_step": 4000}
{"ts": "2026-10-02T11:31:39.033602+00:00", "level": "info", "trace_id": "01M3Y63BR4687YS6AAXQSPQAWF", "msg": "evaluated_recording", "file": "1759.wav", "sampled": false}
{"ts": "2026-10-02T11:31:39.429489+00:00", "level": "info", "trace_id": "01M3Y63BR4687YS6AAXQSPQAWF", "msg": "evaluated_recording", "file": "1819.wav", "sampled": false}
{"ts": "2026-10-02T11:31:39.922579+00:00", "level": "info", "trace_id": "01M3Y63BR4687YS6AAXQSPQAWF", "msg": "evaluated_recording", "file": "2106.wav", "sampled": false}
{"ts": "2026-10-02T11:31:40.135430+00:00", "level": "info", "trace_id": "01M3Y63BR4687YS6AAXQSPQAWF", "msg": "evaluated_recording", "file": "2191.wav", "sampled": false}
{"ts": "2026-10-02T11:31:40.464663+00:00", "level": "info", "trace_id": "01M3Y63BR4687YS6AAXQSPQAWF", "msg": "evaluated_recording", "file": "2298.wav", "sampled": false}
{"ts": "2026-10-02T11:31:40.662431+00:00", "level": "info", "trace_id": "01M3Y63BR4687YS6AAXQSPQAWF", "msg": "evaluated_recording", "file": "2303.wav", "sampled": false}
{"ts": "2026-10-02T11:31:40.916047+00:00", "level": "info", "trace_id": "01M3Y63BR4687YS6AAXQSPQAWF", "msg": "evaluated_recording", "file": "2382.wav", "sampled": false}
{"ts": "2026-10-02T11:31:41.214651+00:00", "level": "info", "trace_id": "01M3Y63BR4687YS6AAXQSPQAWF", "msg": "evaluated_recording", "file": "2416.wav", "sampled": false}
{"ts": "2026-10-02T11:31:41.538673+00:00", "level": "info", "trace_id": "01M3Y63BR4687YS6AAXQSPQAWF", "msg": "evaluated_recording", "file": "2556.wav", "sampled": false}
{"ts": "2026-10-02T11:31:41.807089+00:00", "level": "info", "trace_id": "01M3Y63BR4687YS6AAXQSPQAWF", "msg": "evaluated_recording", "file": "2628.wav", "sampled": false}
{"ts": "2026-10-02T11:31:41.808449+00:00", "level": "info", "trace_id": "01M3Y63BR4687YS6AAXQSPQAWF", "msg": "finished", "corpus": "MusicNet 1.0", "record": "https://zenodo.org/records/5120004", "license": "CC BY 4.0", "train_recordings": 300, "validation_recordings": 20, "test_recordings": 10, "train_excerpt_fractions": [0.15, 0.45, 0.75], "train_excerpt_seconds": 8, "active_definition": "frame high-band (12\u201320 kHz) squared magnitude exceeds 0.001 times low-band (0\u201312 kHz) squared magnitude", "validation_ids": ["1757", "2487", "2168", "2161", "1923", "2480", "2481", "2607", "2397", "2466", "2540", "2213", "2221", "1775", "1773", "2178", "2514", "1729", "2436", "2614"], "train_frames": 1347300, "train_active_frames": 31938, "steps": 5000, "selected_step": 4000, "batch": 512, "seed": 1407, "device": "cpu", "validation": {"all": {"frames": 89820, "model_mse": 0.00042205867754846574, "zero_mse": 0.0004215139439312793, "improvement_percent": -0.12923264462048056}, "active": {"frames": 1465, "model_mse": 0.007547258759114522, "zero_mse": 0.007546999755812275, "improvement_percent": -0.0034318710829150945}, "inactive": {"frames": 88355, "model_mse": 0.0003039168960818594, "zero_mse": 0.0003033674147747397, "improvement_percent": -0.181127332850739}}, "heldout": {"all": {"frames": 277668, "model_mse": 0.0008816936217339462, "zero_mse": 0.000880955040528214, "improvement_percent": -0.08383869457053716}, "active": {"frames": 6695, "model_mse": 0.028024719689513197, "zero_mse": 0.028022985777645868, "improvement_percent": -0.006187462967299773}, "inactive": {"frames": 270973, "model_mse": 0.00021106385285925354, "zero_mse": 0.00021034986460116638, "improvement_percent": -0.33942891260752006}, "by_recording": [{"id": "1759", "frames": 36496, "model_mse": 2.0868776118732058e-05, "zero_mse": 2.0275881979614496e-05, "improvement_percent": -2.9241323471069336}, {"id": "1819", "frames": 33273, "model_mse": 0.0011148113990202546, "zero_mse": 0.001114223268814385, "improvement_percent": -0.05278587341308594}, {"id": "2106", "frames": 42494, "model_mse": 3.3914011510205455e-06, "zero_mse": 2.732815346462303e-06, "improvement_percent": -24.099170684814453}, {"id": "2191", "frames": 19280, "model_mse": 4.377217464934802e-06, "zero_mse": 2.042982259808923e-06, "improvement_percent": -114.25626373291016}, {"id": "2298", "frames": 28782, "model_mse": 0.00023059023078531027, "zero_mse": 0.00023007369600236416, "improvement_percent": -0.22450685501098633}, {"id": "2303", "frames": 17370, "model_mse": 6.8514436861732975e-06, "zero_mse": 6.354458946589148e-06, "improvement_percent": -7.821035385131836}, {"id": "2382", "frames": 22121, "model_mse": 0.000711004831828177, "zero_mse": 0.0007100353250280023, "improvement_percent": -0.13654232025146484}, {"id": "2416", "frames": 26083, "model_mse": 8.967555913841352e-05, "zero_mse": 8.905169670470059e-05, "improvement_percent": -0.7005572319030762}, {"id": "2556", "frames": 28395, "model_mse": 5.479784158524126e-05, "zero_mse": 5.430942837847397e-05, "improvement_percent": -0.8993148803710938}, {"id": "2628", "frames": 23374, "model_mse": 0.007716089487075806, "zero_mse": 0.007715413346886635, "improvement_percent": -0.008761882781982422}]}, "checkpoint_sha256": "33aabc7fcca4349d720aef7cf1c3b71921a07a5502c33d63c874d9a08ab01a65", "checkpoint_bytes": 608868, "test_ids": ["1759", "1819", "2106", "2191", "2298", "2303", "2382", "2416", "2556", "2628"]}
