{"ts": "2026-10-02T11:32:40.197782+00:00", "level": "info", "trace_id": "01M3Y66J3RKGTGYMMBZ68ARHGX", "msg": "split", "train_recordings": 300, "calibration_recordings": 10, "validation_recordings": 10, "test_recordings": 10, "device": "cpu"}
{"ts": "2026-10-02T11:32:49.651226+00:00", "level": "info", "trace_id": "01M3Y66J3RKGTGYMMBZ68ARHGX", "msg": "training_data", "frames": 1347300, "active_frames": 31938, "active_fraction": 0.02370518815408595}
{"ts": "2026-10-02T11:32:51.188624+00:00", "level": "info", "trace_id": "01M3Y66J3RKGTGYMMBZ68ARHGX", "msg": "evaluated_recording", "file": "2540.wav", "sampled": true}
{"ts": "2026-10-02T11:32:51.220138+00:00", "level": "info", "trace_id": "01M3Y66J3RKGTGYMMBZ68ARHGX", "msg": "evaluated_recording", "file": "2213.wav", "sampled": true}
{"ts": "2026-10-02T11:32:51.251948+00:00", "level": "info", "trace_id": "01M3Y66J3RKGTGYMMBZ68ARHGX", "msg": "evaluated_recording", "file": "2221.wav", "sampled": true}
{"ts": "2026-10-02T11:32:51.283890+00:00", "level": "info", "trace_id": "01M3Y66J3RKGTGYMMBZ68ARHGX", "msg": "evaluated_recording", "file": "1775.wav", "sampled": true}
{"ts": "2026-10-02T11:32:51.315708+00:00", "level": "info", "trace_id": "01M3Y66J3RKGTGYMMBZ68ARHGX", "msg": "evaluated_recording", "file": "1773.wav", "sampled": true}
{"ts": "2026-10-02T11:32:51.347381+00:00", "level": "info", "trace_id": "01M3Y66J3RKGTGYMMBZ68ARHGX", "msg": "evaluated_recording", "file": "2178.wav", "sampled": true}
{"ts": "2026-10-02T11:32:51.378806+00:00", "level": "info", "trace_id": "01M3Y66J3RKGTGYMMBZ68ARHGX", "msg": "evaluated_recording", "file": "2514.wav", "sampled": true}
{"ts": "2026-10-02T11:32:51.410324+00:00", "level": "info", "trace_id": "01M3Y66J3RKGTGYMMBZ68ARHGX", "msg": "evaluated_recording", "file": "1729.wav", "sampled": true}
{"ts": "2026-10-02T11:32:51.442019+00:00", "level": "info", "trace_id": "01M3Y66J3RKGTGYMMBZ68ARHGX", "msg": "evaluated_recording", "file": "2436.wav", "sampled": true}
{"ts": "2026-10-02T11:32:51.473765+00:00", "level": "info", "trace_id": "01M3Y66J3RKGTGYMMBZ68ARHGX", "msg": "evaluated_recording", "file": "2614.wav", "sampled": true}
{"ts": "2026-10-02T11:32:51.475585+00:00", "level": "info", "trace_id": "01M3Y66J3RKGTGYMMBZ68ARHGX", "msg": "step", "step": 500, "loss": 0.011084364727139473, "calibrated_gain": 0.002730120682696015, "validation": {"all": {"frames": 44910, "model_mse": 0.00014675943879919915, "zero_mse": 0.00014675939530503086, "improvement_percent": -2.9636377418817972e-05}, "active": {"frames": 36, "model_mse": 0.005984061985623602, "zero_mse": 0.005984015246621924, "improvement_percent": -0.0007810642144612245}, "inactive": {"frames": 44874, "model_mse": 0.00014207648348175283, "zero_mse": 0.0001420764779567489, "improvement_percent": -3.888753430381087e-06}}, "best_step": 500}
{"ts": "2026-10-02T11:32:52.598024+00:00", "level": "info", "trace_id": "01M3Y66J3RKGTGYMMBZ68ARHGX", "msg": "evaluated_recording", "file": "2540.wav", "sampled": true}
{"ts": "2026-10-02T11:32:52.629789+00:00", "level": "info", "trace_id": "01M3Y66J3RKGTGYMMBZ68ARHGX", "msg": "evaluated_recording", "file": "2213.wav", "sampled": true}
{"ts": "2026-10-02T11:32:52.661400+00:00", "level": "info", "trace_id": "01M3Y66J3RKGTGYMMBZ68ARHGX", "msg": "evaluated_recording", "file": "2221.wav", "sampled": true}
{"ts": "2026-10-02T11:32:52.692775+00:00", "level": "info", "trace_id": "01M3Y66J3RKGTGYMMBZ68ARHGX", "msg": "evaluated_recording", "file": "1775.wav", "sampled": true}
{"ts": "2026-10-02T11:32:52.724412+00:00", "level": "info", "trace_id": "01M3Y66J3RKGTGYMMBZ68ARHGX", "msg": "evaluated_recording", "file": "1773.wav", "sampled": true}
{"ts": "2026-10-02T11:32:52.755906+00:00", "level": "info", "trace_id": "01M3Y66J3RKGTGYMMBZ68ARHGX", "msg": "evaluated_recording", "file": "2178.wav", "sampled": true}
{"ts": "2026-10-02T11:32:52.787668+00:00", "level": "info", "trace_id": "01M3Y66J3RKGTGYMMBZ68ARHGX", "msg": "evaluated_recording", "file": "2514.wav", "sampled": true}
{"ts": "2026-10-02T11:32:52.819274+00:00", "level": "info", "trace_id": "01M3Y66J3RKGTGYMMBZ68ARHGX", "msg": "evaluated_recording", "file": "1729.wav", "sampled": true}
{"ts": "2026-10-02T11:32:52.850808+00:00", "level": "info", "trace_id": "01M3Y66J3RKGTGYMMBZ68ARHGX", "msg": "evaluated_recording", "file": "2436.wav", "sampled": true}
{"ts": "2026-10-02T11:32:52.882508+00:00", "level": "info", "trace_id": "01M3Y66J3RKGTGYMMBZ68ARHGX", "msg": "evaluated_recording", "file": "2614.wav", "sampled": true}
{"ts": "2026-10-02T11:32:52.884045+00:00", "level": "info", "trace_id": "01M3Y66J3RKGTGYMMBZ68ARHGX", "msg": "step", "step": 1000, "loss": 0.016435926780104637, "calibrated_gain": 0.0009285529770422755, "validation": {"all": {"frames": 44910, "model_mse": 0.00014675939659417346, "zero_mse": 0.00014675939530503086, "improvement_percent": -8.784055038901784e-07}, "active": {"frames": 36, "model_mse": 0.005984030629879509, "zero_mse": 0.005984015246621924, "improvement_percent": -0.00025707249984296965}, "inactive": {"frames": 44874, "model_mse": 0.00014207646624553766, "zero_mse": 0.0001420764779567489, "improvement_percent": 8.242892435283977e-06}}, "best_step": 1000}
{"ts": "2026-10-02T11:32:53.995265+00:00", "level": "info", "trace_id": "01M3Y66J3RKGTGYMMBZ68ARHGX", "msg": "evaluated_recording", "file": "2540.wav", "sampled": true}
{"ts": "2026-10-02T11:32:54.026872+00:00", "level": "info", "trace_id": "01M3Y66J3RKGTGYMMBZ68ARHGX", "msg": "evaluated_recording", "file": "2213.wav", "sampled": true}
{"ts": "2026-10-02T11:32:54.058415+00:00", "level": "info", "trace_id": "01M3Y66J3RKGTGYMMBZ68ARHGX", "msg": "evaluated_recording", "file": "2221.wav", "sampled": true}
{"ts": "2026-10-02T11:32:54.092117+00:00", "level": "info", "trace_id": "01M3Y66J3RKGTGYMMBZ68ARHGX", "msg": "evaluated_recording", "file": "1775.wav", "sampled": true}
{"ts": "2026-10-02T11:32:54.127421+00:00", "level": "info", "trace_id": "01M3Y66J3RKGTGYMMBZ68ARHGX", "msg": "evaluated_recording", "file": "1773.wav", "sampled": true}
{"ts": "2026-10-02T11:32:54.159587+00:00", "level": "info", "trace_id": "01M3Y66J3RKGTGYMMBZ68ARHGX", "msg": "evaluated_recording", "file": "2178.wav", "sampled": true}
{"ts": "2026-10-02T11:32:54.191349+00:00", "level": "info", "trace_id": "01M3Y66J3RKGTGYMMBZ68ARHGX", "msg": "evaluated_recording", "file": "2514.wav", "sampled": true}
{"ts": "2026-10-02T11:32:54.223248+00:00", "level": "info", "trace_id": "01M3Y66J3RKGTGYMMBZ68ARHGX", "msg": "evaluated_recording", "file": "1729.wav", "sampled": true}
{"ts": "2026-10-02T11:32:54.255207+00:00", "level": "info", "trace_id": "01M3Y66J3RKGTGYMMBZ68ARHGX", "msg": "evaluated_recording", "file": "2436.wav", "sampled": true}
{"ts": "2026-10-02T11:32:54.286976+00:00", "level": "info", "trace_id": "01M3Y66J3RKGTGYMMBZ68ARHGX", "msg": "evaluated_recording", "file": "2614.wav", "sampled": true}
{"ts": "2026-10-02T11:32:54.287023+00:00", "level": "info", "trace_id": "01M3Y66J3RKGTGYMMBZ68ARHGX", "msg": "step", "step": 1500, "loss": 0.010596293956041336, "calibrated_gain": 0.0034709150744144336, "validation": {"all": {"frames": 44910, "model_mse": 0.00014675996822791025, "zero_mse": 0.00014675939530503086, "improvement_percent": -0.00039038242030109416}, "active": {"frames": 36, "model_mse": 0.0059840543012993005, "zero_mse": 0.005984015246621924, "improvement_percent": -0.0006526500312631356}, "inactive": {"frames": 44874, "model_mse": 0.0001420770203359436, "zero_mse": 0.0001420764779567489, "improvement_percent": -0.00038175157666131554}}, "best_step": 1000}
{"ts": "2026-10-02T11:32:55.402775+00:00", "level": "info", "trace_id": "01M3Y66J3RKGTGYMMBZ68ARHGX", "msg": "evaluated_recording", "file": "2540.wav", "sampled": true}
{"ts": "2026-10-02T11:32:55.434653+00:00", "level": "info", "trace_id": "01M3Y66J3RKGTGYMMBZ68ARHGX", "msg": "evaluated_recording", "file": "2213.wav", "sampled": true}
{"ts": "2026-10-02T11:32:55.467107+00:00", "level": "info", "trace_id": "01M3Y66J3RKGTGYMMBZ68ARHGX", "msg": "evaluated_recording", "file": "2221.wav", "sampled": true}
{"ts": "2026-10-02T11:32:55.500904+00:00", "level": "info", "trace_id": "01M3Y66J3RKGTGYMMBZ68ARHGX", "msg": "evaluated_recording", "file": "1775.wav", "sampled": true}
{"ts": "2026-10-02T11:32:55.533897+00:00", "level": "info", "trace_id": "01M3Y66J3RKGTGYMMBZ68ARHGX", "msg": "evaluated_recording", "file": "1773.wav", "sampled": true}
{"ts": "2026-10-02T11:32:55.567286+00:00", "level": "info", "trace_id": "01M3Y66J3RKGTGYMMBZ68ARHGX", "msg": "evaluated_recording", "file": "2178.wav", "sampled": true}
{"ts": "2026-10-02T11:32:55.599342+00:00", "level": "info", "trace_id": "01M3Y66J3RKGTGYMMBZ68ARHGX", "msg": "evaluated_recording", "file": "2514.wav", "sampled": true}
{"ts": "2026-10-02T11:32:55.631264+00:00", "level": "info", "trace_id": "01M3Y66J3RKGTGYMMBZ68ARHGX", "msg": "evaluated_recording", "file": "1729.wav", "sampled": true}
{"ts": "2026-10-02T11:32:55.662940+00:00", "level": "info", "trace_id": "01M3Y66J3RKGTGYMMBZ68ARHGX", "msg": "evaluated_recording", "file": "2436.wav", "sampled": true}
{"ts": "2026-10-02T11:32:55.694467+00:00", "level": "info", "trace_id": "01M3Y66J3RKGTGYMMBZ68ARHGX", "msg": "evaluated_recording", "file": "2614.wav", "sampled": true}
{"ts": "2026-10-02T11:32:55.694531+00:00", "level": "info", "trace_id": "01M3Y66J3RKGTGYMMBZ68ARHGX", "msg": "step", "step": 2000, "loss": 0.0059568993747234344, "calibrated_gain": 0.0, "validation": {"all": {"frames": 44910, "model_mse": 0.00014675939530503086, "zero_mse": 0.00014675939530503086, "improvement_percent": 0.0}, "active": {"frames": 36, "model_mse": 0.005984015246621924, "zero_mse": 0.005984015246621924, "improvement_percent": 0.0}, "inactive": {"frames": 44874, "model_mse": 0.0001420764779567489, "zero_mse": 0.0001420764779567489, "improvement_percent": 0.0}}, "best_step": 1000}
{"ts": "2026-10-02T11:32:56.811026+00:00", "level": "info", "trace_id": "01M3Y66J3RKGTGYMMBZ68ARHGX", "msg": "evaluated_recording", "file": "2540.wav", "sampled": true}
{"ts": "2026-10-02T11:32:56.843212+00:00", "level": "info", "trace_id": "01M3Y66J3RKGTGYMMBZ68ARHGX", "msg": "evaluated_recording", "file": "2213.wav", "sampled": true}
{"ts": "2026-10-02T11:32:56.877429+00:00", "level": "info", "trace_id": "01M3Y66J3RKGTGYMMBZ68ARHGX", "msg": "evaluated_recording", "file": "2221.wav", "sampled": true}
{"ts": "2026-10-02T11:32:56.912356+00:00", "level": "info", "trace_id": "01M3Y66J3RKGTGYMMBZ68ARHGX", "msg": "evaluated_recording", "file": "1775.wav", "sampled": true}
{"ts": "2026-10-02T11:32:56.949536+00:00", "level": "info", "trace_id": "01M3Y66J3RKGTGYMMBZ68ARHGX", "msg": "evaluated_recording", "file": "1773.wav", "sampled": true}
{"ts": "2026-10-02T11:32:56.985304+00:00", "level": "info", "trace_id": "01M3Y66J3RKGTGYMMBZ68ARHGX", "msg": "evaluated_recording", "file": "2178.wav", "sampled": true}
{"ts": "2026-10-02T11:32:57.025961+00:00", "level": "info", "trace_id": "01M3Y66J3RKGTGYMMBZ68ARHGX", "msg": "evaluated_recording", "file": "2514.wav", "sampled": true}
{"ts": "2026-10-02T11:32:57.058697+00:00", "level": "info", "trace_id": "01M3Y66J3RKGTGYMMBZ68ARHGX", "msg": "evaluated_recording", "file": "1729.wav", "sampled": true}
{"ts": "2026-10-02T11:32:57.091062+00:00", "level": "info", "trace_id": "01M3Y66J3RKGTGYMMBZ68ARHGX", "msg": "evaluated_recording", "file": "2436.wav", "sampled": true}
{"ts": "2026-10-02T11:32:57.123635+00:00", "level": "info", "trace_id": "01M3Y66J3RKGTGYMMBZ68ARHGX", "msg": "evaluated_recording", "file": "2614.wav", "sampled": true}
{"ts": "2026-10-02T11:32:57.123694+00:00", "level": "info", "trace_id": "01M3Y66J3RKGTGYMMBZ68ARHGX", "msg": "step", "step": 2500, "loss": 0.007357713766396046, "calibrated_gain": 0.0, "validation": {"all": {"frames": 44910, "model_mse": 0.00014675939530503086, "zero_mse": 0.00014675939530503086, "improvement_percent": 0.0}, "active": {"frames": 36, "model_mse": 0.005984015246621924, "zero_mse": 0.005984015246621924, "improvement_percent": 0.0}, "inactive": {"frames": 44874, "model_mse": 0.0001420764779567489, "zero_mse": 0.0001420764779567489, "improvement_percent": 0.0}}, "best_step": 1000}
{"ts": "2026-10-02T11:32:58.253630+00:00", "level": "info", "trace_id": "01M3Y66J3RKGTGYMMBZ68ARHGX", "msg": "evaluated_recording", "file": "2540.wav", "sampled": true}
{"ts": "2026-10-02T11:32:58.285183+00:00", "level": "info", "trace_id": "01M3Y66J3RKGTGYMMBZ68ARHGX", "msg": "evaluated_recording", "file": "2213.wav", "sampled": true}
{"ts": "2026-10-02T11:32:58.316838+00:00", "level": "info", "trace_id": "01M3Y66J3RKGTGYMMBZ68ARHGX", "msg": "evaluated_recording", "file": "2221.wav", "sampled": true}
{"ts": "2026-10-02T11:32:58.348413+00:00", "level": "info", "trace_id": "01M3Y66J3RKGTGYMMBZ68ARHGX", "msg": "evaluated_recording", "file": "1775.wav", "sampled": true}
{"ts": "2026-10-02T11:32:58.380112+00:00", "level": "info", "trace_id": "01M3Y66J3RKGTGYMMBZ68ARHGX", "msg": "evaluated_recording", "file": "1773.wav", "sampled": true}
{"ts": "2026-10-02T11:32:58.412323+00:00", "level": "info", "trace_id": "01M3Y66J3RKGTGYMMBZ68ARHGX", "msg": "evaluated_recording", "file": "2178.wav", "sampled": true}
{"ts": "2026-10-02T11:32:58.443830+00:00", "level": "info", "trace_id": "01M3Y66J3RKGTGYMMBZ68ARHGX", "msg": "evaluated_recording", "file": "2514.wav", "sampled": true}
{"ts": "2026-10-02T11:32:58.475492+00:00", "level": "info", "trace_id": "01M3Y66J3RKGTGYMMBZ68ARHGX", "msg": "evaluated_recording", "file": "1729.wav", "sampled": true}
{"ts": "2026-10-02T11:32:58.507085+00:00", "level": "info", "trace_id": "01M3Y66J3RKGTGYMMBZ68ARHGX", "msg": "evaluated_recording", "file": "2436.wav", "sampled": true}
{"ts": "2026-10-02T11:32:58.538744+00:00", "level": "info", "trace_id": "01M3Y66J3RKGTGYMMBZ68ARHGX", "msg": "evaluated_recording", "file": "2614.wav", "sampled": true}
{"ts": "2026-10-02T11:32:58.538798+00:00", "level": "info", "trace_id": "01M3Y66J3RKGTGYMMBZ68ARHGX", "msg": "step", "step": 3000, "loss": 0.014491447247564793, "calibrated_gain": 0.0, "validation": {"all": {"frames": 44910, "model_mse": 0.00014675939530503086, "zero_mse": 0.00014675939530503086, "improvement_percent": 0.0}, "active": {"frames": 36, "model_mse": 0.005984015246621924, "zero_mse": 0.005984015246621924, "improvement_percent": 0.0}, "inactive": {"frames": 44874, "model_mse": 0.0001420764779567489, "zero_mse": 0.0001420764779567489, "improvement_percent": 0.0}}, "best_step": 1000}
{"ts": "2026-10-02T11:32:59.678653+00:00", "level": "info", "trace_id": "01M3Y66J3RKGTGYMMBZ68ARHGX", "msg": "evaluated_recording", "file": "2540.wav", "sampled": true}
{"ts": "2026-10-02T11:32:59.711689+00:00", "level": "info", "trace_id": "01M3Y66J3RKGTGYMMBZ68ARHGX", "msg": "evaluated_recording", "file": "2213.wav", "sampled": true}
{"ts": "2026-10-02T11:32:59.744321+00:00", "level": "info", "trace_id": "01M3Y66J3RKGTGYMMBZ68ARHGX", "msg": "evaluated_recording", "file": "2221.wav", "sampled": true}
{"ts": "2026-10-02T11:32:59.776543+00:00", "level": "info", "trace_id": "01M3Y66J3RKGTGYMMBZ68ARHGX", "msg": "evaluated_recording", "file": "1775.wav", "sampled": true}
{"ts": "2026-10-02T11:32:59.809040+00:00", "level": "info", "trace_id": "01M3Y66J3RKGTGYMMBZ68ARHGX", "msg": "evaluated_recording", "file": "1773.wav", "sampled": true}
{"ts": "2026-10-02T11:32:59.842227+00:00", "level": "info", "trace_id": "01M3Y66J3RKGTGYMMBZ68ARHGX", "msg": "evaluated_recording", "file": "2178.wav", "sampled": true}
{"ts": "2026-10-02T11:32:59.876195+00:00", "level": "info", "trace_id": "01M3Y66J3RKGTGYMMBZ68ARHGX", "msg": "evaluated_recording", "file": "2514.wav", "sampled": true}
{"ts": "2026-10-02T11:32:59.910599+00:00", "level": "info", "trace_id": "01M3Y66J3RKGTGYMMBZ68ARHGX", "msg": "evaluated_recording", "file": "1729.wav", "sampled": true}
{"ts": "2026-10-02T11:32:59.944283+00:00", "level": "info", "trace_id": "01M3Y66J3RKGTGYMMBZ68ARHGX", "msg": "evaluated_recording", "file": "2436.wav", "sampled": true}
{"ts": "2026-10-02T11:32:59.977660+00:00", "level": "info", "trace_id": "01M3Y66J3RKGTGYMMBZ68ARHGX", "msg": "evaluated_recording", "file": "2614.wav", "sampled": true}
{"ts": "2026-10-02T11:32:59.977712+00:00", "level": "info", "trace_id": "01M3Y66J3RKGTGYMMBZ68ARHGX", "msg": "step", "step": 3500, "loss": 0.01404368132352829, "calibrated_gain": 0.0, "validation": {"all": {"frames": 44910, "model_mse": 0.00014675939530503086, "zero_mse": 0.00014675939530503086, "improvement_percent": 0.0}, "active": {"frames": 36, "model_mse": 0.005984015246621924, "zero_mse": 0.005984015246621924, "improvement_percent": 0.0}, "inactive": {"frames": 44874, "model_mse": 0.0001420764779567489, "zero_mse": 0.0001420764779567489, "improvement_percent": 0.0}}, "best_step": 1000}
{"ts": "2026-10-02T11:33:01.122325+00:00", "level": "info", "trace_id": "01M3Y66J3RKGTGYMMBZ68ARHGX", "msg": "evaluated_recording", "file": "2540.wav", "sampled": true}
{"ts": "2026-10-02T11:33:01.154741+00:00", "level": "info", "trace_id": "01M3Y66J3RKGTGYMMBZ68ARHGX", "msg": "evaluated_recording", "file": "2213.wav", "sampled": true}
{"ts": "2026-10-02T11:33:01.186884+00:00", "level": "info", "trace_id": "01M3Y66J3RKGTGYMMBZ68ARHGX", "msg": "evaluated_recording", "file": "2221.wav", "sampled": true}
{"ts": "2026-10-02T11:33:01.218752+00:00", "level": "info", "trace_id": "01M3Y66J3RKGTGYMMBZ68ARHGX", "msg": "evaluated_recording", "file": "1775.wav", "sampled": true}
{"ts": "2026-10-02T11:33:01.250771+00:00", "level": "info", "trace_id": "01M3Y66J3RKGTGYMMBZ68ARHGX", "msg": "evaluated_recording", "file": "1773.wav", "sampled": true}
{"ts": "2026-10-02T11:33:01.283077+00:00", "level": "info", "trace_id": "01M3Y66J3RKGTGYMMBZ68ARHGX", "msg": "evaluated_recording", "file": "2178.wav", "sampled": true}
{"ts": "2026-10-02T11:33:01.315012+00:00", "level": "info", "trace_id": "01M3Y66J3RKGTGYMMBZ68ARHGX", "msg": "evaluated_recording", "file": "2514.wav", "sampled": true}
{"ts": "2026-10-02T11:33:01.346859+00:00", "level": "info", "trace_id": "01M3Y66J3RKGTGYMMBZ68ARHGX", "msg": "evaluated_recording", "file": "1729.wav", "sampled": true}
{"ts": "2026-10-02T11:33:01.379194+00:00", "level": "info", "trace_id": "01M3Y66J3RKGTGYMMBZ68ARHGX", "msg": "evaluated_recording", "file": "2436.wav", "sampled": true}
{"ts": "2026-10-02T11:33:01.410890+00:00", "level": "info", "trace_id": "01M3Y66J3RKGTGYMMBZ68ARHGX", "msg": "evaluated_recording", "file": "2614.wav", "sampled": true}
{"ts": "2026-10-02T11:33:01.410947+00:00", "level": "info", "trace_id": "01M3Y66J3RKGTGYMMBZ68ARHGX", "msg": "step", "step": 4000, "loss": 0.009741679765284061, "calibrated_gain": 0.0, "validation": {"all": {"frames": 44910, "model_mse": 0.00014675939530503086, "zero_mse": 0.00014675939530503086, "improvement_percent": 0.0}, "active": {"frames": 36, "model_mse": 0.005984015246621924, "zero_mse": 0.005984015246621924, "improvement_percent": 0.0}, "inactive": {"frames": 44874, "model_mse": 0.0001420764779567489, "zero_mse": 0.0001420764779567489, "improvement_percent": 0.0}}, "best_step": 1000}
{"ts": "2026-10-02T11:33:02.533794+00:00", "level": "info", "trace_id": "01M3Y66J3RKGTGYMMBZ68ARHGX", "msg": "evaluated_recording", "file": "2540.wav", "sampled": true}
{"ts": "2026-10-02T11:33:02.568763+00:00", "level": "info", "trace_id": "01M3Y66J3RKGTGYMMBZ68ARHGX", "msg": "evaluated_recording", "file": "2213.wav", "sampled": true}
{"ts": "2026-10-02T11:33:02.603386+00:00", "level": "info", "trace_id": "01M3Y66J3RKGTGYMMBZ68ARHGX", "msg": "evaluated_recording", "file": "2221.wav", "sampled": true}
{"ts": "2026-10-02T11:33:02.638302+00:00", "level": "info", "trace_id": "01M3Y66J3RKGTGYMMBZ68ARHGX", "msg": "evaluated_recording", "file": "1775.wav", "sampled": true}
{"ts": "2026-10-02T11:33:02.672590+00:00", "level": "info", "trace_id": "01M3Y66J3RKGTGYMMBZ68ARHGX", "msg": "evaluated_recording", "file": "1773.wav", "sampled": true}
{"ts": "2026-10-02T11:33:02.706317+00:00", "level": "info", "trace_id": "01M3Y66J3RKGTGYMMBZ68ARHGX", "msg": "evaluated_recording", "file": "2178.wav", "sampled": true}
{"ts": "2026-10-02T11:33:02.739985+00:00", "level": "info", "trace_id": "01M3Y66J3RKGTGYMMBZ68ARHGX", "msg": "evaluated_recording", "file": "2514.wav", "sampled": true}
{"ts": "2026-10-02T11:33:02.773224+00:00", "level": "info", "trace_id": "01M3Y66J3RKGTGYMMBZ68ARHGX", "msg": "evaluated_recording", "file": "1729.wav", "sampled": true}
{"ts": "2026-10-02T11:33:02.807469+00:00", "level": "info", "trace_id": "01M3Y66J3RKGTGYMMBZ68ARHGX", "msg": "evaluated_recording", "file": "2436.wav", "sampled": true}
{"ts": "2026-10-02T11:33:02.841960+00:00", "level": "info", "trace_id": "01M3Y66J3RKGTGYMMBZ68ARHGX", "msg": "evaluated_recording", "file": "2614.wav", "sampled": true}
{"ts": "2026-10-02T11:33:02.842019+00:00", "level": "info", "trace_id": "01M3Y66J3RKGTGYMMBZ68ARHGX", "msg": "step", "step": 4500, "loss": 0.005928375292569399, "calibrated_gain": 0.0, "validation": {"all": {"frames": 44910, "model_mse": 0.00014675939530503086, "zero_mse": 0.00014675939530503086, "improvement_percent": 0.0}, "active": {"frames": 36, "model_mse": 0.005984015246621924, "zero_mse": 0.005984015246621924, "improvement_percent": 0.0}, "inactive": {"frames": 44874, "model_mse": 0.0001420764779567489, "zero_mse": 0.0001420764779567489, "improvement_percent": 0.0}}, "best_step": 1000}
{"ts": "2026-10-02T11:33:03.925995+00:00", "level": "info", "trace_id": "01M3Y66J3RKGTGYMMBZ68ARHGX", "msg": "evaluated_recording", "file": "2540.wav", "sampled": true}
{"ts": "2026-10-02T11:33:03.959695+00:00", "level": "info", "trace_id": "01M3Y66J3RKGTGYMMBZ68ARHGX", "msg": "evaluated_recording", "file": "2213.wav", "sampled": true}
{"ts": "2026-10-02T11:33:03.994857+00:00", "level": "info", "trace_id": "01M3Y66J3RKGTGYMMBZ68ARHGX", "msg": "evaluated_recording", "file": "2221.wav", "sampled": true}
{"ts": "2026-10-02T11:33:04.028095+00:00", "level": "info", "trace_id": "01M3Y66J3RKGTGYMMBZ68ARHGX", "msg": "evaluated_recording", "file": "1775.wav", "sampled": true}
{"ts": "2026-10-02T11:33:04.060832+00:00", "level": "info", "trace_id": "01M3Y66J3RKGTGYMMBZ68ARHGX", "msg": "evaluated_recording", "file": "1773.wav", "sampled": true}
{"ts": "2026-10-02T11:33:04.094452+00:00", "level": "info", "trace_id": "01M3Y66J3RKGTGYMMBZ68ARHGX", "msg": "evaluated_recording", "file": "2178.wav", "sampled": true}
{"ts": "2026-10-02T11:33:04.127989+00:00", "level": "info", "trace_id": "01M3Y66J3RKGTGYMMBZ68ARHGX", "msg": "evaluated_recording", "file": "2514.wav", "sampled": true}
{"ts": "2026-10-02T11:33:04.161808+00:00", "level": "info", "trace_id": "01M3Y66J3RKGTGYMMBZ68ARHGX", "msg": "evaluated_recording", "file": "1729.wav", "sampled": true}
{"ts": "2026-10-02T11:33:04.195915+00:00", "level": "info", "trace_id": "01M3Y66J3RKGTGYMMBZ68ARHGX", "msg": "evaluated_recording", "file": "2436.wav", "sampled": true}
{"ts": "2026-10-02T11:33:04.229302+00:00", "level": "info", "trace_id": "01M3Y66J3RKGTGYMMBZ68ARHGX", "msg": "evaluated_recording", "file": "2614.wav", "sampled": true}
{"ts": "2026-10-02T11:33:04.229365+00:00", "level": "info", "trace_id": "01M3Y66J3RKGTGYMMBZ68ARHGX", "msg": "step", "step": 5000, "loss": 0.01280171051621437, "calibrated_gain": 0.0, "validation": {"all": {"frames": 44910, "model_mse": 0.00014675939530503086, "zero_mse": 0.00014675939530503086, "improvement_percent": 0.0}, "active": {"frames": 36, "model_mse": 0.005984015246621924, "zero_mse": 0.005984015246621924, "improvement_percent": 0.0}, "inactive": {"frames": 44874, "model_mse": 0.0001420764779567489, "zero_mse": 0.0001420764779567489, "improvement_percent": 0.0}}, "best_step": 1000}
{"ts": "2026-10-02T11:33:04.517780+00:00", "level": "info", "trace_id": "01M3Y66J3RKGTGYMMBZ68ARHGX", "msg": "evaluated_recording", "file": "1759.wav", "sampled": false}
{"ts": "2026-10-02T11:33:04.766802+00:00", "level": "info", "trace_id": "01M3Y66J3RKGTGYMMBZ68ARHGX", "msg": "evaluated_recording", "file": "1819.wav", "sampled": false}
{"ts": "2026-10-02T11:33:05.101931+00:00", "level": "info", "trace_id": "01M3Y66J3RKGTGYMMBZ68ARHGX", "msg": "evaluated_recording", "file": "2106.wav", "sampled": false}
{"ts": "2026-10-02T11:33:05.245440+00:00", "level": "info", "trace_id": "01M3Y66J3RKGTGYMMBZ68ARHGX", "msg": "evaluated_recording", "file": "2191.wav", "sampled": false}
{"ts": "2026-10-02T11:33:05.459725+00:00", "level": "info", "trace_id": "01M3Y66J3RKGTGYMMBZ68ARHGX", "msg": "evaluated_recording", "file": "2298.wav", "sampled": false}
{"ts": "2026-10-02T11:33:05.588776+00:00", "level": "info", "trace_id": "01M3Y66J3RKGTGYMMBZ68ARHGX", "msg": "evaluated_recording", "file": "2303.wav", "sampled": false}
{"ts": "2026-10-02T11:33:05.750598+00:00", "level": "info", "trace_id": "01M3Y66J3RKGTGYMMBZ68ARHGX", "msg": "evaluated_recording", "file": "2382.wav", "sampled": false}
{"ts": "2026-10-02T11:33:05.938424+00:00", "level": "info", "trace_id": "01M3Y66J3RKGTGYMMBZ68ARHGX", "msg": "evaluated_recording", "file": "2416.wav", "sampled": false}
{"ts": "2026-10-02T11:33:06.144439+00:00", "level": "info", "trace_id": "01M3Y66J3RKGTGYMMBZ68ARHGX", "msg": "evaluated_recording", "file": "2556.wav", "sampled": false}
{"ts": "2026-10-02T11:33:06.313863+00:00", "level": "info", "trace_id": "01M3Y66J3RKGTGYMMBZ68ARHGX", "msg": "evaluated_recording", "file": "2628.wav", "sampled": false}
{"ts": "2026-10-02T11:33:06.314778+00:00", "level": "info", "trace_id": "01M3Y66J3RKGTGYMMBZ68ARHGX", "msg": "finished", "corpus": "MusicNet 1.0", "record": "https://zenodo.org/records/5120004", "license": "CC BY 4.0", "train_recordings": 300, "calibration_recordings": 10, "validation_recordings": 10, "test_recordings": 10, "train_excerpt_fractions": [0.15, 0.45, 0.75], "train_excerpt_seconds": 8, "active_definition": "frame high-band (12\u201320 kHz) squared magnitude exceeds 0.001 times low-band (0\u201312 kHz) squared magnitude", "calibration_ids": ["1757", "2487", "2168", "2161", "1923", "2480", "2481", "2607", "2397", "2466"], "validation_ids": ["2540", "2213", "2221", "1775", "1773", "2178", "2514", "1729", "2436", "2614"], "train_frames": 1347300, "train_active_frames": 31938, "steps": 5000, "selected_step": 1000, "batch": 512, "seed": 1407, "device": "cpu", "active_share_per_batch": 0.5, "calibrated_gain": 0.0009285529770422755, "validation": {"all": {"frames": 44910, "model_mse": 0.00014675939659417346, "zero_mse": 0.00014675939530503086, "improvement_percent": -8.784055038901784e-07}, "active": {"frames": 36, "model_mse": 0.005984030629879509, "zero_mse": 0.005984015246621924, "improvement_percent": -0.00025707249984296965}, "inactive": {"frames": 44874, "model_mse": 0.00014207646624553766, "zero_mse": 0.0001420764779567489, "improvement_percent": 8.242892435283977e-06}}, "heldout": {"all": {"frames": 277668, "model_mse": 0.0008809545840322706, "zero_mse": 0.000880955040528214, "improvement_percent": 5.181830200484683e-05}, "active": {"frames": 6695, "model_mse": 0.028022970157221997, "zero_mse": 0.028022985777645868, "improvement_percent": 5.5741468796277616e-05}, "inactive": {"frames": 270973, "model_mse": 0.0002103497973177636, "zero_mse": 0.00021034986460116638, "improvement_percent": 3.1986425530483586e-05}, "by_recording": [{"id": "1759", "frames": 36496, "model_mse": 2.0275892893550918e-05, "zero_mse": 2.0275881979614496e-05, "improvement_percent": -5.9604644775390625e-05}, {"id": "1819", "frames": 33273, "model_mse": 0.001114223268814385, "zero_mse": 0.001114223268814385, "improvement_percent": 0.0}, {"id": "2106", "frames": 42494, "model_mse": 2.7328244414093206e-06, "zero_mse": 2.732815346462303e-06, "improvement_percent": -0.0003337860107421875}, {"id": "2191", "frames": 19280, "model_mse": 2.0430090899026254e-06, "zero_mse": 2.042982259808923e-06, "improvement_percent": -0.0013232231140136719}, {"id": "2298", "frames": 28782, "model_mse": 0.00023007378331385553, "zero_mse": 0.00023007369600236416, "improvement_percent": -3.5762786865234375e-05}, {"id": "2303", "frames": 17370, "model_mse": 6.354456218105042e-06, "zero_mse": 6.354458946589148e-06, "improvement_percent": 4.172325134277344e-05}, {"id": "2382", "frames": 22121, "model_mse": 0.0007100353250280023, "zero_mse": 0.0007100353250280023, "improvement_percent": 0.0}, {"id": "2416", "frames": 26083, "model_mse": 8.905164577299729e-05, "zero_mse": 8.905169670470059e-05, "improvement_percent": 5.364418029785156e-05}, {"id": "2556", "frames": 28395, "model_mse": 5.430945384432562e-05, "zero_mse": 5.430942837847397e-05, "improvement_percent": -4.76837158203125e-05}, {"id": "2628", "frames": 23374, "model_mse": 0.007715407758951187, "zero_mse": 0.007715413346886635, "improvement_percent": 7.748603820800781e-05}]}, "checkpoint_sha256": "c51b12097479ca0e10b7aaed5b3cde4cee4adc5137bd36b53707a3ce7e437867", "checkpoint_bytes": 608868, "test_ids": ["1759", "1819", "2106", "2191", "2298", "2303", "2382", "2416", "2556", "2628"]}
