{"ts": "2026-10-02T11:35:32.829065+00:00", "level": "info", "trace_id": "01M3Y6BH6CKPXTFBEF024816RR", "msg": "split", "training": 300, "calibration": ["2283", "2285", "1813", "2160", "2284", "1793", "1822", "1824", "1835", "1916"], "validation": ["2288", "1807", "2159", "2289", "2431", "1918", "1919", "1923", "1931", "1932"], "test": 10, "device": "cpu"}
{"ts": "2026-10-02T11:35:41.920144+00:00", "level": "info", "trace_id": "01M3Y6BH6CKPXTFBEF024816RR", "msg": "training_data", "frames": 1347300, "active_frames": 19260}
{"ts": "2026-10-02T11:35:43.510138+00:00", "level": "info", "trace_id": "01M3Y6BH6CKPXTFBEF024816RR", "msg": "evaluated_recording", "file": "2288.wav", "sampled": true}
{"ts": "2026-10-02T11:35:43.541454+00:00", "level": "info", "trace_id": "01M3Y6BH6CKPXTFBEF024816RR", "msg": "evaluated_recording", "file": "1807.wav", "sampled": true}
{"ts": "2026-10-02T11:35:43.572707+00:00", "level": "info", "trace_id": "01M3Y6BH6CKPXTFBEF024816RR", "msg": "evaluated_recording", "file": "2159.wav", "sampled": true}
{"ts": "2026-10-02T11:35:43.604136+00:00", "level": "info", "trace_id": "01M3Y6BH6CKPXTFBEF024816RR", "msg": "evaluated_recording", "file": "2289.wav", "sampled": true}
{"ts": "2026-10-02T11:35:43.635203+00:00", "level": "info", "trace_id": "01M3Y6BH6CKPXTFBEF024816RR", "msg": "evaluated_recording", "file": "2431.wav", "sampled": true}
{"ts": "2026-10-02T11:35:43.666352+00:00", "level": "info", "trace_id": "01M3Y6BH6CKPXTFBEF024816RR", "msg": "evaluated_recording", "file": "1918.wav", "sampled": true}
{"ts": "2026-10-02T11:35:43.697566+00:00", "level": "info", "trace_id": "01M3Y6BH6CKPXTFBEF024816RR", "msg": "evaluated_recording", "file": "1919.wav", "sampled": true}
{"ts": "2026-10-02T11:35:43.729803+00:00", "level": "info", "trace_id": "01M3Y6BH6CKPXTFBEF024816RR", "msg": "evaluated_recording", "file": "1923.wav", "sampled": true}
{"ts": "2026-10-02T11:35:43.761310+00:00", "level": "info", "trace_id": "01M3Y6BH6CKPXTFBEF024816RR", "msg": "evaluated_recording", "file": "1931.wav", "sampled": true}
{"ts": "2026-10-02T11:35:43.792816+00:00", "level": "info", "trace_id": "01M3Y6BH6CKPXTFBEF024816RR", "msg": "evaluated_recording", "file": "1932.wav", "sampled": true}
{"ts": "2026-10-02T11:35:43.793000+00:00", "level": "info", "trace_id": "01M3Y6BH6CKPXTFBEF024816RR", "msg": "step", "step": 500, "loss": 0.011923822574317455, "gain": 2.0, "validation": {"all": {"frames": 44910, "model_mse": 0.0027752385645902714, "zero_mse": 0.002775032955347949, "improvement_percent": -0.007409254074852711}, "active": {"frames": 4807, "model_mse": 0.019117762309665623, "zero_mse": 0.019116095207962272, "improvement_percent": -0.008720932205119603}, "inactive": {"frames": 40103, "model_mse": 0.0008163199888583507, "zero_mse": 0.0008162895633743553, "improvement_percent": -0.0037272905792917754}}, "best_step": 500}
{"ts": "2026-10-02T11:35:44.845760+00:00", "level": "info", "trace_id": "01M3Y6BH6CKPXTFBEF024816RR", "msg": "evaluated_recording", "file": "2288.wav", "sampled": true}
{"ts": "2026-10-02T11:35:44.879503+00:00", "level": "info", "trace_id": "01M3Y6BH6CKPXTFBEF024816RR", "msg": "evaluated_recording", "file": "1807.wav", "sampled": true}
{"ts": "2026-10-02T11:35:44.912743+00:00", "level": "info", "trace_id": "01M3Y6BH6CKPXTFBEF024816RR", "msg": "evaluated_recording", "file": "2159.wav", "sampled": true}
{"ts": "2026-10-02T11:35:44.946610+00:00", "level": "info", "trace_id": "01M3Y6BH6CKPXTFBEF024816RR", "msg": "evaluated_recording", "file": "2289.wav", "sampled": true}
{"ts": "2026-10-02T11:35:44.980777+00:00", "level": "info", "trace_id": "01M3Y6BH6CKPXTFBEF024816RR", "msg": "evaluated_recording", "file": "2431.wav", "sampled": true}
{"ts": "2026-10-02T11:35:45.013390+00:00", "level": "info", "trace_id": "01M3Y6BH6CKPXTFBEF024816RR", "msg": "evaluated_recording", "file": "1918.wav", "sampled": true}
{"ts": "2026-10-02T11:35:45.047027+00:00", "level": "info", "trace_id": "01M3Y6BH6CKPXTFBEF024816RR", "msg": "evaluated_recording", "file": "1919.wav", "sampled": true}
{"ts": "2026-10-02T11:35:45.081364+00:00", "level": "info", "trace_id": "01M3Y6BH6CKPXTFBEF024816RR", "msg": "evaluated_recording", "file": "1923.wav", "sampled": true}
{"ts": "2026-10-02T11:35:45.114910+00:00", "level": "info", "trace_id": "01M3Y6BH6CKPXTFBEF024816RR", "msg": "evaluated_recording", "file": "1931.wav", "sampled": true}
{"ts": "2026-10-02T11:35:45.147799+00:00", "level": "info", "trace_id": "01M3Y6BH6CKPXTFBEF024816RR", "msg": "evaluated_recording", "file": "1932.wav", "sampled": true}
{"ts": "2026-10-02T11:35:45.147862+00:00", "level": "info", "trace_id": "01M3Y6BH6CKPXTFBEF024816RR", "msg": "step", "step": 1000, "loss": 0.016686880961060524, "gain": 1.3711014195597468, "validation": {"all": {"frames": 44910, "model_mse": 0.0027755080622882053, "zero_mse": 0.002775032955347949, "improvement_percent": -0.01712076749722513}, "active": {"frames": 4807, "model_mse": 0.019119991452046334, "zero_mse": 0.019116095207962272, "improvement_percent": -0.020382008154240516}, "inactive": {"frames": 40103, "model_mse": 0.0008163545911123005, "zero_mse": 0.0008162895633743553, "improvement_percent": -0.007966258649250157}}, "best_step": 500}
{"ts": "2026-10-02T11:35:46.183778+00:00", "level": "info", "trace_id": "01M3Y6BH6CKPXTFBEF024816RR", "msg": "evaluated_recording", "file": "2288.wav", "sampled": true}
{"ts": "2026-10-02T11:35:46.215152+00:00", "level": "info", "trace_id": "01M3Y6BH6CKPXTFBEF024816RR", "msg": "evaluated_recording", "file": "1807.wav", "sampled": true}
{"ts": "2026-10-02T11:35:46.246661+00:00", "level": "info", "trace_id": "01M3Y6BH6CKPXTFBEF024816RR", "msg": "evaluated_recording", "file": "2159.wav", "sampled": true}
{"ts": "2026-10-02T11:35:46.278178+00:00", "level": "info", "trace_id": "01M3Y6BH6CKPXTFBEF024816RR", "msg": "evaluated_recording", "file": "2289.wav", "sampled": true}
{"ts": "2026-10-02T11:35:46.309497+00:00", "level": "info", "trace_id": "01M3Y6BH6CKPXTFBEF024816RR", "msg": "evaluated_recording", "file": "2431.wav", "sampled": true}
{"ts": "2026-10-02T11:35:46.340885+00:00", "level": "info", "trace_id": "01M3Y6BH6CKPXTFBEF024816RR", "msg": "evaluated_recording", "file": "1918.wav", "sampled": true}
{"ts": "2026-10-02T11:35:46.372544+00:00", "level": "info", "trace_id": "01M3Y6BH6CKPXTFBEF024816RR", "msg": "evaluated_recording", "file": "1919.wav", "sampled": true}
{"ts": "2026-10-02T11:35:46.403965+00:00", "level": "info", "trace_id": "01M3Y6BH6CKPXTFBEF024816RR", "msg": "evaluated_recording", "file": "1923.wav", "sampled": true}
{"ts": "2026-10-02T11:35:46.435442+00:00", "level": "info", "trace_id": "01M3Y6BH6CKPXTFBEF024816RR", "msg": "evaluated_recording", "file": "1931.wav", "sampled": true}
{"ts": "2026-10-02T11:35:46.467033+00:00", "level": "info", "trace_id": "01M3Y6BH6CKPXTFBEF024816RR", "msg": "evaluated_recording", "file": "1932.wav", "sampled": true}
{"ts": "2026-10-02T11:35:46.467087+00:00", "level": "info", "trace_id": "01M3Y6BH6CKPXTFBEF024816RR", "msg": "step", "step": 1500, "loss": 0.0059915101155638695, "gain": 2.0, "validation": {"all": {"frames": 44910, "model_mse": 0.0027787296741521098, "zero_mse": 0.002775032955347949, "improvement_percent": -0.13321351002468784}, "active": {"frames": 4807, "model_mse": 0.01914978296304613, "zero_mse": 0.019116095207962272, "improvement_percent": -0.17622717776497598}, "inactive": {"frames": 40103, "model_mse": 0.0008163913663019846, "zero_mse": 0.0008162895633743553, "improvement_percent": -0.012471423401327897}}, "best_step": 500}
{"ts": "2026-10-02T11:35:47.549754+00:00", "level": "info", "trace_id": "01M3Y6BH6CKPXTFBEF024816RR", "msg": "evaluated_recording", "file": "2288.wav", "sampled": true}
{"ts": "2026-10-02T11:35:47.581392+00:00", "level": "info", "trace_id": "01M3Y6BH6CKPXTFBEF024816RR", "msg": "evaluated_recording", "file": "1807.wav", "sampled": true}
{"ts": "2026-10-02T11:35:47.613040+00:00", "level": "info", "trace_id": "01M3Y6BH6CKPXTFBEF024816RR", "msg": "evaluated_recording", "file": "2159.wav", "sampled": true}
{"ts": "2026-10-02T11:35:47.644574+00:00", "level": "info", "trace_id": "01M3Y6BH6CKPXTFBEF024816RR", "msg": "evaluated_recording", "file": "2289.wav", "sampled": true}
{"ts": "2026-10-02T11:35:47.676350+00:00", "level": "info", "trace_id": "01M3Y6BH6CKPXTFBEF024816RR", "msg": "evaluated_recording", "file": "2431.wav", "sampled": true}
{"ts": "2026-10-02T11:35:47.707975+00:00", "level": "info", "trace_id": "01M3Y6BH6CKPXTFBEF024816RR", "msg": "evaluated_recording", "file": "1918.wav", "sampled": true}
{"ts": "2026-10-02T11:35:47.739492+00:00", "level": "info", "trace_id": "01M3Y6BH6CKPXTFBEF024816RR", "msg": "evaluated_recording", "file": "1919.wav", "sampled": true}
{"ts": "2026-10-02T11:35:47.770986+00:00", "level": "info", "trace_id": "01M3Y6BH6CKPXTFBEF024816RR", "msg": "evaluated_recording", "file": "1923.wav", "sampled": true}
{"ts": "2026-10-02T11:35:47.802421+00:00", "level": "info", "trace_id": "01M3Y6BH6CKPXTFBEF024816RR", "msg": "evaluated_recording", "file": "1931.wav", "sampled": true}
{"ts": "2026-10-02T11:35:47.833838+00:00", "level": "info", "trace_id": "01M3Y6BH6CKPXTFBEF024816RR", "msg": "evaluated_recording", "file": "1932.wav", "sampled": true}
{"ts": "2026-10-02T11:35:47.833897+00:00", "level": "info", "trace_id": "01M3Y6BH6CKPXTFBEF024816RR", "msg": "step", "step": 2000, "loss": 0.022588500753045082, "gain": 2.0, "validation": {"all": {"frames": 44910, "model_mse": 0.002775941869886583, "zero_mse": 0.002775032955347949, "improvement_percent": -0.032753288096376565}, "active": {"frames": 4807, "model_mse": 0.019124098335519833, "zero_mse": 0.019116095207962272, "improvement_percent": -0.041865911790539556}, "inactive": {"frames": 40103, "model_mse": 0.0008163481205336906, "zero_mse": 0.0008162895633743553, "improvement_percent": -0.007173576873054088}}, "best_step": 500}
{"ts": "2026-10-02T11:35:48.849504+00:00", "level": "info", "trace_id": "01M3Y6BH6CKPXTFBEF024816RR", "msg": "evaluated_recording", "file": "2288.wav", "sampled": true}
{"ts": "2026-10-02T11:35:48.880774+00:00", "level": "info", "trace_id": "01M3Y6BH6CKPXTFBEF024816RR", "msg": "evaluated_recording", "file": "1807.wav", "sampled": true}
{"ts": "2026-10-02T11:35:48.912249+00:00", "level": "info", "trace_id": "01M3Y6BH6CKPXTFBEF024816RR", "msg": "evaluated_recording", "file": "2159.wav", "sampled": true}
{"ts": "2026-10-02T11:35:48.943662+00:00", "level": "info", "trace_id": "01M3Y6BH6CKPXTFBEF024816RR", "msg": "evaluated_recording", "file": "2289.wav", "sampled": true}
{"ts": "2026-10-02T11:35:48.975073+00:00", "level": "info", "trace_id": "01M3Y6BH6CKPXTFBEF024816RR", "msg": "evaluated_recording", "file": "2431.wav", "sampled": true}
{"ts": "2026-10-02T11:35:49.006812+00:00", "level": "info", "trace_id": "01M3Y6BH6CKPXTFBEF024816RR", "msg": "evaluated_recording", "file": "1918.wav", "sampled": true}
{"ts": "2026-10-02T11:35:49.038467+00:00", "level": "info", "trace_id": "01M3Y6BH6CKPXTFBEF024816RR", "msg": "evaluated_recording", "file": "1919.wav", "sampled": true}
{"ts": "2026-10-02T11:35:49.070548+00:00", "level": "info", "trace_id": "01M3Y6BH6CKPXTFBEF024816RR", "msg": "evaluated_recording", "file": "1923.wav", "sampled": true}
{"ts": "2026-10-02T11:35:49.102379+00:00", "level": "info", "trace_id": "01M3Y6BH6CKPXTFBEF024816RR", "msg": "evaluated_recording", "file": "1931.wav", "sampled": true}
{"ts": "2026-10-02T11:35:49.133877+00:00", "level": "info", "trace_id": "01M3Y6BH6CKPXTFBEF024816RR", "msg": "evaluated_recording", "file": "1932.wav", "sampled": true}
{"ts": "2026-10-02T11:35:49.133939+00:00", "level": "info", "trace_id": "01M3Y6BH6CKPXTFBEF024816RR", "msg": "step", "step": 2500, "loss": 0.016290809959173203, "gain": 2.0, "validation": {"all": {"frames": 44910, "model_mse": 0.0027755922170202324, "zero_mse": 0.002775032955347949, "improvement_percent": -0.020153334438988146}, "active": {"frames": 4807, "model_mse": 0.01912110337928758, "zero_mse": 0.019116095207962272, "improvement_percent": -0.026198715118463944}, "inactive": {"frames": 40103, "model_mse": 0.0008163155505110143, "zero_mse": 0.0008162895633743553, "improvement_percent": -0.0031835684082048843}}, "best_step": 500}
{"ts": "2026-10-02T11:35:50.162252+00:00", "level": "info", "trace_id": "01M3Y6BH6CKPXTFBEF024816RR", "msg": "evaluated_recording", "file": "2288.wav", "sampled": true}
{"ts": "2026-10-02T11:35:50.193936+00:00", "level": "info", "trace_id": "01M3Y6BH6CKPXTFBEF024816RR", "msg": "evaluated_recording", "file": "1807.wav", "sampled": true}
{"ts": "2026-10-02T11:35:50.225463+00:00", "level": "info", "trace_id": "01M3Y6BH6CKPXTFBEF024816RR", "msg": "evaluated_recording", "file": "2159.wav", "sampled": true}
{"ts": "2026-10-02T11:35:50.256874+00:00", "level": "info", "trace_id": "01M3Y6BH6CKPXTFBEF024816RR", "msg": "evaluated_recording", "file": "2289.wav", "sampled": true}
{"ts": "2026-10-02T11:35:50.288271+00:00", "level": "info", "trace_id": "01M3Y6BH6CKPXTFBEF024816RR", "msg": "evaluated_recording", "file": "2431.wav", "sampled": true}
{"ts": "2026-10-02T11:35:50.319722+00:00", "level": "info", "trace_id": "01M3Y6BH6CKPXTFBEF024816RR", "msg": "evaluated_recording", "file": "1918.wav", "sampled": true}
{"ts": "2026-10-02T11:35:50.351202+00:00", "level": "info", "trace_id": "01M3Y6BH6CKPXTFBEF024816RR", "msg": "evaluated_recording", "file": "1919.wav", "sampled": true}
{"ts": "2026-10-02T11:35:50.382686+00:00", "level": "info", "trace_id": "01M3Y6BH6CKPXTFBEF024816RR", "msg": "evaluated_recording", "file": "1923.wav", "sampled": true}
{"ts": "2026-10-02T11:35:50.414331+00:00", "level": "info", "trace_id": "01M3Y6BH6CKPXTFBEF024816RR", "msg": "evaluated_recording", "file": "1931.wav", "sampled": true}
{"ts": "2026-10-02T11:35:50.445824+00:00", "level": "info", "trace_id": "01M3Y6BH6CKPXTFBEF024816RR", "msg": "evaluated_recording", "file": "1932.wav", "sampled": true}
{"ts": "2026-10-02T11:35:50.445870+00:00", "level": "info", "trace_id": "01M3Y6BH6CKPXTFBEF024816RR", "msg": "step", "step": 3000, "loss": 0.010372128337621689, "gain": 2.0, "validation": {"all": {"frames": 44910, "model_mse": 0.0027757230750973727, "zero_mse": 0.002775032955347949, "improvement_percent": -0.024868884821493964}, "active": {"frames": 4807, "model_mse": 0.01912222663196932, "zero_mse": 0.019116095207962272, "improvement_percent": -0.03207466765751121}, "inactive": {"frames": 40103, "model_mse": 0.0008163274538749339, "zero_mse": 0.0008162895633743553, "improvement_percent": -0.004641796524018638}}, "best_step": 500}
{"ts": "2026-10-02T11:35:51.469149+00:00", "level": "info", "trace_id": "01M3Y6BH6CKPXTFBEF024816RR", "msg": "evaluated_recording", "file": "2288.wav", "sampled": true}
{"ts": "2026-10-02T11:35:51.500507+00:00", "level": "info", "trace_id": "01M3Y6BH6CKPXTFBEF024816RR", "msg": "evaluated_recording", "file": "1807.wav", "sampled": true}
{"ts": "2026-10-02T11:35:51.531743+00:00", "level": "info", "trace_id": "01M3Y6BH6CKPXTFBEF024816RR", "msg": "evaluated_recording", "file": "2159.wav", "sampled": true}
{"ts": "2026-10-02T11:35:51.563179+00:00", "level": "info", "trace_id": "01M3Y6BH6CKPXTFBEF024816RR", "msg": "evaluated_recording", "file": "2289.wav", "sampled": true}
{"ts": "2026-10-02T11:35:51.594779+00:00", "level": "info", "trace_id": "01M3Y6BH6CKPXTFBEF024816RR", "msg": "evaluated_recording", "file": "2431.wav", "sampled": true}
{"ts": "2026-10-02T11:35:51.626009+00:00", "level": "info", "trace_id": "01M3Y6BH6CKPXTFBEF024816RR", "msg": "evaluated_recording", "file": "1918.wav", "sampled": true}
{"ts": "2026-10-02T11:35:51.657491+00:00", "level": "info", "trace_id": "01M3Y6BH6CKPXTFBEF024816RR", "msg": "evaluated_recording", "file": "1919.wav", "sampled": true}
{"ts": "2026-10-02T11:35:51.688881+00:00", "level": "info", "trace_id": "01M3Y6BH6CKPXTFBEF024816RR", "msg": "evaluated_recording", "file": "1923.wav", "sampled": true}
{"ts": "2026-10-02T11:35:51.720265+00:00", "level": "info", "trace_id": "01M3Y6BH6CKPXTFBEF024816RR", "msg": "evaluated_recording", "file": "1931.wav", "sampled": true}
{"ts": "2026-10-02T11:35:51.751675+00:00", "level": "info", "trace_id": "01M3Y6BH6CKPXTFBEF024816RR", "msg": "evaluated_recording", "file": "1932.wav", "sampled": true}
{"ts": "2026-10-02T11:35:51.751720+00:00", "level": "info", "trace_id": "01M3Y6BH6CKPXTFBEF024816RR", "msg": "step", "step": 3500, "loss": 0.010205689817667007, "gain": 2.0, "validation": {"all": {"frames": 44910, "model_mse": 0.0027762470848463703, "zero_mse": 0.002775032955347949, "improvement_percent": -0.04375189476872876}, "active": {"frames": 4807, "model_mse": 0.019126849537700615, "zero_mse": 0.019116095207962272, "improvement_percent": -0.05625798376365232}, "inactive": {"frames": 40103, "model_mse": 0.0008163601439474262, "zero_mse": 0.0008162895633743553, "improvement_percent": -0.008646511757315345}}, "best_step": 500}
{"ts": "2026-10-02T11:35:52.783683+00:00", "level": "info", "trace_id": "01M3Y6BH6CKPXTFBEF024816RR", "msg": "evaluated_recording", "file": "2288.wav", "sampled": true}
{"ts": "2026-10-02T11:35:52.815045+00:00", "level": "info", "trace_id": "01M3Y6BH6CKPXTFBEF024816RR", "msg": "evaluated_recording", "file": "1807.wav", "sampled": true}
{"ts": "2026-10-02T11:35:52.846528+00:00", "level": "info", "trace_id": "01M3Y6BH6CKPXTFBEF024816RR", "msg": "evaluated_recording", "file": "2159.wav", "sampled": true}
{"ts": "2026-10-02T11:35:52.878049+00:00", "level": "info", "trace_id": "01M3Y6BH6CKPXTFBEF024816RR", "msg": "evaluated_recording", "file": "2289.wav", "sampled": true}
{"ts": "2026-10-02T11:35:52.909429+00:00", "level": "info", "trace_id": "01M3Y6BH6CKPXTFBEF024816RR", "msg": "evaluated_recording", "file": "2431.wav", "sampled": true}
{"ts": "2026-10-02T11:35:52.940894+00:00", "level": "info", "trace_id": "01M3Y6BH6CKPXTFBEF024816RR", "msg": "evaluated_recording", "file": "1918.wav", "sampled": true}
{"ts": "2026-10-02T11:35:52.972369+00:00", "level": "info", "trace_id": "01M3Y6BH6CKPXTFBEF024816RR", "msg": "evaluated_recording", "file": "1919.wav", "sampled": true}
{"ts": "2026-10-02T11:35:53.003961+00:00", "level": "info", "trace_id": "01M3Y6BH6CKPXTFBEF024816RR", "msg": "evaluated_recording", "file": "1923.wav", "sampled": true}
{"ts": "2026-10-02T11:35:53.035585+00:00", "level": "info", "trace_id": "01M3Y6BH6CKPXTFBEF024816RR", "msg": "evaluated_recording", "file": "1931.wav", "sampled": true}
{"ts": "2026-10-02T11:35:53.066776+00:00", "level": "info", "trace_id": "01M3Y6BH6CKPXTFBEF024816RR", "msg": "evaluated_recording", "file": "1932.wav", "sampled": true}
{"ts": "2026-10-02T11:35:53.066824+00:00", "level": "info", "trace_id": "01M3Y6BH6CKPXTFBEF024816RR", "msg": "step", "step": 4000, "loss": 0.012595878913998604, "gain": 2.0, "validation": {"all": {"frames": 44910, "model_mse": 0.0027758008212532144, "zero_mse": 0.002775032955347949, "improvement_percent": -0.0276705148234635}, "active": {"frames": 4807, "model_mse": 0.019122900784724617, "zero_mse": 0.019116095207962272, "improvement_percent": -0.03560129141599866}, "inactive": {"frames": 40103, "model_mse": 0.0008163337109520635, "zero_mse": 0.0008162895633743553, "improvement_percent": -0.0054083231844526125}}, "best_step": 500}
{"ts": "2026-10-02T11:35:54.084934+00:00", "level": "info", "trace_id": "01M3Y6BH6CKPXTFBEF024816RR", "msg": "evaluated_recording", "file": "2288.wav", "sampled": true}
{"ts": "2026-10-02T11:35:54.119416+00:00", "level": "info", "trace_id": "01M3Y6BH6CKPXTFBEF024816RR", "msg": "evaluated_recording", "file": "1807.wav", "sampled": true}
{"ts": "2026-10-02T11:35:54.153857+00:00", "level": "info", "trace_id": "01M3Y6BH6CKPXTFBEF024816RR", "msg": "evaluated_recording", "file": "2159.wav", "sampled": true}
{"ts": "2026-10-02T11:35:54.185853+00:00", "level": "info", "trace_id": "01M3Y6BH6CKPXTFBEF024816RR", "msg": "evaluated_recording", "file": "2289.wav", "sampled": true}
{"ts": "2026-10-02T11:35:54.217741+00:00", "level": "info", "trace_id": "01M3Y6BH6CKPXTFBEF024816RR", "msg": "evaluated_recording", "file": "2431.wav", "sampled": true}
{"ts": "2026-10-02T11:35:54.249675+00:00", "level": "info", "trace_id": "01M3Y6BH6CKPXTFBEF024816RR", "msg": "evaluated_recording", "file": "1918.wav", "sampled": true}
{"ts": "2026-10-02T11:35:54.281489+00:00", "level": "info", "trace_id": "01M3Y6BH6CKPXTFBEF024816RR", "msg": "evaluated_recording", "file": "1919.wav", "sampled": true}
{"ts": "2026-10-02T11:35:54.313071+00:00", "level": "info", "trace_id": "01M3Y6BH6CKPXTFBEF024816RR", "msg": "evaluated_recording", "file": "1923.wav", "sampled": true}
{"ts": "2026-10-02T11:35:54.344627+00:00", "level": "info", "trace_id": "01M3Y6BH6CKPXTFBEF024816RR", "msg": "evaluated_recording", "file": "1931.wav", "sampled": true}
{"ts": "2026-10-02T11:35:54.376106+00:00", "level": "info", "trace_id": "01M3Y6BH6CKPXTFBEF024816RR", "msg": "evaluated_recording", "file": "1932.wav", "sampled": true}
{"ts": "2026-10-02T11:35:54.376168+00:00", "level": "info", "trace_id": "01M3Y6BH6CKPXTFBEF024816RR", "msg": "step", "step": 4500, "loss": 0.0077295550145208836, "gain": 2.0, "validation": {"all": {"frames": 44910, "model_mse": 0.002777144048686376, "zero_mse": 0.002775032955347949, "improvement_percent": -0.07607453217299831}, "active": {"frames": 4807, "model_mse": 0.01913498649358265, "zero_mse": 0.019116095207962272, "improvement_percent": -0.09882397746434624}, "inactive": {"frames": 40103, "model_mse": 0.0008163892764095789, "zero_mse": 0.0008162895633743553, "improvement_percent": -0.01221539998763621}}, "best_step": 500}
{"ts": "2026-10-02T11:35:55.407556+00:00", "level": "info", "trace_id": "01M3Y6BH6CKPXTFBEF024816RR", "msg": "evaluated_recording", "file": "2288.wav", "sampled": true}
{"ts": "2026-10-02T11:35:55.439184+00:00", "level": "info", "trace_id": "01M3Y6BH6CKPXTFBEF024816RR", "msg": "evaluated_recording", "file": "1807.wav", "sampled": true}
{"ts": "2026-10-02T11:35:55.470782+00:00", "level": "info", "trace_id": "01M3Y6BH6CKPXTFBEF024816RR", "msg": "evaluated_recording", "file": "2159.wav", "sampled": true}
{"ts": "2026-10-02T11:35:55.502193+00:00", "level": "info", "trace_id": "01M3Y6BH6CKPXTFBEF024816RR", "msg": "evaluated_recording", "file": "2289.wav", "sampled": true}
{"ts": "2026-10-02T11:35:55.533721+00:00", "level": "info", "trace_id": "01M3Y6BH6CKPXTFBEF024816RR", "msg": "evaluated_recording", "file": "2431.wav", "sampled": true}
{"ts": "2026-10-02T11:35:55.565168+00:00", "level": "info", "trace_id": "01M3Y6BH6CKPXTFBEF024816RR", "msg": "evaluated_recording", "file": "1918.wav", "sampled": true}
{"ts": "2026-10-02T11:35:55.596548+00:00", "level": "info", "trace_id": "01M3Y6BH6CKPXTFBEF024816RR", "msg": "evaluated_recording", "file": "1919.wav", "sampled": true}
{"ts": "2026-10-02T11:35:55.627832+00:00", "level": "info", "trace_id": "01M3Y6BH6CKPXTFBEF024816RR", "msg": "evaluated_recording", "file": "1923.wav", "sampled": true}
{"ts": "2026-10-02T11:35:55.659243+00:00", "level": "info", "trace_id": "01M3Y6BH6CKPXTFBEF024816RR", "msg": "evaluated_recording", "file": "1931.wav", "sampled": true}
{"ts": "2026-10-02T11:35:55.690588+00:00", "level": "info", "trace_id": "01M3Y6BH6CKPXTFBEF024816RR", "msg": "evaluated_recording", "file": "1932.wav", "sampled": true}
{"ts": "2026-10-02T11:35:55.690646+00:00", "level": "info", "trace_id": "01M3Y6BH6CKPXTFBEF024816RR", "msg": "step", "step": 5000, "loss": 0.007928184233605862, "gain": 1.5984715283468252, "validation": {"all": {"frames": 44910, "model_mse": 0.002776557165477275, "zero_mse": 0.002775032955347949, "improvement_percent": -0.054925838858554954}, "active": {"frames": 4807, "model_mse": 0.019128704004652615, "zero_mse": 0.019116095207962272, "improvement_percent": -0.06595905990827156}, "inactive": {"frames": 40103, "model_mse": 0.000816485104636044, "zero_mse": 0.0008162895633743553, "improvement_percent": -0.023954889350830122}}, "best_step": 500}
{"ts": "2026-10-02T11:35:55.964858+00:00", "level": "info", "trace_id": "01M3Y6BH6CKPXTFBEF024816RR", "msg": "evaluated_recording", "file": "1759.wav", "sampled": false}
{"ts": "2026-10-02T11:35:56.204685+00:00", "level": "info", "trace_id": "01M3Y6BH6CKPXTFBEF024816RR", "msg": "evaluated_recording", "file": "1819.wav", "sampled": false}
{"ts": "2026-10-02T11:35:56.514038+00:00", "level": "info", "trace_id": "01M3Y6BH6CKPXTFBEF024816RR", "msg": "evaluated_recording", "file": "2106.wav", "sampled": false}
{"ts": "2026-10-02T11:35:56.651741+00:00", "level": "info", "trace_id": "01M3Y6BH6CKPXTFBEF024816RR", "msg": "evaluated_recording", "file": "2191.wav", "sampled": false}
{"ts": "2026-10-02T11:35:56.856825+00:00", "level": "info", "trace_id": "01M3Y6BH6CKPXTFBEF024816RR", "msg": "evaluated_recording", "file": "2298.wav", "sampled": false}
{"ts": "2026-10-02T11:35:56.985392+00:00", "level": "info", "trace_id": "01M3Y6BH6CKPXTFBEF024816RR", "msg": "evaluated_recording", "file": "2303.wav", "sampled": false}
{"ts": "2026-10-02T11:35:57.156437+00:00", "level": "info", "trace_id": "01M3Y6BH6CKPXTFBEF024816RR", "msg": "evaluated_recording", "file": "2382.wav", "sampled": false}
{"ts": "2026-10-02T11:35:57.343905+00:00", "level": "info", "trace_id": "01M3Y6BH6CKPXTFBEF024816RR", "msg": "evaluated_recording", "file": "2416.wav", "sampled": false}
{"ts": "2026-10-02T11:35:57.547444+00:00", "level": "info", "trace_id": "01M3Y6BH6CKPXTFBEF024816RR", "msg": "evaluated_recording", "file": "2556.wav", "sampled": false}
{"ts": "2026-10-02T11:35:57.714881+00:00", "level": "info", "trace_id": "01M3Y6BH6CKPXTFBEF024816RR", "msg": "evaluated_recording", "file": "2628.wav", "sampled": false}
{"ts": "2026-10-02T11:35:57.715692+00:00", "level": "info", "trace_id": "01M3Y6BH6CKPXTFBEF024816RR", "msg": "finished", "corpus": "MusicNet 1.0", "license": "CC BY 4.0", "train_recordings": 300, "calibration_ids": ["2283", "2285", "1813", "2160", "2284", "1793", "1822", "1824", "1835", "1916"], "validation_ids": ["2288", "1807", "2159", "2289", "2431", "1918", "1919", "1923", "1931", "1932"], "test_ids": ["1759", "1819", "2106", "2191", "2298", "2303", "2382", "2416", "2556", "2628"], "train_frames": 1347300, "train_active_frames": 19260, "steps": 5000, "batch": 512, "selected_step": 500, "calibrated_gain": 2.0, "device": "cpu", "validation": {"all": {"frames": 44910, "model_mse": 0.0027752385645902714, "zero_mse": 0.002775032955347949, "improvement_percent": -0.007409254074852711}, "active": {"frames": 4807, "model_mse": 0.019117762309665623, "zero_mse": 0.019116095207962272, "improvement_percent": -0.008720932205119603}, "inactive": {"frames": 40103, "model_mse": 0.0008163199888583507, "zero_mse": 0.0008162895633743553, "improvement_percent": -0.0037272905792917754}}, "heldout": {"all": {"frames": 277668, "model_mse": 0.0008821092914255179, "zero_mse": 0.0008809550425027651, "improvement_percent": -0.13102245484328812}, "active": {"frames": 6695, "model_mse": 0.028034946153316944, "zero_mse": 0.02802298594948136, "improvement_percent": -0.04267997656333122}, "inactive": {"frames": 270973, "model_mse": 0.00021123712781378123, "zero_mse": 0.00021034986441409312, "improvement_percent": -0.421803647061747}, "by_recording": [{"id": "1759", "frames": 36496, "improvement_percent": -9.890770487913292}, {"id": "1819", "frames": 33273, "improvement_percent": -0.11820895595626713}, {"id": "2106", "frames": 42494, "improvement_percent": -7.011570562291403}, {"id": "2191", "frames": 19280, "improvement_percent": -314.7067015885922}, {"id": "2298", "frames": 28782, "improvement_percent": -0.16006452598622545}, {"id": "2303", "frames": 17370, "improvement_percent": -0.49491688910057174}, {"id": "2382", "frames": 22121, "improvement_percent": -0.2996036371232025}, {"id": "2416", "frames": 26083, "improvement_percent": -0.015272653831388538}, {"id": "2556", "frames": 28395, "improvement_percent": -0.21879592471396592}, {"id": "2628", "frames": 23374, "improvement_percent": -0.005239839336068641}]}, "checkpoint_sha256": "146d9afa71e0d9648ee7e9e90846eb877693ab7ec32e00fa3ad07daaaccb9087", "checkpoint_bytes": 477628}
