
10/02 20:05:58 [[1;32mNOTICE[0m] Downloading 1 item(s)
[#4aef30 64MiB/10GiB(0%) CN:16 DL:0B]
[#4aef30 64MiB/10GiB(0%) CN:16 DL:910KiB ETA:3h17m16s]
[#4aef30 67MiB/10GiB(0%) CN:16 DL:2.4MiB ETA:1h11m59s]
[#4aef30 72MiB/10GiB(0%) CN:16 DL:3.3MiB ETA:51m47s]
[#4aef30 77MiB/10GiB(0%) CN:16 DL:3.8MiB ETA:46m3s]
[#4aef30 81MiB/10GiB(0%) CN:16 DL:4.0MiB ETA:43m35s]
[#4aef30 86MiB/10GiB(0%) CN:16 DL:4.1MiB ETA:42m31s]
[#4aef30 91MiB/10GiB(0%) CN:16 DL:4.1MiB ETA:41m47s]
[#4aef30 95MiB/10GiB(0%) CN:16 DL:4.2MiB ETA:41m16s]
[#4aef30 100MiB/10GiB(0%) CN:16 DL:4.2MiB ETA:40m38s]
[#4aef30 105MiB/10GiB(0%) CN:16 DL:4.3MiB ETA:40m14s]
[#4aef30 110MiB/10GiB(1%) CN:16 DL:4.6MiB ETA:37m25s]
[#4aef30 114MiB/10GiB(1%) CN:16 DL:4.7MiB ETA:36m51s]
[#4aef30 119MiB/10GiB(1%) CN:16 DL:4.7MiB ETA:36m48s]
[#4aef30 124MiB/10GiB(1%) CN:16 DL:4.7MiB ETA:36m33s]
[#4aef30 130MiB/10GiB(1%) CN:16 DL:4.8MiB ETA:35m53s]
[#4aef30 135MiB/10GiB(1%) CN:16 DL:4.9MiB ETA:35m28s]
[#4aef30 140MiB/10GiB(1%) CN:16 DL:4.9MiB ETA:34m59s]
[#4aef30 145MiB/10GiB(1%) CN:16 DL:5.0MiB ETA:34m47s]
[#4aef30 150MiB/10GiB(1%) CN:16 DL:5.0MiB ETA:34m32s]
[#4aef30 156MiB/10GiB(1%) CN:16 DL:5.0MiB ETA:34m7s]
[#4aef30 162MiB/10GiB(1%) CN:16 DL:5.1MiB ETA:33m41s]
[#4aef30 168MiB/10GiB(1%) CN:16 DL:5.3MiB ETA:32m12s]
[#4aef30 175MiB/10GiB(1%) CN:16 DL:5.5MiB ETA:31m2s]
[#4aef30 182MiB/10GiB(1%) CN:16 DL:5.7MiB ETA:30m15s]
[#4aef30 189MiB/10GiB(1%) CN:16 DL:5.9MiB ETA:29m6s]
[#4aef30 196MiB/10GiB(1%) CN:16 DL:6.0MiB ETA:28m24s]
[#4aef30 204MiB/10GiB(1%) CN:16 DL:6.3MiB ETA:27m5s]
[#4aef30 212MiB/10GiB(2%) CN:16 DL:6.7MiB ETA:25m34s]
[#4aef30 221MiB/10GiB(2%) CN:16 DL:7.0MiB ETA:24m25s]
[#4aef30 228MiB/10GiB(2%) CN:16 DL:7.2MiB ETA:23m41s]
[#4aef30 234MiB/10GiB(2%) CN:16 DL:7.2MiB ETA:23m48s]
[#4aef30 241MiB/10GiB(2%) CN:16 DL:7.2MiB ETA:23m55s]
[#4aef30 249MiB/10GiB(2%) CN:16 DL:7.4MiB ETA:23m11s]
[#4aef30 257MiB/10GiB(2%) CN:16 DL:7.5MiB ETA:22m52s]
[#4aef30 266MiB/10GiB(2%) CN:16 DL:7.6MiB ETA:22m24s]
[#4aef30 274MiB/10GiB(2%) CN:16 DL:7.7MiB ETA:22m15s]
[#4aef30 282MiB/10GiB(2%) CN:16 DL:7.7MiB ETA:22m13s]
[#4aef30 290MiB/10GiB(2%) CN:16 DL:7.7MiB ETA:22m9s]
[#4aef30 299MiB/10GiB(2%) CN:16 DL:7.7MiB ETA:22m1s]
[#4aef30 307MiB/10GiB(2%) CN:16 DL:8.0MiB ETA:21m15s]
[#4aef30 316MiB/10GiB(2%) CN:16 DL:8.2MiB ETA:20m47s]
[#4aef30 322MiB/10GiB(3%) CN:16 DL:8.0MiB ETA:21m10s]
[#4aef30 327MiB/10GiB(3%) CN:16 DL:7.6MiB ETA:22m27s]
[#4aef30 332MiB/10GiB(3%) CN:16 DL:7.3MiB ETA:23m14s]
[#4aef30 339MiB/10GiB(3%) CN:16 DL:7.0MiB ETA:24m22s]
[#4aef30 343MiB/10GiB(3%) CN:16 DL:6.5MiB ETA:26m2s]
[#4aef30 348MiB/10GiB(3%) CN:16 DL:6.2MiB ETA:27m25s]
[#4aef30 353MiB/10GiB(3%) CN:16 DL:5.8MiB ETA:29m15s]
[#4aef30 359MiB/10GiB(3%) CN:16 DL:5.6MiB ETA:30m20s]
[#4aef30 366MiB/10GiB(3%) CN:16 DL:5.4MiB ETA:31m9s]
[#4aef30 373MiB/10GiB(3%) CN:16 DL:5.4MiB ETA:31m12s]
[#4aef30 380MiB/10GiB(3%) CN:16 DL:5.6MiB ETA:29m55s]
[#4aef30 388MiB/10GiB(3%) CN:16 DL:5.9MiB ETA:28m24s]
[#4aef30 395MiB/10GiB(3%) CN:16 DL:6.0MiB ETA:27m52s]
[#4aef30 402MiB/10GiB(3%) CN:16 DL:6.3MiB ETA:26m47s]
[#4aef30 409MiB/10GiB(3%) CN:16 DL:6.7MiB ETA:25m10s]
[#4aef30 416MiB/10GiB(3%) CN:16 DL:6.8MiB ETA:24m37s]
[#4aef30 423MiB/10GiB(3%) CN:16 DL:7.0MiB ETA:24m4s]
 *** Download Progress Summary as of Fri Oct  2 20:06:58 2026 *** 
===============================================================================
[#4aef30 429MiB/10GiB(4%) CN:16 DL:7.0MiB ETA:23m57s]
FILE: crates/id14-sr/corpus/audio/musicnet.tar.gz
-------------------------------------------------------------------------------

[#4aef30 429MiB/10GiB(4%) CN:16 DL:7.0MiB ETA:23m57s]
[#4aef30 437MiB/10GiB(4%) CN:16 DL:7.0MiB ETA:23m51s]
[#4aef30 445MiB/10GiB(4%) CN:16 DL:7.2MiB ETA:23m18s]
[#4aef30 453MiB/10GiB(4%) CN:16 DL:7.2MiB ETA:23m16s]
[#4aef30 462MiB/10GiB(4%) CN:16 DL:7.4MiB ETA:22m40s]
[#4aef30 471MiB/10GiB(4%) CN:16 DL:7.5MiB ETA:22m26s]
[#4aef30 479MiB/10GiB(4%) CN:16 DL:7.6MiB ETA:21m55s]
[#4aef30 486MiB/10GiB(4%) CN:16 DL:7.6MiB ETA:21m58s]
[#4aef30 494MiB/10GiB(4%) CN:16 DL:7.7MiB ETA:21m34s]
[#4aef30 502MiB/10GiB(4%) CN:16 DL:7.8MiB ETA:21m19s]
[#4aef30 510MiB/10GiB(4%) CN:16 DL:8.0MiB ETA:20m47s]
[#4aef30 520MiB/10GiB(4%) CN:16 DL:8.2MiB ETA:20m26s]
[#4aef30 527MiB/10GiB(4%) CN:16 DL:8.1MiB ETA:20m33s]
[#4aef30 535MiB/10GiB(5%) CN:16 DL:8.1MiB ETA:20m33s]
[#4aef30 544MiB/10GiB(5%) CN:16 DL:8.0MiB ETA:20m42s]
[#4aef30 553MiB/10GiB(5%) CN:16 DL:8.2MiB ETA:20m18s]
[#4aef30 561MiB/10GiB(5%) CN:16 DL:8.3MiB ETA:20m]
[#4aef30 570MiB/10GiB(5%) CN:16 DL:8.4MiB ETA:19m42s]
[#4aef30 579MiB/10GiB(5%) CN:16 DL:8.5MiB ETA:19m35s]
[#4aef30 588MiB/10GiB(5%) CN:16 DL:8.5MiB ETA:19m23s]
[#4aef30 597MiB/10GiB(5%) CN:16 DL:8.5MiB ETA:19m25s]
[#4aef30 606MiB/10GiB(5%) CN:16 DL:8.7MiB ETA:19m]
[#4aef30 617MiB/10GiB(5%) CN:16 DL:9.0MiB ETA:18m24s]
[#4aef30 627MiB/10GiB(5%) CN:16 DL:9.3MiB ETA:17m50s]
[#4aef30 637MiB/10GiB(6%) CN:16 DL:9.4MiB ETA:17m36s]
[#4aef30 646MiB/10GiB(6%) CN:16 DL:9.4MiB ETA:17m26s]
[#4aef30 656MiB/10GiB(6%) CN:16 DL:9.5MiB ETA:17m19s]
[#4aef30 665MiB/10GiB(6%) CN:16 DL:9.5MiB ETA:17m17s]
[#4aef30 674MiB/10GiB(6%) CN:16 DL:9.6MiB ETA:17m9s]
[#4aef30 682MiB/10GiB(6%) CN:16 DL:9.4MiB ETA:17m23s]
[#4aef30 690MiB/10GiB(6%) CN:16 DL:9.3MiB ETA:17m32s]
[#4aef30 699MiB/10GiB(6%) CN:16 DL:9.2MiB ETA:17m49s]
[#4aef30 709MiB/10GiB(6%) CN:16 DL:9.1MiB ETA:18m1s]
[#4aef30 717MiB/10GiB(6%) CN:16 DL:8.9MiB ETA:18m19s]
[#4aef30 726MiB/10GiB(6%) CN:16 DL:8.8MiB ETA:18m39s]
[#4aef30 735MiB/10GiB(6%) CN:16 DL:8.6MiB ETA:18m55s]
[#4aef30 744MiB/10GiB(7%) CN:16 DL:8.7MiB ETA:18m49s]
[#4aef30 753MiB/10GiB(7%) CN:16 DL:8.6MiB ETA:18m57s]
[#4aef30 763MiB/10GiB(7%) CN:16 DL:8.8MiB ETA:18m25s]
[#4aef30 772MiB/10GiB(7%) CN:16 DL:9.0MiB ETA:18m7s]
[#4aef30 783MiB/10GiB(7%) CN:16 DL:9.1MiB ETA:17m46s]
[#4aef30 793MiB/10GiB(7%) CN:16 DL:9.2MiB ETA:17m39s]
[#4aef30 802MiB/10GiB(7%) CN:16 DL:9.3MiB ETA:17m21s]
[#4aef30 811MiB/10GiB(7%) CN:16 DL:9.4MiB ETA:17m14s]
[#4aef30 816MiB/10GiB(7%) CN:16 DL:9.0MiB ETA:17m59s]
[#4aef30 821MiB/10GiB(7%) CN:16 DL:8.5MiB ETA:18m59s]
[#4aef30 826MiB/10GiB(7%) CN:16 DL:8.0MiB ETA:20m7s]
[#4aef30 831MiB/10GiB(7%) CN:16 DL:7.5MiB ETA:21m33s]
[#4aef30 834MiB/10GiB(7%) CN:16 DL:6.8MiB ETA:23m45s]
[#4aef30 838MiB/10GiB(7%) CN:16 DL:6.0MiB ETA:26m40s]
[#4aef30 843MiB/10GiB(7%) CN:16 DL:5.5MiB ETA:29m15s]
[#4aef30 849MiB/10GiB(8%) CN:16 DL:5.1MiB ETA:31m36s]
[#4aef30 856MiB/10GiB(8%) CN:16 DL:5.0MiB ETA:31m59s]
[#4aef30 865MiB/10GiB(8%) CN:16 DL:5.4MiB ETA:29m54s]
[#4aef30 874MiB/10GiB(8%) CN:16 DL:5.8MiB ETA:27m50s]
[#4aef30 883MiB/10GiB(8%) CN:16 DL:6.2MiB ETA:25m57s]
[#4aef30 893MiB/10GiB(8%) CN:16 DL:6.9MiB ETA:23m13s]
[#4aef30 901MiB/10GiB(8%) CN:16 DL:7.1MiB ETA:22m37s]
[#4aef30 910MiB/10GiB(8%) CN:16 DL:7.5MiB ETA:21m20s]
[#4aef30 919MiB/10GiB(8%) CN:16 DL:8.2MiB ETA:19m36s]
 *** Download Progress Summary as of Fri Oct  2 20:07:59 2026 *** 
===============================================================================
[#4aef30 0.9GiB/10GiB(8%) CN:16 DL:8.7MiB ETA:18m20s]
FILE: crates/id14-sr/corpus/audio/musicnet.tar.gz
-------------------------------------------------------------------------------

[#4aef30 0.9GiB/10GiB(8%) CN:16 DL:8.7MiB ETA:18m20s]
[#4aef30 0.9GiB/10GiB(8%) CN:16 DL:9.1MiB ETA:17m34s]
[#4aef30 0.9GiB/10GiB(8%) CN:16 DL:9.3MiB ETA:17m10s]
[#4aef30 0.9GiB/10GiB(9%) CN:16 DL:9.5MiB ETA:16m48s]
[#4aef30 0.9GiB/10GiB(9%) CN:16 DL:9.7MiB ETA:16m26s]
[#4aef30 0.9GiB/10GiB(9%) CN:16 DL:9.8MiB ETA:16m16s]
[#4aef30 0.9GiB/10GiB(9%) CN:16 DL:9.9MiB ETA:16m7s]
[#4aef30 0.9GiB/10GiB(9%) CN:16 DL:9.9MiB ETA:16m4s]
[#4aef30 0.9GiB/10GiB(9%) CN:16 DL:9.9MiB ETA:16m2s]
[#4aef30 0.9GiB/10GiB(9%) CN:16 DL:10MiB ETA:15m55s]
[#4aef30 1.0GiB/10GiB(9%) CN:16 DL:10MiB ETA:15m55s]
[#4aef30 1.0GiB/10GiB(9%) CN:16 DL:9.8MiB ETA:16m5s]
[#4aef30 1.0GiB/10GiB(9%) CN:16 DL:9.8MiB ETA:16m10s]
[#4aef30 1.0GiB/10GiB(10%) CN:16 DL:9.8MiB ETA:16m7s]
[#4aef30 1.0GiB/10GiB(10%) CN:16 DL:9.9MiB ETA:15m59s]
[#4aef30 1.0GiB/10GiB(10%) CN:16 DL:9.9MiB ETA:15m55s]
[#4aef30 1.0GiB/10GiB(10%) CN:16 DL:10MiB ETA:15m31s]
[#4aef30 1.0GiB/10GiB(10%) CN:16 DL:10MiB ETA:15m9s]
[#4aef30 1.0GiB/10GiB(10%) CN:16 DL:10MiB ETA:15m4s]
[#4aef30 1.0GiB/10GiB(10%) CN:16 DL:10MiB ETA:14m55s]
[#4aef30 1.1GiB/10GiB(10%) CN:16 DL:10MiB ETA:14m40s]
[#4aef30 1.1GiB/10GiB(10%) CN:16 DL:10MiB ETA:14m25s]
[#4aef30 1.1GiB/10GiB(10%) CN:16 DL:11MiB ETA:14m14s]
[#4aef30 1.1GiB/10GiB(11%) CN:16 DL:11MiB ETA:14m14s]
[#4aef30 1.1GiB/10GiB(11%) CN:16 DL:10MiB ETA:14m42s]
[#4aef30 1.1GiB/10GiB(11%) CN:16 DL:10MiB ETA:15m3s]
[#4aef30 1.1GiB/10GiB(11%) CN:16 DL:10MiB ETA:15m27s]
[#4aef30 1.1GiB/10GiB(11%) CN:16 DL:10MiB ETA:15m23s]
[#4aef30 1.1GiB/10GiB(11%) CN:16 DL:10MiB ETA:15m24s]
[#4aef30 1.1GiB/10GiB(11%) CN:16 DL:10MiB ETA:15m17s]
[#4aef30 1.2GiB/10GiB(11%) CN:16 DL:10MiB ETA:15m18s]
[#4aef30 1.2GiB/10GiB(11%) CN:16 DL:10MiB ETA:15m27s]
[#4aef30 1.2GiB/10GiB(11%) CN:16 DL:10MiB ETA:15m31s]
[#4aef30 1.2GiB/10GiB(11%) CN:16 DL:10MiB ETA:15m27s]
[#4aef30 1.2GiB/10GiB(12%) CN:16 DL:10MiB ETA:15m9s]
[#4aef30 1.2GiB/10GiB(12%) CN:16 DL:10MiB ETA:15m14s]
[#4aef30 1.2GiB/10GiB(12%) CN:16 DL:10MiB ETA:15m3s]
[#4aef30 1.2GiB/10GiB(12%) CN:16 DL:10MiB ETA:15m10s]
[#4aef30 1.2GiB/10GiB(12%) CN:16 DL:9.9MiB ETA:15m30s]
[#4aef30 1.2GiB/10GiB(12%) CN:16 DL:9.9MiB ETA:15m27s]
[#4aef30 1.3GiB/10GiB(12%) CN:16 DL:10MiB ETA:15m18s]
[#4aef30 1.3GiB/10GiB(12%) CN:16 DL:10MiB ETA:15m17s]
[#4aef30 1.3GiB/10GiB(12%) CN:16 DL:10MiB ETA:15m11s]
[#4aef30 1.3GiB/10GiB(12%) CN:16 DL:10MiB ETA:15m1s]
[#4aef30 1.3GiB/10GiB(13%) CN:16 DL:10MiB ETA:14m47s]
[#4aef30 1.3GiB/10GiB(13%) CN:16 DL:10MiB ETA:15m18s]
[#4aef30 1.3GiB/10GiB(13%) CN:16 DL:9.4MiB ETA:16m7s]
[#4aef30 1.3GiB/10GiB(13%) CN:16 DL:9.0MiB ETA:16m50s]
[#4aef30 1.3GiB/10GiB(13%) CN:16 DL:8.7MiB ETA:17m27s]
[#4aef30 1.3GiB/10GiB(13%) CN:16 DL:8.1MiB ETA:18m44s]
[#4aef30 1.3GiB/10GiB(13%) CN:16 DL:7.1MiB ETA:21m22s]
[#4aef30 1.3GiB/10GiB(13%) CN:16 DL:6.5MiB ETA:23m27s]
[#4aef30 1.3GiB/10GiB(13%) CN:16 DL:6.0MiB ETA:25m21s]
[#4aef30 1.3GiB/10GiB(13%) CN:16 DL:5.6MiB ETA:26m53s]
[#4aef30 1.4GiB/10GiB(13%) CN:16 DL:5.6MiB ETA:26m50s]
[#4aef30 1.4GiB/10GiB(13%) CN:16 DL:5.7MiB ETA:26m21s]
[#4aef30 1.4GiB/10GiB(13%) CN:16 DL:5.8MiB ETA:26m8s]
[#4aef30 1.4GiB/10GiB(13%) CN:16 DL:5.8MiB ETA:26m4s]
[#4aef30 1.4GiB/10GiB(13%) CN:16 DL:6.0MiB ETA:25m14s]
[#4aef30 1.4GiB/10GiB(13%) CN:16 DL:6.5MiB ETA:23m15s]
 *** Download Progress Summary as of Fri Oct  2 20:08:59 2026 *** 
===============================================================================
[#4aef30 1.4GiB/10GiB(13%) CN:16 DL:6.6MiB ETA:22m39s]
FILE: crates/id14-sr/corpus/audio/musicnet.tar.gz
-------------------------------------------------------------------------------

[#4aef30 1.4GiB/10GiB(13%) CN:16 DL:6.6MiB ETA:22m39s]
[#4aef30 1.4GiB/10GiB(14%) CN:16 DL:7.1MiB ETA:21m14s]
[#4aef30 1.4GiB/10GiB(14%) CN:16 DL:7.5MiB ETA:20m7s]
[#4aef30 1.4GiB/10GiB(14%) CN:16 DL:7.9MiB ETA:18m57s]
[#4aef30 1.4GiB/10GiB(14%) CN:16 DL:8.2MiB ETA:18m14s]
[#4aef30 1.4GiB/10GiB(14%) CN:16 DL:8.7MiB ETA:17m13s]
[#4aef30 1.5GiB/10GiB(14%) CN:16 DL:9.2MiB ETA:16m20s]
[#4aef30 1.5GiB/10GiB(14%) CN:16 DL:9.5MiB ETA:15m45s]
[#4aef30 1.5GiB/10GiB(14%) CN:16 DL:10MiB ETA:15m]
[#4aef30 1.5GiB/10GiB(14%) CN:16 DL:10MiB ETA:14m26s]
[#4aef30 1.5GiB/10GiB(15%) CN:16 DL:10MiB ETA:13m51s]
[#4aef30 1.5GiB/10GiB(15%) CN:16 DL:11MiB ETA:13m32s]
[#4aef30 1.5GiB/10GiB(15%) CN:16 DL:11MiB ETA:13m23s]
[#4aef30 1.5GiB/10GiB(15%) CN:16 DL:11MiB ETA:13m6s]
[#4aef30 1.5GiB/10GiB(15%) CN:16 DL:11MiB ETA:13m9s]
[#4aef30 1.6GiB/10GiB(15%) CN:16 DL:11MiB ETA:12m58s]
[#4aef30 1.6GiB/10GiB(15%) CN:16 DL:11MiB ETA:12m57s]
[#4aef30 1.6GiB/10GiB(15%) CN:16 DL:11MiB ETA:12m46s]
[#4aef30 1.6GiB/10GiB(15%) CN:16 DL:11MiB ETA:12m39s]
[#4aef30 1.6GiB/10GiB(15%) CN:16 DL:11MiB ETA:12m37s]
[#4aef30 1.6GiB/10GiB(16%) CN:16 DL:11MiB ETA:12m52s]
[#4aef30 1.6GiB/10GiB(16%) CN:16 DL:11MiB ETA:12m39s]
[#4aef30 1.6GiB/10GiB(16%) CN:16 DL:11MiB ETA:12m33s]
[#4aef30 1.6GiB/10GiB(16%) CN:16 DL:11MiB ETA:12m24s]
[#4aef30 1.7GiB/10GiB(16%) CN:16 DL:12MiB ETA:12m15s]
[#4aef30 1.7GiB/10GiB(16%) CN:16 DL:12MiB ETA:12m12s]
[#4aef30 1.7GiB/10GiB(16%) CN:16 DL:12MiB ETA:12m9s]
[#4aef30 1.7GiB/10GiB(16%) CN:16 DL:12MiB ETA:12m5s]
[#4aef30 1.7GiB/10GiB(17%) CN:16 DL:12MiB ETA:12m]
[#4aef30 1.7GiB/10GiB(17%) CN:16 DL:12MiB ETA:11m47s]
[#4aef30 1.7GiB/10GiB(17%) CN:16 DL:12MiB ETA:11m43s]
[#4aef30 1.7GiB/10GiB(17%) CN:16 DL:12MiB ETA:11m47s]
[#4aef30 1.8GiB/10GiB(17%) CN:16 DL:12MiB ETA:11m50s]
[#4aef30 1.8GiB/10GiB(17%) CN:16 DL:12MiB ETA:11m58s]
[#4aef30 1.8GiB/10GiB(17%) CN:16 DL:12MiB ETA:12m]
[#4aef30 1.8GiB/10GiB(17%) CN:16 DL:11MiB ETA:12m23s]
[#4aef30 1.8GiB/10GiB(17%) CN:16 DL:11MiB ETA:12m41s]
[#4aef30 1.8GiB/10GiB(17%) CN:16 DL:11MiB ETA:12m59s]
[#4aef30 1.8GiB/10GiB(18%) CN:16 DL:10MiB ETA:13m12s]
[#4aef30 1.8GiB/10GiB(18%) CN:16 DL:10MiB ETA:13m35s]
[#4aef30 1.8GiB/10GiB(18%) CN:16 DL:10MiB ETA:13m42s]
[#4aef30 1.8GiB/10GiB(18%) CN:16 DL:10MiB ETA:13m48s]
[#4aef30 1.9GiB/10GiB(18%) CN:16 DL:10MiB ETA:13m51s]
[#4aef30 1.9GiB/10GiB(18%) CN:16 DL:10MiB ETA:14m2s]
[#4aef30 1.9GiB/10GiB(18%) CN:16 DL:10MiB ETA:14m1s]
[#4aef30 1.9GiB/10GiB(18%) CN:16 DL:10MiB ETA:13m45s]
[#4aef30 1.9GiB/10GiB(18%) CN:16 DL:10MiB ETA:13m29s]
[#4aef30 1.9GiB/10GiB(18%) CN:16 DL:9.9MiB ETA:14m19s]
[#4aef30 1.9GiB/10GiB(18%) CN:16 DL:9.4MiB ETA:15m3s]
[#4aef30 1.9GiB/10GiB(19%) CN:16 DL:9.0MiB ETA:15m48s]
[#4aef30 1.9GiB/10GiB(19%) CN:16 DL:8.4MiB ETA:16m50s]
[#4aef30 1.9GiB/10GiB(19%) CN:16 DL:7.9MiB ETA:18m]
[#4aef30 1.9GiB/10GiB(19%) CN:16 DL:7.5MiB ETA:18m52s]
[#4aef30 1.9GiB/10GiB(19%) CN:16 DL:7.1MiB ETA:19m49s]
[#4aef30 2.0GiB/10GiB(19%) CN:16 DL:6.8MiB ETA:20m44s]
[#4aef30 2.0GiB/10GiB(19%) CN:16 DL:6.5MiB ETA:21m46s]
[#4aef30 2.0GiB/10GiB(19%) CN:16 DL:6.5MiB ETA:21m46s]
[#4aef30 2.0GiB/10GiB(19%) CN:16 DL:6.7MiB ETA:21m6s]
[#4aef30 2.0GiB/10GiB(19%) CN:16 DL:7.1MiB ETA:19m46s]
[#4aef30 2.0GiB/10GiB(19%) CN:16 DL:7.4MiB ETA:18m56s]
 *** Download Progress Summary as of Fri Oct  2 20:09:59 2026 *** 
===============================================================================
[#4aef30 2.0GiB/10GiB(19%) CN:16 DL:7.7MiB ETA:18m8s]
FILE: crates/id14-sr/corpus/audio/musicnet.tar.gz
-------------------------------------------------------------------------------

[#4aef30 2.0GiB/10GiB(19%) CN:16 DL:7.7MiB ETA:18m8s]
[#4aef30 2.0GiB/10GiB(19%) CN:16 DL:8.1MiB ETA:17m22s]
[#4aef30 2.0GiB/10GiB(20%) CN:16 DL:8.5MiB ETA:16m30s]
[#4aef30 2.0GiB/10GiB(20%) CN:16 DL:9.0MiB ETA:15m30s]
[#4aef30 2.0GiB/10GiB(20%) CN:16 DL:9.5MiB ETA:14m41s]
[#4aef30 2.1GiB/10GiB(20%) CN:16 DL:10MiB ETA:13m59s]
[#4aef30 2.1GiB/10GiB(20%) CN:16 DL:10MiB ETA:13m21s]
[#4aef30 2.1GiB/10GiB(20%) CN:16 DL:10MiB ETA:12m50s]
[#4aef30 2.1GiB/10GiB(20%) CN:16 DL:11MiB ETA:12m22s]
[#4aef30 2.1GiB/10GiB(20%) CN:16 DL:11MiB ETA:12m14s]
[#4aef30 2.1GiB/10GiB(20%) CN:16 DL:11MiB ETA:11m46s]
[#4aef30 2.1GiB/10GiB(21%) CN:16 DL:12MiB ETA:11m36s]
[#4aef30 2.1GiB/10GiB(21%) CN:16 DL:11MiB ETA:11m44s]
[#4aef30 2.1GiB/10GiB(21%) CN:16 DL:11MiB ETA:11m47s]
[#4aef30 2.2GiB/10GiB(21%) CN:16 DL:11MiB ETA:11m52s]
[#4aef30 2.2GiB/10GiB(21%) CN:16 DL:11MiB ETA:12m2s]
[#4aef30 2.2GiB/10GiB(21%) CN:16 DL:11MiB ETA:12m5s]
[#4aef30 2.2GiB/10GiB(21%) CN:16 DL:11MiB ETA:12m13s]
[#4aef30 2.2GiB/10GiB(21%) CN:16 DL:11MiB ETA:12m17s]
[#4aef30 2.2GiB/10GiB(21%) CN:16 DL:11MiB ETA:12m30s]
[#4aef30 2.2GiB/10GiB(21%) CN:16 DL:11MiB ETA:12m30s]
[#4aef30 2.2GiB/10GiB(22%) CN:16 DL:10MiB ETA:12m42s]
[#4aef30 2.2GiB/10GiB(22%) CN:16 DL:10MiB ETA:12m41s]
[#4aef30 2.3GiB/10GiB(22%) CN:16 DL:10MiB ETA:12m41s]
[#4aef30 2.3GiB/10GiB(22%) CN:16 DL:10MiB ETA:12m44s]
[#4aef30 2.3GiB/10GiB(22%) CN:16 DL:10MiB ETA:12m27s]
[#4aef30 2.3GiB/10GiB(22%) CN:16 DL:11MiB ETA:12m9s]
[#4aef30 2.3GiB/10GiB(22%) CN:16 DL:11MiB ETA:11m54s]
[#4aef30 2.3GiB/10GiB(22%) CN:16 DL:11MiB ETA:12m8s]
[#4aef30 2.3GiB/10GiB(22%) CN:16 DL:11MiB ETA:11m55s]
[#4aef30 2.3GiB/10GiB(23%) CN:16 DL:11MiB ETA:11m58s]
[#4aef30 2.3GiB/10GiB(23%) CN:16 DL:11MiB ETA:11m58s]
[#4aef30 2.4GiB/10GiB(23%) CN:16 DL:11MiB ETA:11m48s]
[#4aef30 2.4GiB/10GiB(23%) CN:16 DL:11MiB ETA:11m47s]
[#4aef30 2.4GiB/10GiB(23%) CN:16 DL:11MiB ETA:11m55s]
[#4aef30 2.4GiB/10GiB(23%) CN:16 DL:11MiB ETA:12m]
[#4aef30 2.4GiB/10GiB(23%) CN:16 DL:11MiB ETA:12m3s]
[#4aef30 2.4GiB/10GiB(23%) CN:16 DL:11MiB ETA:12m2s]
[#4aef30 2.4GiB/10GiB(23%) CN:16 DL:11MiB ETA:11m54s]
[#4aef30 2.4GiB/10GiB(23%) CN:16 DL:11MiB ETA:11m34s]
[#4aef30 2.4GiB/10GiB(24%) CN:16 DL:11MiB ETA:11m20s]
[#4aef30 2.5GiB/10GiB(24%) CN:16 DL:11MiB ETA:11m20s]
[#4aef30 2.5GiB/10GiB(24%) CN:16 DL:11MiB ETA:11m9s]
[#4aef30 2.5GiB/10GiB(24%) CN:16 DL:12MiB ETA:10m58s]
[#4aef30 2.5GiB/10GiB(24%) CN:16 DL:12MiB ETA:10m53s]
[#4aef30 2.5GiB/10GiB(24%) CN:16 DL:12MiB ETA:10m53s]
[#4aef30 2.5GiB/10GiB(24%) CN:16 DL:12MiB ETA:10m43s]
[#4aef30 2.5GiB/10GiB(24%) CN:16 DL:12MiB ETA:10m45s]
[#4aef30 2.5GiB/10GiB(24%) CN:16 DL:11MiB ETA:11m7s]
[#4aef30 2.5GiB/10GiB(25%) CN:16 DL:11MiB ETA:11m54s]
[#4aef30 2.5GiB/10GiB(25%) CN:16 DL:10MiB ETA:12m51s]
[#4aef30 2.5GiB/10GiB(25%) CN:16 DL:9.5MiB ETA:13m45s]
[#4aef30 2.6GiB/10GiB(25%) CN:16 DL:8.5MiB ETA:15m23s]
[#4aef30 2.6GiB/10GiB(25%) CN:16 DL:7.4MiB ETA:17m39s]
[#4aef30 2.6GiB/10GiB(25%) CN:16 DL:6.7MiB ETA:19m25s]
[#4aef30 2.6GiB/10GiB(25%) CN:16 DL:6.0MiB ETA:21m41s]
[#4aef30 2.6GiB/10GiB(25%) CN:16 DL:5.5MiB ETA:23m39s]
[#4aef30 2.6GiB/10GiB(25%) CN:16 DL:5.3MiB ETA:24m44s]
[#4aef30 2.6GiB/10GiB(25%) CN:16 DL:5.3MiB ETA:24m33s]
[#4aef30 2.6GiB/10GiB(25%) CN:16 DL:5.3MiB ETA:24m33s]
 *** Download Progress Summary as of Fri Oct  2 20:10:59 2026 *** 
===============================================================================
[#4aef30 2.6GiB/10GiB(25%) CN:16 DL:5.5MiB ETA:23m50s]
FILE: crates/id14-sr/corpus/audio/musicnet.tar.gz
-------------------------------------------------------------------------------

[#4aef30 2.6GiB/10GiB(25%) CN:16 DL:5.5MiB ETA:23m50s]
[#4aef30 2.6GiB/10GiB(25%) CN:16 DL:5.8MiB ETA:22m29s]
[#4aef30 2.6GiB/10GiB(25%) CN:16 DL:6.4MiB ETA:20m11s]
[#4aef30 2.6GiB/10GiB(25%) CN:16 DL:7.3MiB ETA:17m50s]
[#4aef30 2.6GiB/10GiB(25%) CN:16 DL:8.0MiB ETA:16m15s]
[#4aef30 2.6GiB/10GiB(26%) CN:16 DL:8.4MiB ETA:15m22s]
[#4aef30 2.7GiB/10GiB(26%) CN:16 DL:8.8MiB ETA:14m42s]
[#4aef30 2.7GiB/10GiB(26%) CN:16 DL:9.2MiB ETA:14m2s]
[#4aef30 2.7GiB/10GiB(26%) CN:16 DL:9.8MiB ETA:13m7s]
[#4aef30 2.7GiB/10GiB(26%) CN:16 DL:10MiB ETA:12m19s]
[#4aef30 2.7GiB/10GiB(26%) CN:16 DL:11MiB ETA:11m39s]
[#4aef30 2.7GiB/10GiB(26%) CN:16 DL:11MiB ETA:11m15s]
[#4aef30 2.7GiB/10GiB(26%) CN:16 DL:11MiB ETA:10m58s]
[#4aef30 2.7GiB/10GiB(27%) CN:16 DL:12MiB ETA:10m38s]
[#4aef30 2.8GiB/10GiB(27%) CN:16 DL:12MiB ETA:10m32s]
[#4aef30 2.8GiB/10GiB(27%) CN:16 DL:12MiB ETA:10m20s]
[#4aef30 2.8GiB/10GiB(27%) CN:16 DL:12MiB ETA:10m22s]
[#4aef30 2.8GiB/10GiB(27%) CN:16 DL:12MiB ETA:10m21s]
[#4aef30 2.8GiB/10GiB(27%) CN:16 DL:12MiB ETA:10m23s]
[#4aef30 2.8GiB/10GiB(27%) CN:16 DL:12MiB ETA:10m23s]
[#4aef30 2.8GiB/10GiB(27%) CN:16 DL:12MiB ETA:10m24s]
[#4aef30 2.8GiB/10GiB(27%) CN:16 DL:12MiB ETA:10m21s]
[#4aef30 2.8GiB/10GiB(28%) CN:16 DL:12MiB ETA:10m33s]
[#4aef30 2.9GiB/10GiB(28%) CN:16 DL:12MiB ETA:10m27s]
[#4aef30 2.9GiB/10GiB(28%) CN:16 DL:12MiB ETA:10m21s]
[#4aef30 2.9GiB/10GiB(28%) CN:16 DL:11MiB ETA:10m32s]
[#4aef30 2.9GiB/10GiB(28%) CN:16 DL:12MiB ETA:10m21s]
[#4aef30 2.9GiB/10GiB(28%) CN:16 DL:12MiB ETA:10m9s]
[#4aef30 2.9GiB/10GiB(28%) CN:16 DL:12MiB ETA:10m7s]
[#4aef30 2.9GiB/10GiB(28%) CN:16 DL:12MiB ETA:10m5s]
[#4aef30 2.9GiB/10GiB(28%) CN:16 DL:12MiB ETA:10m9s]
[#4aef30 3.0GiB/10GiB(29%) CN:16 DL:12MiB ETA:10m12s]
[#4aef30 3.0GiB/10GiB(29%) CN:16 DL:11MiB ETA:10m28s]
[#4aef30 3.0GiB/10GiB(29%) CN:16 DL:11MiB ETA:10m32s]
[#4aef30 3.0GiB/10GiB(29%) CN:16 DL:11MiB ETA:10m30s]
[#4aef30 3.0GiB/10GiB(29%) CN:16 DL:11MiB ETA:10m32s]
[#4aef30 3.0GiB/10GiB(29%) CN:16 DL:11MiB ETA:10m31s]
[#4aef30 3.0GiB/10GiB(29%) CN:16 DL:11MiB ETA:10m38s]
[#4aef30 3.0GiB/10GiB(29%) CN:16 DL:11MiB ETA:10m36s]
[#4aef30 3.0GiB/10GiB(29%) CN:16 DL:11MiB ETA:10m33s]
[#4aef30 3.1GiB/10GiB(30%) CN:16 DL:11MiB ETA:10m36s]
[#4aef30 3.1GiB/10GiB(30%) CN:16 DL:11MiB ETA:10m29s]
[#4aef30 3.1GiB/10GiB(30%) CN:16 DL:11MiB ETA:10m29s]
[#4aef30 3.1GiB/10GiB(30%) CN:16 DL:11MiB ETA:10m31s]
[#4aef30 3.1GiB/10GiB(30%) CN:16 DL:11MiB ETA:10m26s]
[#4aef30 3.1GiB/10GiB(30%) CN:16 DL:11MiB ETA:10m35s]
[#4aef30 3.1GiB/10GiB(30%) CN:16 DL:11MiB ETA:10m37s]
[#4aef30 3.1GiB/10GiB(30%) CN:16 DL:11MiB ETA:10m35s]
[#4aef30 3.1GiB/10GiB(30%) CN:16 DL:11MiB ETA:10m30s]
[#4aef30 3.2GiB/10GiB(31%) CN:16 DL:11MiB ETA:10m37s]
[#4aef30 3.2GiB/10GiB(31%) CN:16 DL:10MiB ETA:11m19s]
[#4aef30 3.2GiB/10GiB(31%) CN:16 DL:10MiB ETA:11m56s]
[#4aef30 3.2GiB/10GiB(31%) CN:16 DL:9.5MiB ETA:12m46s]
[#4aef30 3.2GiB/10GiB(31%) CN:16 DL:8.6MiB ETA:14m6s]
[#4aef30 3.2GiB/10GiB(31%) CN:16 DL:7.8MiB ETA:15m24s]
[#4aef30 3.2GiB/10GiB(31%) CN:16 DL:7.1MiB ETA:17m]
[#4aef30 3.2GiB/10GiB(31%) CN:16 DL:6.4MiB ETA:18m39s]
[#4aef30 3.2GiB/10GiB(31%) CN:16 DL:5.8MiB ETA:20m35s]
[#4aef30 3.2GiB/10GiB(31%) CN:16 DL:5.5MiB ETA:21m42s]
[#4aef30 3.2GiB/10GiB(31%) CN:16 DL:5.7MiB ETA:20m55s]
[#4aef30 3.2GiB/10GiB(31%) CN:16 DL:5.9MiB ETA:20m13s]
 *** Download Progress Summary as of Fri Oct  2 20:12:00 2026 *** 
===============================================================================
[#4aef30 3.2GiB/10GiB(31%) CN:16 DL:6.0MiB ETA:19m45s]
FILE: crates/id14-sr/corpus/audio/musicnet.tar.gz
-------------------------------------------------------------------------------

[#4aef30 3.2GiB/10GiB(31%) CN:16 DL:6.0MiB ETA:19m45s]
[#4aef30 3.2GiB/10GiB(31%) CN:16 DL:6.6MiB ETA:18m8s]
[#4aef30 3.2GiB/10GiB(31%) CN:16 DL:7.1MiB ETA:16m46s]
[#4aef30 3.3GiB/10GiB(31%) CN:16 DL:7.6MiB ETA:15m40s]
[#4aef30 3.3GiB/10GiB(32%) CN:16 DL:8.0MiB ETA:14m50s]
[#4aef30 3.3GiB/10GiB(32%) CN:16 DL:8.5MiB ETA:14m4s]
[#4aef30 3.3GiB/10GiB(32%) CN:16 DL:8.8MiB ETA:13m26s]
[#4aef30 3.3GiB/10GiB(32%) CN:16 DL:9.3MiB ETA:12m46s]
[#4aef30 3.3GiB/10GiB(32%) CN:16 DL:9.7MiB ETA:12m13s]
[#4aef30 3.3GiB/10GiB(32%) CN:16 DL:10MiB ETA:11m47s]
[#4aef30 3.3GiB/10GiB(32%) CN:16 DL:10MiB ETA:11m43s]
[#4aef30 3.3GiB/10GiB(32%) CN:16 DL:10MiB ETA:11m34s]
[#4aef30 3.3GiB/10GiB(32%) CN:16 DL:10MiB ETA:11m14s]
[#4aef30 3.4GiB/10GiB(32%) CN:16 DL:10MiB ETA:11m15s]
[#4aef30 3.4GiB/10GiB(33%) CN:16 DL:10MiB ETA:11m18s]
[#4aef30 3.4GiB/10GiB(33%) CN:16 DL:10MiB ETA:11m42s]
[#4aef30 3.4GiB/10GiB(33%) CN:16 DL:9.6MiB ETA:12m12s]
[#4aef30 3.4GiB/10GiB(33%) CN:16 DL:9.2MiB ETA:12m41s]
[#4aef30 3.4GiB/10GiB(33%) CN:16 DL:8.9MiB ETA:13m6s]
[#4aef30 3.4GiB/10GiB(33%) CN:16 DL:9.0MiB ETA:13m1s]
[#4aef30 3.4GiB/10GiB(33%) CN:16 DL:8.9MiB ETA:13m4s]
[#4aef30 3.4GiB/10GiB(33%) CN:16 DL:8.8MiB ETA:13m16s]
[#4aef30 3.4GiB/10GiB(33%) CN:16 DL:8.6MiB ETA:13m28s]
[#4aef30 3.4GiB/10GiB(33%) CN:16 DL:8.7MiB ETA:13m23s]
[#4aef30 3.5GiB/10GiB(33%) CN:16 DL:8.8MiB ETA:13m12s]
[#4aef30 3.5GiB/10GiB(33%) CN:16 DL:9.1MiB ETA:12m41s]
[#4aef30 3.5GiB/10GiB(34%) CN:16 DL:9.6MiB ETA:12m3s]
[#4aef30 3.5GiB/10GiB(34%) CN:16 DL:9.9MiB ETA:11m39s]
[#4aef30 3.5GiB/10GiB(34%) CN:16 DL:10MiB ETA:11m17s]
[#4aef30 3.5GiB/10GiB(34%) CN:16 DL:10MiB ETA:11m3s]
[#4aef30 3.5GiB/10GiB(34%) CN:16 DL:10MiB ETA:10m43s]
[#4aef30 3.5GiB/10GiB(34%) CN:16 DL:10MiB ETA:10m31s]
[#4aef30 3.5GiB/10GiB(34%) CN:16 DL:11MiB ETA:10m19s]
[#4aef30 3.6GiB/10GiB(34%) CN:16 DL:11MiB ETA:10m12s]
[#4aef30 3.6GiB/10GiB(34%) CN:16 DL:11MiB ETA:10m23s]
[#4aef30 3.6GiB/10GiB(35%) CN:16 DL:10MiB ETA:10m25s]
[#4aef30 3.6GiB/10GiB(35%) CN:16 DL:10MiB ETA:10m24s]
[#4aef30 3.6GiB/10GiB(35%) CN:16 DL:10MiB ETA:10m26s]
[#4aef30 3.6GiB/10GiB(35%) CN:16 DL:10MiB ETA:10m28s]
[#4aef30 3.6GiB/10GiB(35%) CN:16 DL:10MiB ETA:10m36s]
[#4aef30 3.6GiB/10GiB(35%) CN:16 DL:10MiB ETA:10m35s]
[#4aef30 3.6GiB/10GiB(35%) CN:16 DL:10MiB ETA:10m39s]
[#4aef30 3.6GiB/10GiB(35%) CN:16 DL:10MiB ETA:10m47s]
[#4aef30 3.7GiB/10GiB(35%) CN:16 DL:10MiB ETA:10m38s]
[#4aef30 3.7GiB/10GiB(35%) CN:16 DL:10MiB ETA:10m25s]
[#4aef30 3.7GiB/10GiB(35%) CN:16 DL:10MiB ETA:10m47s]
[#4aef30 3.7GiB/10GiB(36%) CN:16 DL:9.9MiB ETA:11m20s]
[#4aef30 3.7GiB/10GiB(36%) CN:16 DL:9.5MiB ETA:11m47s]
[#4aef30 3.7GiB/10GiB(36%) CN:16 DL:9.5MiB ETA:11m48s]
[#4aef30 3.7GiB/10GiB(36%) CN:16 DL:9.4MiB ETA:11m53s]
[#4aef30 3.7GiB/10GiB(36%) CN:16 DL:9.0MiB ETA:12m25s]
[#4aef30 3.7GiB/10GiB(36%) CN:16 DL:8.7MiB ETA:12m50s]
[#4aef30 3.7GiB/10GiB(36%) CN:16 DL:8.3MiB ETA:13m26s]
[#4aef30 3.7GiB/10GiB(36%) CN:16 DL:7.8MiB ETA:14m18s]
[#4aef30 3.7GiB/10GiB(36%) CN:16 DL:7.5MiB ETA:14m47s]
[#4aef30 3.7GiB/10GiB(36%) CN:16 DL:7.4MiB ETA:15m4s]
[#4aef30 3.7GiB/10GiB(36%) CN:16 DL:7.1MiB ETA:15m31s]
[#4aef30 3.8GiB/10GiB(36%) CN:16 DL:6.9MiB ETA:16m]
[#4aef30 3.8GiB/10GiB(36%) CN:16 DL:6.6MiB ETA:16m36s]
[#4aef30 3.8GiB/10GiB(36%) CN:16 DL:6.8MiB ETA:16m10s]
[#4aef30 3.8GiB/10GiB(37%) CN:16 DL:6.8MiB ETA:16m7s]
 *** Download Progress Summary as of Fri Oct  2 20:13:01 2026 *** 
===============================================================================
[#4aef30 3.8GiB/10GiB(37%) CN:16 DL:7.1MiB ETA:15m29s]
FILE: crates/id14-sr/corpus/audio/musicnet.tar.gz
-------------------------------------------------------------------------------

[#4aef30 3.8GiB/10GiB(37%) CN:16 DL:7.1MiB ETA:15m29s]
[#4aef30 3.8GiB/10GiB(37%) CN:16 DL:7.4MiB ETA:14m53s]
[#4aef30 3.8GiB/10GiB(37%) CN:16 DL:7.9MiB ETA:13m49s]
[#4aef30 3.8GiB/10GiB(37%) CN:16 DL:8.7MiB ETA:12m37s]
[#4aef30 3.8GiB/10GiB(37%) CN:16 DL:9.4MiB ETA:11m39s]
[#4aef30 3.8GiB/10GiB(37%) CN:16 DL:9.7MiB ETA:11m14s]
[#4aef30 3.9GiB/10GiB(37%) CN:16 DL:10MiB ETA:10m35s]
[#4aef30 3.9GiB/10GiB(37%) CN:16 DL:10MiB ETA:10m2s]
[#4aef30 3.9GiB/10GiB(38%) CN:16 DL:11MiB ETA:9m35s]
[#4aef30 3.9GiB/10GiB(38%) CN:16 DL:11MiB ETA:9m10s]
[#4aef30 3.9GiB/10GiB(38%) CN:16 DL:12MiB ETA:8m56s]
[#4aef30 3.9GiB/10GiB(38%) CN:16 DL:12MiB ETA:8m39s]
[#4aef30 3.9GiB/10GiB(38%) CN:16 DL:12MiB ETA:8m28s]
[#4aef30 3.9GiB/10GiB(38%) CN:16 DL:12MiB ETA:8m23s]
[#4aef30 4.0GiB/10GiB(38%) CN:16 DL:12MiB ETA:8m22s]
[#4aef30 4.0GiB/10GiB(38%) CN:16 DL:12MiB ETA:8m20s]
[#4aef30 4.0GiB/10GiB(39%) CN:16 DL:12MiB ETA:8m23s]
[#4aef30 4.0GiB/10GiB(39%) CN:16 DL:12MiB ETA:8m24s]
[#4aef30 4.0GiB/10GiB(39%) CN:16 DL:12MiB ETA:8m28s]
[#4aef30 4.0GiB/10GiB(39%) CN:16 DL:12MiB ETA:8m32s]
[#4aef30 4.0GiB/10GiB(39%) CN:16 DL:12MiB ETA:8m36s]
[#4aef30 4.0GiB/10GiB(39%) CN:16 DL:12MiB ETA:8m36s]
[#4aef30 4.0GiB/10GiB(39%) CN:16 DL:12MiB ETA:8m51s]
[#4aef30 4.1GiB/10GiB(39%) CN:16 DL:11MiB ETA:8m54s]
[#4aef30 4.1GiB/10GiB(39%) CN:16 DL:11MiB ETA:8m53s]
[#4aef30 4.1GiB/10GiB(39%) CN:16 DL:11MiB ETA:9m1s]
[#4aef30 4.1GiB/10GiB(40%) CN:16 DL:11MiB ETA:9m10s]
[#4aef30 4.1GiB/10GiB(40%) CN:16 DL:11MiB ETA:9m13s]
[#4aef30 4.1GiB/10GiB(40%) CN:16 DL:11MiB ETA:9m31s]
[#4aef30 4.1GiB/10GiB(40%) CN:16 DL:11MiB ETA:9m28s]
[#4aef30 4.1GiB/10GiB(40%) CN:16 DL:11MiB ETA:9m26s]
[#4aef30 4.1GiB/10GiB(40%) CN:16 DL:10MiB ETA:9m43s]
[#4aef30 4.2GiB/10GiB(40%) CN:16 DL:10MiB ETA:9m41s]
[#4aef30 4.2GiB/10GiB(40%) CN:16 DL:10MiB ETA:9m40s]
[#4aef30 4.2GiB/10GiB(40%) CN:16 DL:10MiB ETA:9m35s]
[#4aef30 4.2GiB/10GiB(41%) CN:16 DL:11MiB ETA:9m24s]
[#4aef30 4.2GiB/10GiB(41%) CN:16 DL:11MiB ETA:9m22s]
[#4aef30 4.2GiB/10GiB(41%) CN:16 DL:11MiB ETA:9m24s]
[#4aef30 4.2GiB/10GiB(41%) CN:16 DL:10MiB ETA:9m28s]
[#4aef30 4.2GiB/10GiB(41%) CN:16 DL:10MiB ETA:9m34s]
[#4aef30 4.2GiB/10GiB(41%) CN:16 DL:10MiB ETA:9m26s]
[#4aef30 4.3GiB/10GiB(41%) CN:16 DL:10MiB ETA:9m27s]
[#4aef30 4.3GiB/10GiB(41%) CN:16 DL:10MiB ETA:9m27s]
[#4aef30 4.3GiB/10GiB(41%) CN:16 DL:10MiB ETA:9m22s]
[#4aef30 4.3GiB/10GiB(41%) CN:16 DL:10MiB ETA:9m22s]
[#4aef30 4.3GiB/10GiB(42%) CN:16 DL:10MiB ETA:9m18s]
[#4aef30 4.3GiB/10GiB(42%) CN:16 DL:10MiB ETA:9m17s]
[#4aef30 4.3GiB/10GiB(42%) CN:16 DL:11MiB ETA:8m54s]
[#4aef30 4.3GiB/10GiB(42%) CN:16 DL:11MiB ETA:8m50s]
[#4aef30 4.3GiB/10GiB(42%) CN:16 DL:11MiB ETA:8m38s]
[#4aef30 4.4GiB/10GiB(42%) CN:16 DL:11MiB ETA:8m48s]
[#4aef30 4.4GiB/10GiB(42%) CN:16 DL:11MiB ETA:9m8s]
[#4aef30 4.4GiB/10GiB(42%) CN:16 DL:10MiB ETA:9m35s]
[#4aef30 4.4GiB/10GiB(42%) CN:16 DL:10MiB ETA:10m3s]
[#4aef30 4.4GiB/10GiB(42%) CN:16 DL:9.4MiB ETA:10m42s]
[#4aef30 4.4GiB/10GiB(42%) CN:16 DL:8.8MiB ETA:11m23s]
[#4aef30 4.4GiB/10GiB(43%) CN:16 DL:8.2MiB ETA:12m13s]
[#4aef30 4.4GiB/10GiB(43%) CN:16 DL:7.8MiB ETA:12m49s]
[#4aef30 4.4GiB/10GiB(43%) CN:16 DL:7.3MiB ETA:13m38s]
[#4aef30 4.4GiB/10GiB(43%) CN:16 DL:7.2MiB ETA:13m48s]
 *** Download Progress Summary as of Fri Oct  2 20:14:01 2026 *** 
===============================================================================
[#4aef30 4.4GiB/10GiB(43%) CN:16 DL:7.4MiB ETA:13m20s]
FILE: crates/id14-sr/corpus/audio/musicnet.tar.gz
-------------------------------------------------------------------------------

[#4aef30 4.4GiB/10GiB(43%) CN:16 DL:7.4MiB ETA:13m20s]
[#4aef30 4.4GiB/10GiB(43%) CN:16 DL:7.7MiB ETA:12m51s]
[#4aef30 4.4GiB/10GiB(43%) CN:16 DL:7.9MiB ETA:12m36s]
[#4aef30 4.5GiB/10GiB(43%) CN:16 DL:8.2MiB ETA:12m6s]
[#4aef30 4.5GiB/10GiB(43%) CN:16 DL:8.5MiB ETA:11m39s]
[#4aef30 4.5GiB/10GiB(43%) CN:16 DL:8.9MiB ETA:11m1s]
[#4aef30 4.5GiB/10GiB(43%) CN:16 DL:9.2MiB ETA:10m44s]
[#4aef30 4.5GiB/10GiB(43%) CN:16 DL:9.6MiB ETA:10m16s]
[#4aef30 4.5GiB/10GiB(44%) CN:16 DL:10MiB ETA:9m51s]
[#4aef30 4.5GiB/10GiB(44%) CN:16 DL:10MiB ETA:9m28s]
[#4aef30 4.5GiB/10GiB(44%) CN:16 DL:10MiB ETA:8m57s]
[#4aef30 4.5GiB/10GiB(44%) CN:16 DL:11MiB ETA:8m32s]
[#4aef30 4.6GiB/10GiB(44%) CN:16 DL:11MiB ETA:8m13s]
[#4aef30 4.6GiB/10GiB(44%) CN:16 DL:12MiB ETA:7m59s]
[#4aef30 4.6GiB/10GiB(44%) CN:16 DL:12MiB ETA:7m44s]
[#4aef30 4.6GiB/10GiB(44%) CN:16 DL:12MiB ETA:7m38s]
[#4aef30 4.6GiB/10GiB(45%) CN:16 DL:12MiB ETA:7m31s]
[#4aef30 4.6GiB/10GiB(45%) CN:16 DL:13MiB ETA:7m23s]
[#4aef30 4.6GiB/10GiB(45%) CN:16 DL:13MiB ETA:7m16s]
[#4aef30 4.6GiB/10GiB(45%) CN:16 DL:13MiB ETA:7m20s]
[#4aef30 4.7GiB/10GiB(45%) CN:16 DL:12MiB ETA:7m23s]
[#4aef30 4.7GiB/10GiB(45%) CN:16 DL:13MiB ETA:7m21s]
[#4aef30 4.7GiB/10GiB(45%) CN:16 DL:12MiB ETA:7m21s]
[#4aef30 4.7GiB/10GiB(45%) CN:16 DL:13MiB ETA:7m19s]
[#4aef30 4.7GiB/10GiB(46%) CN:16 DL:13MiB ETA:7m11s]
[#4aef30 4.7GiB/10GiB(46%) CN:16 DL:13MiB ETA:7m14s]
[#4aef30 4.7GiB/10GiB(46%) CN:16 DL:12MiB ETA:7m20s]
[#4aef30 4.7GiB/10GiB(46%) CN:16 DL:12MiB ETA:7m20s]
[#4aef30 4.8GiB/10GiB(46%) CN:16 DL:12MiB ETA:7m22s]
[#4aef30 4.8GiB/10GiB(46%) CN:16 DL:12MiB ETA:7m26s]
[#4aef30 4.8GiB/10GiB(46%) CN:16 DL:12MiB ETA:7m23s]
[#4aef30 4.8GiB/10GiB(46%) CN:16 DL:12MiB ETA:7m25s]
[#4aef30 4.8GiB/10GiB(47%) CN:16 DL:12MiB ETA:7m22s]
[#4aef30 4.8GiB/10GiB(47%) CN:16 DL:12MiB ETA:7m22s]
[#4aef30 4.8GiB/10GiB(47%) CN:16 DL:12MiB ETA:7m25s]
[#4aef30 4.8GiB/10GiB(47%) CN:16 DL:12MiB ETA:7m19s]
[#4aef30 4.9GiB/10GiB(47%) CN:16 DL:12MiB ETA:7m14s]
[#4aef30 4.9GiB/10GiB(47%) CN:16 DL:12MiB ETA:7m9s]
[#4aef30 4.9GiB/10GiB(47%) CN:16 DL:12MiB ETA:7m13s]
[#4aef30 4.9GiB/10GiB(47%) CN:16 DL:12MiB ETA:7m12s]
[#4aef30 4.9GiB/10GiB(47%) CN:16 DL:12MiB ETA:7m17s]
[#4aef30 4.9GiB/10GiB(48%) CN:16 DL:12MiB ETA:7m17s]
[#4aef30 4.9GiB/10GiB(48%) CN:16 DL:12MiB ETA:7m18s]
[#4aef30 4.9GiB/10GiB(48%) CN:16 DL:12MiB ETA:7m24s]
[#4aef30 5.0GiB/10GiB(48%) CN:16 DL:12MiB ETA:7m21s]
[#4aef30 5.0GiB/10GiB(48%) CN:16 DL:12MiB ETA:7m23s]
[#4aef30 5.0GiB/10GiB(48%) CN:16 DL:12MiB ETA:7m25s]
[#4aef30 5.0GiB/10GiB(48%) CN:16 DL:12MiB ETA:7m25s]
[#4aef30 5.0GiB/10GiB(48%) CN:16 DL:12MiB ETA:7m19s]
[#4aef30 5.0GiB/10GiB(49%) CN:16 DL:12MiB ETA:7m14s]
[#4aef30 5.0GiB/10GiB(49%) CN:16 DL:12MiB ETA:7m6s]
[#4aef30 5.0GiB/10GiB(49%) CN:16 DL:12MiB ETA:7m13s]
[#4aef30 5.0GiB/10GiB(49%) CN:16 DL:11MiB ETA:7m29s]
[#4aef30 5.1GiB/10GiB(49%) CN:16 DL:11MiB ETA:7m49s]
[#4aef30 5.1GiB/10GiB(49%) CN:16 DL:10MiB ETA:8m8s]
[#4aef30 5.1GiB/10GiB(49%) CN:16 DL:9.7MiB ETA:9m9s]
[#4aef30 5.1GiB/10GiB(49%) CN:16 DL:8.9MiB ETA:9m56s]
[#4aef30 5.1GiB/10GiB(49%) CN:16 DL:8.0MiB ETA:10m59s]
[#4aef30 5.1GiB/10GiB(49%) CN:16 DL:7.4MiB ETA:11m58s]
[#4aef30 5.1GiB/10GiB(49%) CN:16 DL:6.8MiB ETA:12m55s]
 *** Download Progress Summary as of Fri Oct  2 20:15:01 2026 *** 
===============================================================================
[#4aef30 5.1GiB/10GiB(49%) CN:16 DL:6.4MiB ETA:13m44s]
FILE: crates/id14-sr/corpus/audio/musicnet.tar.gz
-------------------------------------------------------------------------------

[#4aef30 5.1GiB/10GiB(49%) CN:16 DL:6.4MiB ETA:13m44s]
[#4aef30 5.1GiB/10GiB(49%) CN:16 DL:6.2MiB ETA:14m9s]
[#4aef30 5.1GiB/10GiB(49%) CN:16 DL:6.5MiB ETA:13m34s]
[#4aef30 5.1GiB/10GiB(50%) CN:16 DL:6.4MiB ETA:13m37s]
[#4aef30 5.1GiB/10GiB(50%) CN:16 DL:6.3MiB ETA:13m57s]
[#4aef30 5.1GiB/10GiB(50%) CN:16 DL:6.9MiB ETA:12m34s]
[#4aef30 5.1GiB/10GiB(50%) CN:16 DL:7.4MiB ETA:11m47s]
[#4aef30 5.1GiB/10GiB(50%) CN:16 DL:7.9MiB ETA:11m1s]
[#4aef30 5.2GiB/10GiB(50%) CN:16 DL:8.0MiB ETA:10m51s]
[#4aef30 5.2GiB/10GiB(50%) CN:16 DL:8.1MiB ETA:10m43s]
[#4aef30 5.2GiB/10GiB(50%) CN:16 DL:8.1MiB ETA:10m41s]
[#4aef30 5.2GiB/10GiB(50%) CN:16 DL:8.3MiB ETA:10m26s]
[#4aef30 5.2GiB/10GiB(50%) CN:16 DL:8.5MiB ETA:10m12s]
[#4aef30 5.2GiB/10GiB(50%) CN:16 DL:8.8MiB ETA:9m50s]
[#4aef30 5.2GiB/10GiB(50%) CN:16 DL:9.4MiB ETA:9m8s]
[#4aef30 5.2GiB/10GiB(51%) CN:16 DL:9.8MiB ETA:8m43s]
[#4aef30 5.2GiB/10GiB(51%) CN:16 DL:9.9MiB ETA:8m38s]
[#4aef30 5.2GiB/10GiB(51%) CN:16 DL:10MiB ETA:8m21s]
[#4aef30 5.3GiB/10GiB(51%) CN:16 DL:10MiB ETA:8m2s]
[#4aef30 5.3GiB/10GiB(51%) CN:16 DL:10MiB ETA:7m49s]
[#4aef30 5.3GiB/10GiB(51%) CN:16 DL:11MiB ETA:7m35s]
[#4aef30 5.3GiB/10GiB(51%) CN:16 DL:11MiB ETA:7m27s]
[#4aef30 5.3GiB/10GiB(51%) CN:16 DL:11MiB ETA:7m27s]
[#4aef30 5.3GiB/10GiB(51%) CN:16 DL:11MiB ETA:7m27s]
[#4aef30 5.3GiB/10GiB(52%) CN:16 DL:11MiB ETA:7m28s]
[#4aef30 5.3GiB/10GiB(52%) CN:16 DL:11MiB ETA:7m22s]
[#4aef30 5.3GiB/10GiB(52%) CN:16 DL:11MiB ETA:7m20s]
[#4aef30 5.4GiB/10GiB(52%) CN:16 DL:11MiB ETA:7m19s]
[#4aef30 5.4GiB/10GiB(52%) CN:16 DL:11MiB ETA:7m14s]
[#4aef30 5.4GiB/10GiB(52%) CN:16 DL:11MiB ETA:7m16s]
[#4aef30 5.4GiB/10GiB(52%) CN:16 DL:11MiB ETA:7m15s]
[#4aef30 5.4GiB/10GiB(52%) CN:16 DL:11MiB ETA:7m15s]
[#4aef30 5.4GiB/10GiB(52%) CN:16 DL:11MiB ETA:7m6s]
[#4aef30 5.4GiB/10GiB(53%) CN:16 DL:11MiB ETA:7m7s]
[#4aef30 5.4GiB/10GiB(53%) CN:16 DL:11MiB ETA:7m1s]
[#4aef30 5.5GiB/10GiB(53%) CN:16 DL:11MiB ETA:7m7s]
[#4aef30 5.5GiB/10GiB(53%) CN:16 DL:11MiB ETA:7m16s]
[#4aef30 5.5GiB/10GiB(53%) CN:16 DL:11MiB ETA:7m20s]
[#4aef30 5.5GiB/10GiB(53%) CN:16 DL:11MiB ETA:7m15s]
[#4aef30 5.5GiB/10GiB(53%) CN:16 DL:11MiB ETA:7m16s]
[#4aef30 5.5GiB/10GiB(53%) CN:16 DL:11MiB ETA:7m2s]
[#4aef30 5.5GiB/10GiB(53%) CN:16 DL:11MiB ETA:6m54s]
[#4aef30 5.5GiB/10GiB(54%) CN:16 DL:11MiB ETA:6m50s]
[#4aef30 5.5GiB/10GiB(54%) CN:16 DL:11MiB ETA:6m49s]
[#4aef30 5.6GiB/10GiB(54%) CN:16 DL:12MiB ETA:6m35s]
[#4aef30 5.6GiB/10GiB(54%) CN:16 DL:12MiB ETA:6m22s]
[#4aef30 5.6GiB/10GiB(54%) CN:16 DL:12MiB ETA:6m16s]
[#4aef30 5.6GiB/10GiB(54%) CN:16 DL:12MiB ETA:6m10s]
[#4aef30 5.6GiB/10GiB(54%) CN:16 DL:13MiB ETA:6m5s]
[#4aef30 5.6GiB/10GiB(54%) CN:16 DL:13MiB ETA:6m2s]
[#4aef30 5.6GiB/10GiB(54%) CN:16 DL:12MiB ETA:6m7s]
[#4aef30 5.6GiB/10GiB(55%) CN:16 DL:12MiB ETA:6m6s]
[#4aef30 5.7GiB/10GiB(55%) CN:16 DL:13MiB ETA:6m3s]
[#4aef30 5.7GiB/10GiB(55%) CN:16 DL:12MiB ETA:6m32s]
[#4aef30 5.7GiB/10GiB(55%) CN:16 DL:11MiB ETA:6m52s]
[#4aef30 5.7GiB/10GiB(55%) CN:16 DL:10MiB ETA:7m12s]
[#4aef30 5.7GiB/10GiB(55%) CN:16 DL:10MiB ETA:7m44s]
[#4aef30 5.7GiB/10GiB(55%) CN:16 DL:9.1MiB ETA:8m35s]
[#4aef30 5.7GiB/10GiB(55%) CN:16 DL:8.2MiB ETA:9m32s]
[#4aef30 5.7GiB/10GiB(55%) CN:16 DL:7.6MiB ETA:10m11s]
 *** Download Progress Summary as of Fri Oct  2 20:16:01 2026 *** 
===============================================================================
[#4aef30 5.7GiB/10GiB(55%) CN:16 DL:7.1MiB ETA:10m55s]
FILE: crates/id14-sr/corpus/audio/musicnet.tar.gz
-------------------------------------------------------------------------------

[#4aef30 5.7GiB/10GiB(55%) CN:16 DL:7.1MiB ETA:10m55s]
[#4aef30 5.7GiB/10GiB(55%) CN:16 DL:6.6MiB ETA:11m48s]
[#4aef30 5.7GiB/10GiB(55%) CN:16 DL:7.1MiB ETA:10m56s]
[#4aef30 5.7GiB/10GiB(55%) CN:16 DL:7.2MiB ETA:10m42s]
[#4aef30 5.7GiB/10GiB(56%) CN:16 DL:7.1MiB ETA:10m49s]
[#4aef30 5.8GiB/10GiB(56%) CN:16 DL:7.2MiB ETA:10m40s]
[#4aef30 5.8GiB/10GiB(56%) CN:16 DL:7.5MiB ETA:10m12s]
[#4aef30 5.8GiB/10GiB(56%) CN:16 DL:7.9MiB ETA:9m39s]
[#4aef30 5.8GiB/10GiB(56%) CN:16 DL:8.5MiB ETA:8m57s]
[#4aef30 5.8GiB/10GiB(56%) CN:16 DL:8.8MiB ETA:8m39s]
[#4aef30 5.8GiB/10GiB(56%) CN:16 DL:9.2MiB ETA:8m16s]
[#4aef30 5.8GiB/10GiB(56%) CN:16 DL:9.4MiB ETA:8m5s]
[#4aef30 5.8GiB/10GiB(56%) CN:16 DL:9.5MiB ETA:7m56s]
[#4aef30 5.8GiB/10GiB(56%) CN:16 DL:9.9MiB ETA:7m38s]
[#4aef30 5.8GiB/10GiB(57%) CN:16 DL:10MiB ETA:7m12s]
[#4aef30 5.9GiB/10GiB(57%) CN:16 DL:11MiB ETA:6m51s]
[#4aef30 5.9GiB/10GiB(57%) CN:16 DL:11MiB ETA:6m33s]
[#4aef30 5.9GiB/10GiB(57%) CN:16 DL:11MiB ETA:6m21s]
[#4aef30 5.9GiB/10GiB(57%) CN:16 DL:12MiB ETA:6m14s]
[#4aef30 5.9GiB/10GiB(57%) CN:16 DL:12MiB ETA:6m12s]
[#4aef30 5.9GiB/10GiB(57%) CN:16 DL:12MiB ETA:6m9s]
[#4aef30 5.9GiB/10GiB(57%) CN:16 DL:12MiB ETA:6m2s]
[#4aef30 5.9GiB/10GiB(57%) CN:16 DL:12MiB ETA:5m56s]
[#4aef30 6.0GiB/10GiB(58%) CN:16 DL:12MiB ETA:5m52s]
[#4aef30 6.0GiB/10GiB(58%) CN:16 DL:12MiB ETA:5m51s]
[#4aef30 6.0GiB/10GiB(58%) CN:16 DL:12MiB ETA:5m48s]
[#4aef30 6.0GiB/10GiB(58%) CN:16 DL:12MiB ETA:5m49s]
[#4aef30 6.0GiB/10GiB(58%) CN:16 DL:12MiB ETA:5m44s]
[#4aef30 6.0GiB/10GiB(58%) CN:16 DL:12MiB ETA:5m40s]
[#4aef30 6.0GiB/10GiB(58%) CN:16 DL:12MiB ETA:5m39s]
[#4aef30 6.0GiB/10GiB(58%) CN:16 DL:12MiB ETA:5m38s]
[#4aef30 6.1GiB/10GiB(59%) CN:16 DL:12MiB ETA:5m36s]
[#4aef30 6.1GiB/10GiB(59%) CN:16 DL:12MiB ETA:5m36s]
[#4aef30 6.1GiB/10GiB(59%) CN:16 DL:12MiB ETA:5m42s]
[#4aef30 6.1GiB/10GiB(59%) CN:16 DL:12MiB ETA:5m48s]
[#4aef30 6.1GiB/10GiB(59%) CN:16 DL:12MiB ETA:5m56s]
[#4aef30 6.1GiB/10GiB(59%) CN:16 DL:12MiB ETA:5m53s]
[#4aef30 6.1GiB/10GiB(59%) CN:16 DL:12MiB ETA:5m47s]
[#4aef30 6.1GiB/10GiB(59%) CN:16 DL:12MiB ETA:5m47s]
[#4aef30 6.1GiB/10GiB(59%) CN:16 DL:12MiB ETA:5m45s]
[#4aef30 6.2GiB/10GiB(60%) CN:16 DL:12MiB ETA:5m41s]
[#4aef30 6.2GiB/10GiB(60%) CN:16 DL:12MiB ETA:5m37s]
[#4aef30 6.2GiB/10GiB(60%) CN:16 DL:12MiB ETA:5m29s]
[#4aef30 6.2GiB/10GiB(60%) CN:16 DL:12MiB ETA:5m22s]
[#4aef30 6.2GiB/10GiB(60%) CN:16 DL:13MiB ETA:5m15s]
[#4aef30 6.2GiB/10GiB(60%) CN:16 DL:13MiB ETA:5m13s]
[#4aef30 6.2GiB/10GiB(60%) CN:16 DL:13MiB ETA:5m17s]
[#4aef30 6.3GiB/10GiB(60%) CN:16 DL:13MiB ETA:5m15s]
[#4aef30 6.3GiB/10GiB(61%) CN:16 DL:13MiB ETA:5m13s]
[#4aef30 6.3GiB/10GiB(61%) CN:16 DL:12MiB ETA:5m15s]
[#4aef30 6.3GiB/10GiB(61%) CN:16 DL:12MiB ETA:5m17s]
[#4aef30 6.3GiB/10GiB(61%) CN:16 DL:12MiB ETA:5m21s]
[#4aef30 6.3GiB/10GiB(61%) CN:16 DL:12MiB ETA:5m23s]
[#4aef30 6.3GiB/10GiB(61%) CN:16 DL:12MiB ETA:5m23s]
[#4aef30 6.3GiB/10GiB(61%) CN:16 DL:12MiB ETA:5m29s]
[#4aef30 6.3GiB/10GiB(61%) CN:16 DL:11MiB ETA:5m52s]
[#4aef30 6.3GiB/10GiB(61%) CN:16 DL:10MiB ETA:6m21s]
[#4aef30 6.4GiB/10GiB(61%) CN:16 DL:10MiB ETA:6m42s]
[#4aef30 6.4GiB/10GiB(62%) CN:16 DL:9.0MiB ETA:7m24s]
[#4aef30 6.4GiB/10GiB(62%) CN:16 DL:8.2MiB ETA:8m8s]
 *** Download Progress Summary as of Fri Oct  2 20:17:01 2026 *** 
===============================================================================
[#4aef30 6.4GiB/10GiB(62%) CN:16 DL:7.5MiB ETA:8m50s]
FILE: crates/id14-sr/corpus/audio/musicnet.tar.gz
-------------------------------------------------------------------------------

[#4aef30 6.4GiB/10GiB(62%) CN:16 DL:7.5MiB ETA:8m50s]
[#4aef30 6.4GiB/10GiB(62%) CN:16 DL:7.3MiB ETA:9m3s]
[#4aef30 6.4GiB/10GiB(62%) CN:16 DL:7.2MiB ETA:9m10s]
[#4aef30 6.4GiB/10GiB(62%) CN:16 DL:7.2MiB ETA:9m12s]
[#4aef30 6.4GiB/10GiB(62%) CN:16 DL:7.4MiB ETA:8m52s]
[#4aef30 6.4GiB/10GiB(62%) CN:16 DL:7.6MiB ETA:8m34s]
[#4aef30 6.4GiB/10GiB(62%) CN:16 DL:7.8MiB ETA:8m24s]
[#4aef30 6.4GiB/10GiB(62%) CN:16 DL:8.3MiB ETA:7m51s]
[#4aef30 6.4GiB/10GiB(62%) CN:16 DL:8.8MiB ETA:7m27s]
[#4aef30 6.5GiB/10GiB(62%) CN:16 DL:8.9MiB ETA:7m18s]
[#4aef30 6.5GiB/10GiB(63%) CN:16 DL:9.2MiB ETA:7m1s]
[#4aef30 6.5GiB/10GiB(63%) CN:16 DL:9.4MiB ETA:6m54s]
[#4aef30 6.5GiB/10GiB(63%) CN:16 DL:9.3MiB ETA:6m54s]
[#4aef30 6.5GiB/10GiB(63%) CN:16 DL:9.4MiB ETA:6m52s]
[#4aef30 6.5GiB/10GiB(63%) CN:16 DL:9.6MiB ETA:6m42s]
[#4aef30 6.5GiB/10GiB(63%) CN:16 DL:9.8MiB ETA:6m31s]
[#4aef30 6.5GiB/10GiB(63%) CN:16 DL:10MiB ETA:6m18s]
[#4aef30 6.5GiB/10GiB(63%) CN:16 DL:10MiB ETA:6m]
[#4aef30 6.5GiB/10GiB(63%) CN:16 DL:10MiB ETA:5m53s]
[#4aef30 6.6GiB/10GiB(63%) CN:16 DL:11MiB ETA:5m46s]
[#4aef30 6.6GiB/10GiB(64%) CN:16 DL:11MiB ETA:5m40s]
[#4aef30 6.6GiB/10GiB(64%) CN:16 DL:11MiB ETA:5m33s]
[#4aef30 6.6GiB/10GiB(64%) CN:16 DL:11MiB ETA:5m27s]
[#4aef30 6.6GiB/10GiB(64%) CN:16 DL:11MiB ETA:5m18s]
[#4aef30 6.6GiB/10GiB(64%) CN:16 DL:12MiB ETA:5m11s]
[#4aef30 6.6GiB/10GiB(64%) CN:16 DL:12MiB ETA:5m3s]
[#4aef30 6.6GiB/10GiB(64%) CN:16 DL:12MiB ETA:4m59s]
[#4aef30 6.7GiB/10GiB(64%) CN:16 DL:12MiB ETA:4m59s]
[#4aef30 6.7GiB/10GiB(65%) CN:16 DL:12MiB ETA:4m55s]
[#4aef30 6.7GiB/10GiB(65%) CN:16 DL:12MiB ETA:4m51s]
[#4aef30 6.7GiB/10GiB(65%) CN:16 DL:12MiB ETA:4m50s]
[#4aef30 6.7GiB/10GiB(65%) CN:16 DL:12MiB ETA:4m48s]
[#4aef30 6.7GiB/10GiB(65%) CN:16 DL:12MiB ETA:4m47s]
[#4aef30 6.7GiB/10GiB(65%) CN:16 DL:12MiB ETA:4m47s]
[#4aef30 6.7GiB/10GiB(65%) CN:16 DL:12MiB ETA:4m48s]
[#4aef30 6.8GiB/10GiB(65%) CN:16 DL:12MiB ETA:4m51s]
[#4aef30 6.8GiB/10GiB(65%) CN:16 DL:12MiB ETA:4m55s]
[#4aef30 6.8GiB/10GiB(66%) CN:16 DL:12MiB ETA:4m57s]
[#4aef30 6.8GiB/10GiB(66%) CN:16 DL:11MiB ETA:5m3s]
[#4aef30 6.8GiB/10GiB(66%) CN:16 DL:11MiB ETA:5m1s]
[#4aef30 6.8GiB/10GiB(66%) CN:16 DL:11MiB ETA:4m57s]
[#4aef30 6.8GiB/10GiB(66%) CN:16 DL:11MiB ETA:5m2s]
[#4aef30 6.8GiB/10GiB(66%) CN:16 DL:11MiB ETA:5m4s]
[#4aef30 6.8GiB/10GiB(66%) CN:16 DL:11MiB ETA:5m10s]
[#4aef30 6.9GiB/10GiB(66%) CN:16 DL:11MiB ETA:5m13s]
[#4aef30 6.9GiB/10GiB(66%) CN:16 DL:11MiB ETA:5m10s]
[#4aef30 6.9GiB/10GiB(66%) CN:16 DL:11MiB ETA:5m11s]
[#4aef30 6.9GiB/10GiB(67%) CN:16 DL:11MiB ETA:5m2s]
[#4aef30 6.9GiB/10GiB(67%) CN:16 DL:11MiB ETA:4m57s]
[#4aef30 6.9GiB/10GiB(67%) CN:16 DL:11MiB ETA:4m51s]
[#4aef30 6.9GiB/10GiB(67%) CN:16 DL:11MiB ETA:4m49s]
[#4aef30 6.9GiB/10GiB(67%) CN:16 DL:11MiB ETA:4m46s]
[#4aef30 6.9GiB/10GiB(67%) CN:16 DL:12MiB ETA:4m40s]
[#4aef30 7.0GiB/10GiB(67%) CN:16 DL:12MiB ETA:4m35s]
[#4aef30 7.0GiB/10GiB(67%) CN:16 DL:12MiB ETA:4m34s]
[#4aef30 7.0GiB/10GiB(68%) CN:16 DL:12MiB ETA:4m36s]
[#4aef30 7.0GiB/10GiB(68%) CN:16 DL:11MiB ETA:4m53s]
[#4aef30 7.0GiB/10GiB(68%) CN:16 DL:10MiB ETA:5m15s]
[#4aef30 7.0GiB/10GiB(68%) CN:16 DL:9.9MiB ETA:5m37s]
[#4aef30 7.0GiB/10GiB(68%) CN:16 DL:8.8MiB ETA:6m19s]
 *** Download Progress Summary as of Fri Oct  2 20:18:02 2026 *** 
===============================================================================
[#4aef30 7.0GiB/10GiB(68%) CN:16 DL:7.7MiB ETA:7m16s]
FILE: crates/id14-sr/corpus/audio/musicnet.tar.gz
-------------------------------------------------------------------------------

[#4aef30 7.0GiB/10GiB(68%) CN:16 DL:7.7MiB ETA:7m16s]
[#4aef30 7.0GiB/10GiB(68%) CN:16 DL:6.7MiB ETA:8m15s]
[#4aef30 7.0GiB/10GiB(68%) CN:16 DL:6.2MiB ETA:8m53s]
[#4aef30 7.0GiB/10GiB(68%) CN:16 DL:5.7MiB ETA:9m43s]
[#4aef30 7.0GiB/10GiB(68%) CN:16 DL:5.1MiB ETA:10m43s]
[#4aef30 7.0GiB/10GiB(68%) CN:16 DL:4.9MiB ETA:11m10s]
[#4aef30 7.0GiB/10GiB(68%) CN:16 DL:5.0MiB ETA:10m57s]
[#4aef30 7.0GiB/10GiB(68%) CN:16 DL:5.4MiB ETA:10m11s]
[#4aef30 7.1GiB/10GiB(68%) CN:16 DL:5.6MiB ETA:9m43s]
[#4aef30 7.1GiB/10GiB(68%) CN:16 DL:6.3MiB ETA:8m35s]
[#4aef30 7.1GiB/10GiB(68%) CN:16 DL:7.0MiB ETA:7m44s]
[#4aef30 7.1GiB/10GiB(69%) CN:16 DL:7.6MiB ETA:7m9s]
[#4aef30 7.1GiB/10GiB(69%) CN:16 DL:8.2MiB ETA:6m38s]
[#4aef30 7.1GiB/10GiB(69%) CN:16 DL:8.7MiB ETA:6m13s]
[#4aef30 7.1GiB/10GiB(69%) CN:16 DL:9.2MiB ETA:5m49s]
[#4aef30 7.1GiB/10GiB(69%) CN:16 DL:10MiB ETA:5m19s]
[#4aef30 7.1GiB/10GiB(69%) CN:16 DL:10MiB ETA:4m56s]
[#4aef30 7.2GiB/10GiB(69%) CN:16 DL:11MiB ETA:4m42s]
[#4aef30 7.2GiB/10GiB(69%) CN:16 DL:11MiB ETA:4m27s]
[#4aef30 7.2GiB/10GiB(69%) CN:16 DL:12MiB ETA:4m14s]
[#4aef30 7.2GiB/10GiB(70%) CN:16 DL:12MiB ETA:4m8s]
[#4aef30 7.2GiB/10GiB(70%) CN:16 DL:13MiB ETA:3m59s]
[#4aef30 7.2GiB/10GiB(70%) CN:16 DL:13MiB ETA:3m56s]
[#4aef30 7.2GiB/10GiB(70%) CN:16 DL:13MiB ETA:3m51s]
[#4aef30 7.2GiB/10GiB(70%) CN:16 DL:13MiB ETA:3m52s]
[#4aef30 7.3GiB/10GiB(70%) CN:16 DL:13MiB ETA:3m53s]
[#4aef30 7.3GiB/10GiB(70%) CN:16 DL:13MiB ETA:3m55s]
[#4aef30 7.3GiB/10GiB(70%) CN:16 DL:13MiB ETA:3m53s]
[#4aef30 7.3GiB/10GiB(71%) CN:16 DL:12MiB ETA:3m59s]
[#4aef30 7.3GiB/10GiB(71%) CN:16 DL:12MiB ETA:4m5s]
[#4aef30 7.3GiB/10GiB(71%) CN:16 DL:12MiB ETA:4m8s]
[#4aef30 7.3GiB/10GiB(71%) CN:16 DL:12MiB ETA:4m10s]
[#4aef30 7.3GiB/10GiB(71%) CN:16 DL:11MiB ETA:4m11s]
[#4aef30 7.4GiB/10GiB(71%) CN:16 DL:11MiB ETA:4m10s]
[#4aef30 7.4GiB/10GiB(71%) CN:16 DL:11MiB ETA:4m13s]
[#4aef30 7.4GiB/10GiB(71%) CN:16 DL:11MiB ETA:4m13s]
[#4aef30 7.4GiB/10GiB(71%) CN:16 DL:11MiB ETA:4m17s]
[#4aef30 7.4GiB/10GiB(72%) CN:16 DL:11MiB ETA:4m21s]
[#4aef30 7.4GiB/10GiB(72%) CN:16 DL:11MiB ETA:4m18s]
[#4aef30 7.4GiB/10GiB(72%) CN:16 DL:11MiB ETA:4m19s]
[#4aef30 7.4GiB/10GiB(72%) CN:16 DL:11MiB ETA:4m23s]
[#4aef30 7.4GiB/10GiB(72%) CN:16 DL:11MiB ETA:4m23s]
[#4aef30 7.4GiB/10GiB(72%) CN:16 DL:11MiB ETA:4m23s]
[#4aef30 7.5GiB/10GiB(72%) CN:16 DL:11MiB ETA:4m19s]
[#4aef30 7.5GiB/10GiB(72%) CN:16 DL:11MiB ETA:4m17s]
[#4aef30 7.5GiB/10GiB(72%) CN:16 DL:11MiB ETA:4m13s]
[#4aef30 7.5GiB/10GiB(73%) CN:16 DL:11MiB ETA:4m8s]
[#4aef30 7.5GiB/10GiB(73%) CN:16 DL:11MiB ETA:4m1s]
[#4aef30 7.5GiB/10GiB(73%) CN:16 DL:12MiB ETA:3m53s]
[#4aef30 7.5GiB/10GiB(73%) CN:16 DL:12MiB ETA:3m51s]
[#4aef30 7.5GiB/10GiB(73%) CN:16 DL:12MiB ETA:3m46s]
[#4aef30 7.6GiB/10GiB(73%) CN:16 DL:12MiB ETA:3m45s]
[#4aef30 7.6GiB/10GiB(73%) CN:16 DL:12MiB ETA:3m43s]
[#4aef30 7.6GiB/10GiB(73%) CN:16 DL:12MiB ETA:3m44s]
[#4aef30 7.6GiB/10GiB(73%) CN:16 DL:12MiB ETA:3m46s]
[#4aef30 7.6GiB/10GiB(74%) CN:16 DL:11MiB ETA:3m49s]
[#4aef30 7.6GiB/10GiB(74%) CN:16 DL:11MiB ETA:3m53s]
[#4aef30 7.6GiB/10GiB(74%) CN:16 DL:11MiB ETA:4m6s]
[#4aef30 7.6GiB/10GiB(74%) CN:16 DL:10MiB ETA:4m16s]
[#4aef30 7.6GiB/10GiB(74%) CN:16 DL:10MiB ETA:4m30s]
 *** Download Progress Summary as of Fri Oct  2 20:19:02 2026 *** 
===============================================================================
[#4aef30 7.6GiB/10GiB(74%) CN:16 DL:9.3MiB ETA:4m48s]
FILE: crates/id14-sr/corpus/audio/musicnet.tar.gz
-------------------------------------------------------------------------------

[#4aef30 7.6GiB/10GiB(74%) CN:16 DL:9.3MiB ETA:4m48s]
[#4aef30 7.6GiB/10GiB(74%) CN:16 DL:8.8MiB ETA:5m4s]
[#4aef30 7.7GiB/10GiB(74%) CN:16 DL:8.2MiB ETA:5m25s]
[#4aef30 7.7GiB/10GiB(74%) CN:16 DL:7.7MiB ETA:5m45s]
[#4aef30 7.7GiB/10GiB(74%) CN:16 DL:7.5MiB ETA:5m53s]
[#4aef30 7.7GiB/10GiB(74%) CN:16 DL:7.2MiB ETA:6m5s]
[#4aef30 7.7GiB/10GiB(74%) CN:16 DL:7.2MiB ETA:6m5s]
[#4aef30 7.7GiB/10GiB(74%) CN:16 DL:7.3MiB ETA:6m]
[#4aef30 7.7GiB/10GiB(75%) CN:16 DL:7.5MiB ETA:5m50s]
[#4aef30 7.7GiB/10GiB(75%) CN:16 DL:7.8MiB ETA:5m35s]
[#4aef30 7.7GiB/10GiB(75%) CN:16 DL:8.2MiB ETA:5m19s]
[#4aef30 7.7GiB/10GiB(75%) CN:16 DL:8.6MiB ETA:5m1s]
[#4aef30 7.7GiB/10GiB(75%) CN:16 DL:8.7MiB ETA:4m57s]
[#4aef30 7.8GiB/10GiB(75%) CN:16 DL:9.1MiB ETA:4m42s]
[#4aef30 7.8GiB/10GiB(75%) CN:16 DL:9.4MiB ETA:4m32s]
[#4aef30 7.8GiB/10GiB(75%) CN:16 DL:9.9MiB ETA:4m18s]
[#4aef30 7.8GiB/10GiB(75%) CN:16 DL:10MiB ETA:4m8s]
[#4aef30 7.8GiB/10GiB(75%) CN:16 DL:10MiB ETA:3m59s]
[#4aef30 7.8GiB/10GiB(76%) CN:16 DL:10MiB ETA:3m53s]
[#4aef30 7.8GiB/10GiB(76%) CN:16 DL:11MiB ETA:3m47s]
[#4aef30 7.8GiB/10GiB(76%) CN:16 DL:11MiB ETA:3m39s]
[#4aef30 7.8GiB/10GiB(76%) CN:16 DL:11MiB ETA:3m36s]
[#4aef30 7.9GiB/10GiB(76%) CN:16 DL:11MiB ETA:3m34s]
[#4aef30 7.9GiB/10GiB(76%) CN:16 DL:11MiB ETA:3m29s]
[#4aef30 7.9GiB/10GiB(76%) CN:16 DL:11MiB ETA:3m33s]
[#4aef30 7.9GiB/10GiB(76%) CN:16 DL:11MiB ETA:3m37s]
[#4aef30 7.9GiB/10GiB(76%) CN:16 DL:11MiB ETA:3m32s]
[#4aef30 7.9GiB/10GiB(77%) CN:16 DL:11MiB ETA:3m34s]
[#4aef30 7.9GiB/10GiB(77%) CN:16 DL:11MiB ETA:3m31s]
[#4aef30 7.9GiB/10GiB(77%) CN:16 DL:11MiB ETA:3m32s]
[#4aef30 7.9GiB/10GiB(77%) CN:16 DL:11MiB ETA:3m33s]
[#4aef30 8.0GiB/10GiB(77%) CN:16 DL:11MiB ETA:3m30s]
[#4aef30 8.0GiB/10GiB(77%) CN:16 DL:11MiB ETA:3m31s]
[#4aef30 8.0GiB/10GiB(77%) CN:16 DL:11MiB ETA:3m29s]
[#4aef30 8.0GiB/10GiB(77%) CN:16 DL:11MiB ETA:3m27s]
[#4aef30 8.0GiB/10GiB(77%) CN:16 DL:11MiB ETA:3m26s]
[#4aef30 8.0GiB/10GiB(77%) CN:16 DL:11MiB ETA:3m27s]
[#4aef30 8.0GiB/10GiB(78%) CN:16 DL:11MiB ETA:3m24s]
[#4aef30 8.0GiB/10GiB(78%) CN:16 DL:11MiB ETA:3m23s]
[#4aef30 8.0GiB/10GiB(78%) CN:16 DL:11MiB ETA:3m21s]
[#4aef30 8.1GiB/10GiB(78%) CN:16 DL:11MiB ETA:3m20s]
[#4aef30 8.1GiB/10GiB(78%) CN:16 DL:11MiB ETA:3m19s]
[#4aef30 8.1GiB/10GiB(78%) CN:16 DL:11MiB ETA:3m16s]
[#4aef30 8.1GiB/10GiB(78%) CN:16 DL:11MiB ETA:3m15s]
[#4aef30 8.1GiB/10GiB(78%) CN:16 DL:11MiB ETA:3m9s]
[#4aef30 8.1GiB/10GiB(78%) CN:16 DL:11MiB ETA:3m9s]
[#4aef30 8.1GiB/10GiB(79%) CN:16 DL:11MiB ETA:3m6s]
[#4aef30 8.1GiB/10GiB(79%) CN:16 DL:11MiB ETA:3m4s]
[#4aef30 8.1GiB/10GiB(79%) CN:16 DL:12MiB ETA:3m2s]
[#4aef30 8.2GiB/10GiB(79%) CN:16 DL:11MiB ETA:3m3s]
[#4aef30 8.2GiB/10GiB(79%) CN:16 DL:11MiB ETA:3m6s]
[#4aef30 8.2GiB/10GiB(79%) CN:16 DL:11MiB ETA:3m9s]
[#4aef30 8.2GiB/10GiB(79%) CN:16 DL:11MiB ETA:3m12s]
[#4aef30 8.2GiB/10GiB(79%) CN:16 DL:11MiB ETA:3m12s]
[#4aef30 8.2GiB/10GiB(79%) CN:16 DL:10MiB ETA:3m14s]
[#4aef30 8.2GiB/10GiB(80%) CN:16 DL:10MiB ETA:3m14s]
[#4aef30 8.2GiB/10GiB(80%) CN:16 DL:10MiB ETA:3m13s]
[#4aef30 8.2GiB/10GiB(80%) CN:16 DL:10MiB ETA:3m15s]
[#4aef30 8.2GiB/10GiB(80%) CN:16 DL:10MiB ETA:3m23s]
[#4aef30 8.3GiB/10GiB(80%) CN:16 DL:9.9MiB ETA:3m28s]
 *** Download Progress Summary as of Fri Oct  2 20:20:02 2026 *** 
===============================================================================
[#4aef30 8.3GiB/10GiB(80%) CN:16 DL:9.8MiB ETA:3m30s]
FILE: crates/id14-sr/corpus/audio/musicnet.tar.gz
-------------------------------------------------------------------------------

[#4aef30 8.3GiB/10GiB(80%) CN:16 DL:9.8MiB ETA:3m30s]
[#4aef30 8.3GiB/10GiB(80%) CN:16 DL:9.2MiB ETA:3m42s]
[#4aef30 8.3GiB/10GiB(80%) CN:16 DL:8.7MiB ETA:3m54s]
[#4aef30 8.3GiB/10GiB(80%) CN:16 DL:8.3MiB ETA:4m4s]
[#4aef30 8.3GiB/10GiB(80%) CN:16 DL:8.1MiB ETA:4m11s]
[#4aef30 8.3GiB/10GiB(80%) CN:16 DL:7.8MiB ETA:4m18s]
[#4aef30 8.3GiB/10GiB(80%) CN:16 DL:7.5MiB ETA:4m29s]
[#4aef30 8.3GiB/10GiB(80%) CN:16 DL:7.3MiB ETA:4m34s]
[#4aef30 8.3GiB/10GiB(81%) CN:16 DL:7.5MiB ETA:4m25s]
[#4aef30 8.3GiB/10GiB(81%) CN:16 DL:7.6MiB ETA:4m20s]
[#4aef30 8.3GiB/10GiB(81%) CN:16 DL:7.9MiB ETA:4m10s]
[#4aef30 8.4GiB/10GiB(81%) CN:16 DL:8.4MiB ETA:3m53s]
[#4aef30 8.4GiB/10GiB(81%) CN:16 DL:8.9MiB ETA:3m39s]
[#4aef30 8.4GiB/10GiB(81%) CN:16 DL:9.2MiB ETA:3m32s]
[#4aef30 8.4GiB/10GiB(81%) CN:16 DL:9.4MiB ETA:3m27s]
[#4aef30 8.4GiB/10GiB(81%) CN:16 DL:9.6MiB ETA:3m20s]
[#4aef30 8.4GiB/10GiB(81%) CN:16 DL:10MiB ETA:3m10s]
[#4aef30 8.4GiB/10GiB(81%) CN:16 DL:10MiB ETA:3m6s]
[#4aef30 8.4GiB/10GiB(82%) CN:16 DL:10MiB ETA:3m]
[#4aef30 8.4GiB/10GiB(82%) CN:16 DL:10MiB ETA:2m52s]
[#4aef30 8.5GiB/10GiB(82%) CN:16 DL:11MiB ETA:2m45s]
[#4aef30 8.5GiB/10GiB(82%) CN:16 DL:11MiB ETA:2m40s]
[#4aef30 8.5GiB/10GiB(82%) CN:16 DL:11MiB ETA:2m35s]
[#4aef30 8.5GiB/10GiB(82%) CN:16 DL:12MiB ETA:2m31s]
[#4aef30 8.5GiB/10GiB(82%) CN:16 DL:12MiB ETA:2m32s]
[#4aef30 8.5GiB/10GiB(82%) CN:16 DL:11MiB ETA:2m33s]
[#4aef30 8.5GiB/10GiB(82%) CN:16 DL:12MiB ETA:2m29s]
[#4aef30 8.5GiB/10GiB(83%) CN:16 DL:12MiB ETA:2m27s]
[#4aef30 8.5GiB/10GiB(83%) CN:16 DL:12MiB ETA:2m25s]
[#4aef30 8.6GiB/10GiB(83%) CN:16 DL:11MiB ETA:2m28s]
[#4aef30 8.6GiB/10GiB(83%) CN:16 DL:11MiB ETA:2m28s]
[#4aef30 8.6GiB/10GiB(83%) CN:16 DL:11MiB ETA:2m29s]
[#4aef30 8.6GiB/10GiB(83%) CN:16 DL:11MiB ETA:2m29s]
[#4aef30 8.6GiB/10GiB(83%) CN:16 DL:11MiB ETA:2m26s]
[#4aef30 8.6GiB/10GiB(83%) CN:16 DL:11MiB ETA:2m24s]
[#4aef30 8.6GiB/10GiB(83%) CN:16 DL:11MiB ETA:2m23s]
[#4aef30 8.6GiB/10GiB(84%) CN:16 DL:11MiB ETA:2m24s]
[#4aef30 8.6GiB/10GiB(84%) CN:16 DL:11MiB ETA:2m28s]
[#4aef30 8.7GiB/10GiB(84%) CN:16 DL:11MiB ETA:2m27s]
[#4aef30 8.7GiB/10GiB(84%) CN:16 DL:11MiB ETA:2m26s]
[#4aef30 8.7GiB/10GiB(84%) CN:16 DL:11MiB ETA:2m26s]
[#4aef30 8.7GiB/10GiB(84%) CN:16 DL:11MiB ETA:2m26s]
[#4aef30 8.7GiB/10GiB(84%) CN:16 DL:11MiB ETA:2m27s]
[#4aef30 8.7GiB/10GiB(84%) CN:16 DL:10MiB ETA:2m27s]
[#4aef30 8.7GiB/10GiB(84%) CN:16 DL:10MiB ETA:2m27s]
[#4aef30 8.7GiB/10GiB(84%) CN:16 DL:10MiB ETA:2m27s]
[#4aef30 8.7GiB/10GiB(85%) CN:16 DL:10MiB ETA:2m23s]
[#4aef30 8.8GiB/10GiB(85%) CN:16 DL:10MiB ETA:2m22s]
[#4aef30 8.8GiB/10GiB(85%) CN:16 DL:10MiB ETA:2m23s]
[#4aef30 8.8GiB/10GiB(85%) CN:16 DL:10MiB ETA:2m21s]
[#4aef30 8.8GiB/10GiB(85%) CN:16 DL:10MiB ETA:2m19s]
[#4aef30 8.8GiB/10GiB(85%) CN:16 DL:11MiB ETA:2m18s]
[#4aef30 8.8GiB/10GiB(85%) CN:16 DL:10MiB ETA:2m17s]
[#4aef30 8.8GiB/10GiB(85%) CN:16 DL:10MiB ETA:2m18s]
[#4aef30 8.8GiB/10GiB(85%) CN:16 DL:10MiB ETA:2m16s]
[#4aef30 8.8GiB/10GiB(85%) CN:16 DL:10MiB ETA:2m17s]
[#4aef30 8.8GiB/10GiB(86%) CN:16 DL:10MiB ETA:2m18s]
[#4aef30 8.9GiB/10GiB(86%) CN:16 DL:10MiB ETA:2m19s]
[#4aef30 8.9GiB/10GiB(86%) CN:16 DL:10MiB ETA:2m18s]
[#4aef30 8.9GiB/10GiB(86%) CN:16 DL:10MiB ETA:2m23s]
 *** Download Progress Summary as of Fri Oct  2 20:21:02 2026 *** 
===============================================================================
[#4aef30 8.9GiB/10GiB(86%) CN:16 DL:9.0MiB ETA:2m38s]
FILE: crates/id14-sr/corpus/audio/musicnet.tar.gz
-------------------------------------------------------------------------------

[#4aef30 8.9GiB/10GiB(86%) CN:16 DL:9.0MiB ETA:2m38s]
[#4aef30 8.9GiB/10GiB(86%) CN:16 DL:8.6MiB ETA:2m46s]
[#4aef30 8.9GiB/10GiB(86%) CN:16 DL:8.0MiB ETA:2m56s]
[#4aef30 8.9GiB/10GiB(86%) CN:16 DL:7.4MiB ETA:3m10s]
[#4aef30 8.9GiB/10GiB(86%) CN:16 DL:7.0MiB ETA:3m21s]
[#4aef30 8.9GiB/10GiB(86%) CN:16 DL:6.9MiB ETA:3m23s]
[#4aef30 8.9GiB/10GiB(86%) CN:16 DL:6.5MiB ETA:3m34s]
[#4aef30 8.9GiB/10GiB(86%) CN:16 DL:6.4MiB ETA:3m35s]
[#4aef30 8.9GiB/10GiB(86%) CN:16 DL:6.6MiB ETA:3m28s]
[#4aef30 8.9GiB/10GiB(86%) CN:16 DL:7.0MiB ETA:3m15s]
[#4aef30 8.9GiB/10GiB(87%) CN:16 DL:7.4MiB ETA:3m3s]
[#4aef30 9.0GiB/10GiB(87%) CN:16 DL:7.5MiB ETA:2m59s]
[#4aef30 9.0GiB/10GiB(87%) CN:16 DL:7.8MiB ETA:2m52s]
[#4aef30 9.0GiB/10GiB(87%) CN:16 DL:7.8MiB ETA:2m51s]
[#4aef30 9.0GiB/10GiB(87%) CN:16 DL:7.9MiB ETA:2m48s]
[#4aef30 9.0GiB/10GiB(87%) CN:16 DL:8.2MiB ETA:2m41s]
[#4aef30 9.0GiB/10GiB(87%) CN:16 DL:8.4MiB ETA:2m35s]
[#4aef30 9.0GiB/10GiB(87%) CN:16 DL:8.6MiB ETA:2m31s]
[#4aef30 9.0GiB/10GiB(87%) CN:16 DL:8.8MiB ETA:2m27s]
[#4aef30 9.0GiB/10GiB(87%) CN:16 DL:9.1MiB ETA:2m20s]
[#4aef30 9.0GiB/10GiB(87%) CN:16 DL:9.3MiB ETA:2m15s]
[#4aef30 9.0GiB/10GiB(88%) CN:16 DL:9.5MiB ETA:2m12s]
[#4aef30 9.1GiB/10GiB(88%) CN:16 DL:10MiB ETA:2m5s]
[#4aef30 9.1GiB/10GiB(88%) CN:16 DL:10MiB ETA:2m]
[#4aef30 9.1GiB/10GiB(88%) CN:16 DL:10MiB ETA:1m57s]
[#4aef30 9.1GiB/10GiB(88%) CN:16 DL:10MiB ETA:1m55s]
[#4aef30 9.1GiB/10GiB(88%) CN:16 DL:10MiB ETA:1m53s]
[#4aef30 9.1GiB/10GiB(88%) CN:16 DL:10MiB ETA:1m52s]
[#4aef30 9.1GiB/10GiB(88%) CN:16 DL:10MiB ETA:1m55s]
[#4aef30 9.1GiB/10GiB(88%) CN:16 DL:10MiB ETA:1m57s]
[#4aef30 9.1GiB/10GiB(88%) CN:16 DL:9.9MiB ETA:1m58s]
[#4aef30 9.1GiB/10GiB(89%) CN:16 DL:10MiB ETA:1m54s]
[#4aef30 9.2GiB/10GiB(89%) CN:16 DL:10MiB ETA:1m52s]
[#4aef30 9.2GiB/10GiB(89%) CN:16 DL:10MiB ETA:1m51s]
[#4aef30 9.2GiB/10GiB(89%) CN:16 DL:10MiB ETA:1m50s]
[#4aef30 9.2GiB/10GiB(89%) CN:16 DL:10MiB ETA:1m48s]
[#4aef30 9.2GiB/10GiB(89%) CN:16 DL:10MiB ETA:1m50s]
[#4aef30 9.2GiB/10GiB(89%) CN:16 DL:10MiB ETA:1m49s]
[#4aef30 9.2GiB/10GiB(89%) CN:16 DL:10MiB ETA:1m47s]
[#4aef30 9.2GiB/10GiB(89%) CN:16 DL:10MiB ETA:1m45s]
[#4aef30 9.2GiB/10GiB(89%) CN:16 DL:10MiB ETA:1m43s]
[#4aef30 9.2GiB/10GiB(89%) CN:16 DL:10MiB ETA:1m42s]
[#4aef30 9.3GiB/10GiB(90%) CN:16 DL:10MiB ETA:1m42s]
[#4aef30 9.3GiB/10GiB(90%) CN:16 DL:9.9MiB ETA:1m44s]
[#4aef30 9.3GiB/10GiB(90%) CN:16 DL:9.8MiB ETA:1m45s]
[#4aef30 9.3GiB/10GiB(90%) CN:16 DL:9.5MiB ETA:1m46s]
[#4aef30 9.3GiB/10GiB(90%) CN:16 DL:9.5MiB ETA:1m46s]
[#4aef30 9.3GiB/10GiB(90%) CN:16 DL:9.5MiB ETA:1m45s]
[#4aef30 9.3GiB/10GiB(90%) CN:16 DL:9.3MiB ETA:1m46s]
[#4aef30 9.3GiB/10GiB(90%) CN:16 DL:9.0MiB ETA:1m49s]
[#4aef30 9.3GiB/10GiB(90%) CN:16 DL:8.5MiB ETA:1m54s]
[#4aef30 9.3GiB/10GiB(90%) CN:16 DL:8.1MiB ETA:1m59s]
[#4aef30 9.3GiB/10GiB(90%) CN:16 DL:7.8MiB ETA:2m3s]
[#4aef30 9.3GiB/10GiB(90%) CN:16 DL:7.5MiB ETA:2m7s]
[#4aef30 9.3GiB/10GiB(90%) CN:16 DL:7.4MiB ETA:2m8s]
[#4aef30 9.4GiB/10GiB(91%) CN:16 DL:7.2MiB ETA:2m10s]
[#4aef30 9.4GiB/10GiB(91%) CN:16 DL:7.1MiB ETA:2m12s]
[#4aef30 9.4GiB/10GiB(91%) CN:16 DL:6.8MiB ETA:2m17s]
[#4aef30 9.4GiB/10GiB(91%) CN:16 DL:6.7MiB ETA:2m18s]
[#4aef30 9.4GiB/10GiB(91%) CN:16 DL:6.6MiB ETA:2m18s]
 *** Download Progress Summary as of Fri Oct  2 20:22:03 2026 *** 
===============================================================================
[#4aef30 9.4GiB/10GiB(91%) CN:16 DL:6.5MiB ETA:2m19s]
FILE: crates/id14-sr/corpus/audio/musicnet.tar.gz
-------------------------------------------------------------------------------

[#4aef30 9.4GiB/10GiB(91%) CN:16 DL:6.5MiB ETA:2m19s]
[#4aef30 9.4GiB/10GiB(91%) CN:16 DL:6.4MiB ETA:2m22s]
[#4aef30 9.4GiB/10GiB(91%) CN:16 DL:6.2MiB ETA:2m24s]
[#4aef30 9.4GiB/10GiB(91%) CN:16 DL:6.0MiB ETA:2m29s]
[#4aef30 9.4GiB/10GiB(91%) CN:16 DL:5.6MiB ETA:2m39s]
[#4aef30 9.4GiB/10GiB(91%) CN:16 DL:5.4MiB ETA:2m43s]
[#4aef30 9.4GiB/10GiB(91%) CN:16 DL:5.3MiB ETA:2m45s]
[#4aef30 9.4GiB/10GiB(91%) CN:16 DL:5.1MiB ETA:2m51s]
[#4aef30 9.4GiB/10GiB(91%) CN:16 DL:4.9MiB ETA:2m56s]
[#4aef30 9.4GiB/10GiB(91%) CN:16 DL:4.8MiB ETA:2m58s]
[#4aef30 9.4GiB/10GiB(91%) CN:16 DL:5.0MiB ETA:2m50s]
[#4aef30 9.4GiB/10GiB(91%) CN:16 DL:5.2MiB ETA:2m44s]
[#4aef30 9.5GiB/10GiB(91%) CN:16 DL:5.3MiB ETA:2m38s]
[#4aef30 9.5GiB/10GiB(92%) CN:16 DL:5.6MiB ETA:2m28s]
[#4aef30 9.5GiB/10GiB(92%) CN:16 DL:6.0MiB ETA:2m18s]
[#4aef30 9.5GiB/10GiB(92%) CN:16 DL:6.3MiB ETA:2m11s]
[#4aef30 9.5GiB/10GiB(92%) CN:16 DL:6.4MiB ETA:2m7s]
[#4aef30 9.5GiB/10GiB(92%) CN:16 DL:6.7MiB ETA:2m1s]
[#4aef30 9.5GiB/10GiB(92%) CN:16 DL:7.0MiB ETA:1m55s]
[#4aef30 9.5GiB/10GiB(92%) CN:16 DL:7.3MiB ETA:1m49s]
[#4aef30 9.5GiB/10GiB(92%) CN:16 DL:7.5MiB ETA:1m44s]
[#4aef30 9.5GiB/10GiB(92%) CN:16 DL:7.7MiB ETA:1m40s]
[#4aef30 9.5GiB/10GiB(92%) CN:16 DL:8.0MiB ETA:1m35s]
[#4aef30 9.5GiB/10GiB(92%) CN:16 DL:8.1MiB ETA:1m33s]
[#4aef30 9.5GiB/10GiB(92%) CN:16 DL:8.2MiB ETA:1m31s]
[#4aef30 9.6GiB/10GiB(92%) CN:16 DL:8.4MiB ETA:1m28s]
[#4aef30 9.6GiB/10GiB(92%) CN:16 DL:8.3MiB ETA:1m28s]
[#4aef30 9.6GiB/10GiB(93%) CN:16 DL:8.4MiB ETA:1m27s]
[#4aef30 9.6GiB/10GiB(93%) CN:16 DL:8.3MiB ETA:1m26s]
[#4aef30 9.6GiB/10GiB(93%) CN:16 DL:8.3MiB ETA:1m25s]
[#4aef30 9.6GiB/10GiB(93%) CN:16 DL:8.3MiB ETA:1m24s]
[#4aef30 9.6GiB/10GiB(93%) CN:16 DL:8.3MiB ETA:1m23s]
[#4aef30 9.6GiB/10GiB(93%) CN:16 DL:8.3MiB ETA:1m22s]
[#4aef30 9.6GiB/10GiB(93%) CN:16 DL:8.4MiB ETA:1m20s]
[#4aef30 9.6GiB/10GiB(93%) CN:16 DL:8.6MiB ETA:1m17s]
[#4aef30 9.6GiB/10GiB(93%) CN:16 DL:8.7MiB ETA:1m15s]
[#4aef30 9.6GiB/10GiB(93%) CN:16 DL:8.7MiB ETA:1m14s]
[#4aef30 9.7GiB/10GiB(93%) CN:16 DL:8.7MiB ETA:1m13s]
[#4aef30 9.7GiB/10GiB(93%) CN:16 DL:8.8MiB ETA:1m11s]
[#4aef30 9.7GiB/10GiB(94%) CN:16 DL:8.8MiB ETA:1m10s]
[#4aef30 9.7GiB/10GiB(94%) CN:16 DL:8.8MiB ETA:1m10s]
[#4aef30 9.7GiB/10GiB(94%) CN:16 DL:8.7MiB ETA:1m9s]
[#4aef30 9.7GiB/10GiB(94%) CN:16 DL:8.6MiB ETA:1m9s]
[#4aef30 9.7GiB/10GiB(94%) CN:16 DL:8.5MiB ETA:1m9s]
[#4aef30 9.7GiB/10GiB(94%) CN:16 DL:8.4MiB ETA:1m9s]
[#4aef30 9.7GiB/10GiB(94%) CN:16 DL:8.4MiB ETA:1m8s]
[#4aef30 9.7GiB/10GiB(94%) CN:16 DL:8.5MiB ETA:1m6s]
[#4aef30 9.7GiB/10GiB(94%) CN:16 DL:8.5MiB ETA:1m5s]
[#4aef30 9.7GiB/10GiB(94%) CN:16 DL:8.5MiB ETA:1m4s]
[#4aef30 9.8GiB/10GiB(94%) CN:16 DL:8.6MiB ETA:1m2s]
[#4aef30 9.8GiB/10GiB(94%) CN:16 DL:8.7MiB ETA:1m]
[#4aef30 9.8GiB/10GiB(95%) CN:16 DL:8.9MiB ETA:58s]
[#4aef30 9.8GiB/10GiB(95%) CN:16 DL:9.1MiB ETA:56s]
[#4aef30 9.8GiB/10GiB(95%) CN:16 DL:9.1MiB ETA:54s]
[#4aef30 9.8GiB/10GiB(95%) CN:16 DL:9.2MiB ETA:53s]
[#4aef30 9.8GiB/10GiB(95%) CN:16 DL:9.2MiB ETA:52s]
[#4aef30 9.8GiB/10GiB(95%) CN:16 DL:9.4MiB ETA:50s]
[#4aef30 9.8GiB/10GiB(95%) CN:16 DL:9.5MiB ETA:48s]
[#4aef30 9.8GiB/10GiB(95%) CN:16 DL:9.6MiB ETA:46s]
[#4aef30 9.9GiB/10GiB(95%) CN:16 DL:9.9MiB ETA:44s]
 *** Download Progress Summary as of Fri Oct  2 20:23:03 2026 *** 
===============================================================================
[#4aef30 9.9GiB/10GiB(95%) CN:16 DL:10MiB ETA:41s]
FILE: crates/id14-sr/corpus/audio/musicnet.tar.gz
-------------------------------------------------------------------------------

[#4aef30 9.9GiB/10GiB(95%) CN:16 DL:10MiB ETA:41s]
[#4aef30 9.9GiB/10GiB(96%) CN:16 DL:10MiB ETA:42s]
[#4aef30 9.9GiB/10GiB(96%) CN:16 DL:9.6MiB ETA:43s]
[#4aef30 9.9GiB/10GiB(96%) CN:16 DL:9.4MiB ETA:43s]
[#4aef30 9.9GiB/10GiB(96%) CN:16 DL:9.2MiB ETA:43s]
[#4aef30 9.9GiB/10GiB(96%) CN:16 DL:8.5MiB ETA:46s]
[#4aef30 9.9GiB/10GiB(96%) CN:16 DL:8.0MiB ETA:48s]
[#4aef30 9.9GiB/10GiB(96%) CN:16 DL:7.3MiB ETA:52s]
[#4aef30 9.9GiB/10GiB(96%) CN:16 DL:7.1MiB ETA:52s]
[#4aef30 9.9GiB/10GiB(96%) CN:16 DL:6.6MiB ETA:54s]
[#4aef30 9.9GiB/10GiB(96%) CN:16 DL:6.7MiB ETA:53s]
[#4aef30 9.9GiB/10GiB(96%) CN:16 DL:6.8MiB ETA:50s]
[#4aef30 9.9GiB/10GiB(96%) CN:16 DL:6.9MiB ETA:49s]
[#4aef30 10GiB/10GiB(96%) CN:16 DL:7.1MiB ETA:47s]
[#4aef30 10GiB/10GiB(96%) CN:16 DL:7.7MiB ETA:42s]
[#4aef30 10GiB/10GiB(97%) CN:16 DL:8.3MiB ETA:37s]
[#4aef30 10GiB/10GiB(97%) CN:16 DL:8.6MiB ETA:35s]
[#4aef30 10GiB/10GiB(97%) CN:16 DL:9.0MiB ETA:32s]
[#4aef30 10GiB/10GiB(97%) CN:16 DL:9.4MiB ETA:29s]
[#4aef30 10GiB/10GiB(97%) CN:16 DL:9.6MiB ETA:27s]
[#4aef30 10GiB/10GiB(97%) CN:16 DL:10MiB ETA:25s]
[#4aef30 10GiB/10GiB(97%) CN:16 DL:10MiB ETA:23s]
[#4aef30 10GiB/10GiB(97%) CN:15 DL:10MiB ETA:21s]
[#4aef30 10GiB/10GiB(97%) CN:15 DL:11MiB ETA:19s]
[#4aef30 10GiB/10GiB(97%) CN:13 DL:11MiB ETA:18s]
[#4aef30 10GiB/10GiB(98%) CN:12 DL:11MiB ETA:18s]
[#4aef30 10GiB/10GiB(98%) CN:12 DL:11MiB ETA:17s]
[#4aef30 10GiB/10GiB(98%) CN:12 DL:11MiB ETA:16s]
[#4aef30 10GiB/10GiB(98%) CN:12 DL:10MiB ETA:16s]
[#4aef30 10GiB/10GiB(98%) CN:12 DL:10MiB ETA:15s]
[#4aef30 10GiB/10GiB(98%) CN:12 DL:10MiB ETA:15s]
[#4aef30 10GiB/10GiB(98%) CN:12 DL:9.8MiB ETA:14s]
[#4aef30 10GiB/10GiB(98%) CN:12 DL:9.4MiB ETA:14s]
[#4aef30 10GiB/10GiB(98%) CN:12 DL:9.1MiB ETA:14s]
[#4aef30 10GiB/10GiB(98%) CN:12 DL:9.1MiB ETA:13s]
[#4aef30 10GiB/10GiB(98%) CN:11 DL:9.1MiB ETA:12s]
[#4aef30 10GiB/10GiB(99%) CN:10 DL:8.9MiB ETA:11s]
[#4aef30 10GiB/10GiB(99%) CN:10 DL:8.6MiB ETA:11s]
[#4aef30 10GiB/10GiB(99%) CN:10 DL:8.5MiB ETA:10s]
[#4aef30 10GiB/10GiB(99%) CN:10 DL:8.3MiB ETA:9s]
[#4aef30 10GiB/10GiB(99%) CN:9 DL:8.2MiB ETA:9s]
[#4aef30 10GiB/10GiB(99%) CN:9 DL:7.9MiB ETA:8s]
[#4aef30 10GiB/10GiB(99%) CN:9 DL:7.7MiB ETA:7s]
[#4aef30 10GiB/10GiB(99%) CN:8 DL:7.4MiB ETA:7s]
[#4aef30 10GiB/10GiB(99%) CN:6 DL:7.2MiB ETA:6s]
[#4aef30 10GiB/10GiB(99%) CN:5 DL:6.9MiB ETA:6s]
[#4aef30 10GiB/10GiB(99%) CN:5 DL:6.5MiB ETA:5s]
[#4aef30 10GiB/10GiB(99%) CN:5 DL:6.1MiB ETA:5s]
[#4aef30 10GiB/10GiB(99%) CN:5 DL:5.7MiB ETA:5s]
[#4aef30 10GiB/10GiB(99%) CN:5 DL:5.3MiB ETA:4s]
[#4aef30 10GiB/10GiB(99%) CN:5 DL:5.0MiB ETA:4s]
[#4aef30 10GiB/10GiB(99%) CN:5 DL:4.7MiB ETA:3s]
[#4aef30 10GiB/10GiB(99%) CN:5 DL:4.4MiB ETA:3s]
[#4aef30 10GiB/10GiB(99%) CN:5 DL:4.1MiB ETA:2s]
[#4aef30 10GiB/10GiB(99%) CN:5 DL:3.9MiB ETA:1s]
[#4aef30 10GiB/10GiB(99%) CN:2 DL:3.8MiB]
[#4aef30 10GiB/10GiB(99%) CN:1 DL:3.5MiB]
[#4aef30 10GiB/10GiB(99%) CN:1 DL:3.1MiB]
[#4aef30 10GiB/10GiB(100%) CN:0] [Checksum:#4aef30 37MiB/10GiB(0%)]
[#4aef30 10GiB/10GiB(100%) CN:0] [Checksum:#4aef30 117MiB/10GiB(1%)]
 *** Download Progress Summary as of Fri Oct  2 20:24:04 2026 *** 
===============================================================================
[#4aef30 10GiB/10GiB(100%) CN:0]
FILE: crates/id14-sr/corpus/audio/musicnet.tar.gz
-------------------------------------------------------------------------------

[#4aef30 10GiB/10GiB(100%) CN:0] [Checksum:#4aef30 191MiB/10GiB(1%)]
[#4aef30 10GiB/10GiB(100%) CN:0] [Checksum:#4aef30 263MiB/10GiB(2%)]
[#4aef30 10GiB/10GiB(100%) CN:0] [Checksum:#4aef30 338MiB/10GiB(3%)]
[#4aef30 10GiB/10GiB(100%) CN:0] [Checksum:#4aef30 411MiB/10GiB(3%)]
[#4aef30 10GiB/10GiB(100%) CN:0] [Checksum:#4aef30 486MiB/10GiB(4%)]
[#4aef30 10GiB/10GiB(100%) CN:0] [Checksum:#4aef30 562MiB/10GiB(5%)]
[#4aef30 10GiB/10GiB(100%) CN:0] [Checksum:#4aef30 639MiB/10GiB(6%)]
[#4aef30 10GiB/10GiB(100%) CN:0] [Checksum:#4aef30 717MiB/10GiB(6%)]
[#4aef30 10GiB/10GiB(100%) CN:0] [Checksum:#4aef30 792MiB/10GiB(7%)]
[#4aef30 10GiB/10GiB(100%) CN:0] [Checksum:#4aef30 871MiB/10GiB(8%)]
[#4aef30 10GiB/10GiB(100%) CN:0] [Checksum:#4aef30 0.9GiB/10GiB(8%)]
[#4aef30 10GiB/10GiB(100%) CN:0] [Checksum:#4aef30 0.9GiB/10GiB(9%)]
[#4aef30 10GiB/10GiB(100%) CN:0] [Checksum:#4aef30 1.0GiB/10GiB(10%)]
[#4aef30 10GiB/10GiB(100%) CN:0] [Checksum:#4aef30 1.1GiB/10GiB(11%)]
[#4aef30 10GiB/10GiB(100%) CN:0] [Checksum:#4aef30 1.2GiB/10GiB(11%)]
[#4aef30 10GiB/10GiB(100%) CN:0] [Checksum:#4aef30 1.3GiB/10GiB(12%)]
[#4aef30 10GiB/10GiB(100%) CN:0] [Checksum:#4aef30 1.3GiB/10GiB(13%)]
[#4aef30 10GiB/10GiB(100%) CN:0] [Checksum:#4aef30 1.4GiB/10GiB(14%)]
[#4aef30 10GiB/10GiB(100%) CN:0] [Checksum:#4aef30 1.5GiB/10GiB(14%)]
[#4aef30 10GiB/10GiB(100%) CN:0] [Checksum:#4aef30 1.5GiB/10GiB(15%)]
[#4aef30 10GiB/10GiB(100%) CN:0] [Checksum:#4aef30 1.6GiB/10GiB(16%)]
[#4aef30 10GiB/10GiB(100%) CN:0] [Checksum:#4aef30 1.7GiB/10GiB(16%)]
[#4aef30 10GiB/10GiB(100%) CN:0] [Checksum:#4aef30 1.8GiB/10GiB(17%)]
[#4aef30 10GiB/10GiB(100%) CN:0] [Checksum:#4aef30 1.8GiB/10GiB(18%)]
[#4aef30 10GiB/10GiB(100%) CN:0] [Checksum:#4aef30 1.9GiB/10GiB(19%)]
[#4aef30 10GiB/10GiB(100%) CN:0] [Checksum:#4aef30 2.0GiB/10GiB(19%)]
[#4aef30 10GiB/10GiB(100%) CN:0] [Checksum:#4aef30 2.1GiB/10GiB(20%)]
[#4aef30 10GiB/10GiB(100%) CN:0] [Checksum:#4aef30 2.1GiB/10GiB(21%)]
[#4aef30 10GiB/10GiB(100%) CN:0] [Checksum:#4aef30 2.2GiB/10GiB(21%)]
[#4aef30 10GiB/10GiB(100%) CN:0] [Checksum:#4aef30 2.3GiB/10GiB(22%)]
[#4aef30 10GiB/10GiB(100%) CN:0] [Checksum:#4aef30 2.4GiB/10GiB(23%)]
[#4aef30 10GiB/10GiB(100%) CN:0] [Checksum:#4aef30 2.4GiB/10GiB(24%)]
[#4aef30 10GiB/10GiB(100%) CN:0] [Checksum:#4aef30 2.5GiB/10GiB(24%)]
[#4aef30 10GiB/10GiB(100%) CN:0] [Checksum:#4aef30 2.6GiB/10GiB(25%)]
[#4aef30 10GiB/10GiB(100%) CN:0] [Checksum:#4aef30 2.7GiB/10GiB(26%)]
[#4aef30 10GiB/10GiB(100%) CN:0] [Checksum:#4aef30 2.7GiB/10GiB(26%)]
[#4aef30 10GiB/10GiB(100%) CN:0] [Checksum:#4aef30 2.8GiB/10GiB(27%)]
[#4aef30 10GiB/10GiB(100%) CN:0] [Checksum:#4aef30 2.9GiB/10GiB(28%)]
[#4aef30 10GiB/10GiB(100%) CN:0] [Checksum:#4aef30 2.9GiB/10GiB(28%)]
[#4aef30 10GiB/10GiB(100%) CN:0] [Checksum:#4aef30 3.0GiB/10GiB(29%)]
[#4aef30 10GiB/10GiB(100%) CN:0] [Checksum:#4aef30 3.1GiB/10GiB(30%)]
[#4aef30 10GiB/10GiB(100%) CN:0] [Checksum:#4aef30 3.2GiB/10GiB(31%)]
[#4aef30 10GiB/10GiB(100%) CN:0] [Checksum:#4aef30 3.2GiB/10GiB(31%)]
[#4aef30 10GiB/10GiB(100%) CN:0] [Checksum:#4aef30 3.3GiB/10GiB(32%)]
[#4aef30 10GiB/10GiB(100%) CN:0] [Checksum:#4aef30 3.4GiB/10GiB(33%)]
[#4aef30 10GiB/10GiB(100%) CN:0] [Checksum:#4aef30 3.5GiB/10GiB(34%)]
[#4aef30 10GiB/10GiB(100%) CN:0] [Checksum:#4aef30 3.5GiB/10GiB(34%)]
[#4aef30 10GiB/10GiB(100%) CN:0] [Checksum:#4aef30 3.6GiB/10GiB(35%)]
[#4aef30 10GiB/10GiB(100%) CN:0] [Checksum:#4aef30 3.7GiB/10GiB(36%)]
[#4aef30 10GiB/10GiB(100%) CN:0] [Checksum:#4aef30 3.8GiB/10GiB(36%)]
[#4aef30 10GiB/10GiB(100%) CN:0] [Checksum:#4aef30 3.8GiB/10GiB(37%)]
[#4aef30 10GiB/10GiB(100%) CN:0] [Checksum:#4aef30 3.9GiB/10GiB(38%)]
[#4aef30 10GiB/10GiB(100%) CN:0] [Checksum:#4aef30 4.0GiB/10GiB(39%)]
[#4aef30 10GiB/10GiB(100%) CN:0] [Checksum:#4aef30 4.1GiB/10GiB(39%)]
[#4aef30 10GiB/10GiB(100%) CN:0] [Checksum:#4aef30 4.1GiB/10GiB(40%)]
[#4aef30 10GiB/10GiB(100%) CN:0] [Checksum:#4aef30 4.2GiB/10GiB(41%)]
[#4aef30 10GiB/10GiB(100%) CN:0] [Checksum:#4aef30 4.3GiB/10GiB(41%)]
[#4aef30 10GiB/10GiB(100%) CN:0] [Checksum:#4aef30 4.4GiB/10GiB(42%)]
[#4aef30 10GiB/10GiB(100%) CN:0] [Checksum:#4aef30 4.4GiB/10GiB(43%)]
[#4aef30 10GiB/10GiB(100%) CN:0] [Checksum:#4aef30 4.5GiB/10GiB(44%)]
[#4aef30 10GiB/10GiB(100%) CN:0] [Checksum:#4aef30 4.6GiB/10GiB(44%)]
 *** Download Progress Summary as of Fri Oct  2 20:25:04 2026 *** 
===============================================================================
[#4aef30 10GiB/10GiB(100%) CN:0]
FILE: crates/id14-sr/corpus/audio/musicnet.tar.gz
-------------------------------------------------------------------------------

[#4aef30 10GiB/10GiB(100%) CN:0] [Checksum:#4aef30 4.7GiB/10GiB(45%)]
[#4aef30 10GiB/10GiB(100%) CN:0] [Checksum:#4aef30 4.7GiB/10GiB(46%)]
[#4aef30 10GiB/10GiB(100%) CN:0] [Checksum:#4aef30 4.8GiB/10GiB(46%)]
[#4aef30 10GiB/10GiB(100%) CN:0] [Checksum:#4aef30 4.9GiB/10GiB(47%)]
[#4aef30 10GiB/10GiB(100%) CN:0] [Checksum:#4aef30 4.9GiB/10GiB(48%)]
[#4aef30 10GiB/10GiB(100%) CN:0] [Checksum:#4aef30 5.0GiB/10GiB(49%)]
[#4aef30 10GiB/10GiB(100%) CN:0] [Checksum:#4aef30 5.1GiB/10GiB(49%)]
[#4aef30 10GiB/10GiB(100%) CN:0] [Checksum:#4aef30 5.2GiB/10GiB(50%)]
[#4aef30 10GiB/10GiB(100%) CN:0] [Checksum:#4aef30 5.2GiB/10GiB(51%)]
[#4aef30 10GiB/10GiB(100%) CN:0] [Checksum:#4aef30 5.3GiB/10GiB(51%)]
[#4aef30 10GiB/10GiB(100%) CN:0] [Checksum:#4aef30 5.4GiB/10GiB(52%)]
[#4aef30 10GiB/10GiB(100%) CN:0] [Checksum:#4aef30 5.5GiB/10GiB(53%)]
[#4aef30 10GiB/10GiB(100%) CN:0] [Checksum:#4aef30 5.6GiB/10GiB(54%)]
[#4aef30 10GiB/10GiB(100%) CN:0] [Checksum:#4aef30 5.6GiB/10GiB(54%)]
[#4aef30 10GiB/10GiB(100%) CN:0] [Checksum:#4aef30 5.7GiB/10GiB(55%)]
[#4aef30 10GiB/10GiB(100%) CN:0] [Checksum:#4aef30 5.8GiB/10GiB(56%)]
[#4aef30 10GiB/10GiB(100%) CN:0] [Checksum:#4aef30 5.9GiB/10GiB(57%)]
[#4aef30 10GiB/10GiB(100%) CN:0] [Checksum:#4aef30 5.9GiB/10GiB(57%)]
[#4aef30 10GiB/10GiB(100%) CN:0] [Checksum:#4aef30 6.0GiB/10GiB(58%)]
[#4aef30 10GiB/10GiB(100%) CN:0] [Checksum:#4aef30 6.1GiB/10GiB(59%)]
[#4aef30 10GiB/10GiB(100%) CN:0] [Checksum:#4aef30 6.2GiB/10GiB(60%)]
[#4aef30 10GiB/10GiB(100%) CN:0] [Checksum:#4aef30 6.2GiB/10GiB(60%)]
[#4aef30 10GiB/10GiB(100%) CN:0] [Checksum:#4aef30 6.3GiB/10GiB(61%)]
[#4aef30 10GiB/10GiB(100%) CN:0] [Checksum:#4aef30 6.4GiB/10GiB(62%)]
[#4aef30 10GiB/10GiB(100%) CN:0] [Checksum:#4aef30 6.5GiB/10GiB(62%)]
[#4aef30 10GiB/10GiB(100%) CN:0] [Checksum:#4aef30 6.5GiB/10GiB(63%)]
[#4aef30 10GiB/10GiB(100%) CN:0] [Checksum:#4aef30 6.6GiB/10GiB(64%)]
[#4aef30 10GiB/10GiB(100%) CN:0] [Checksum:#4aef30 6.7GiB/10GiB(65%)]
[#4aef30 10GiB/10GiB(100%) CN:0] [Checksum:#4aef30 6.8GiB/10GiB(65%)]
[#4aef30 10GiB/10GiB(100%) CN:0] [Checksum:#4aef30 6.8GiB/10GiB(66%)]
[#4aef30 10GiB/10GiB(100%) CN:0] [Checksum:#4aef30 6.9GiB/10GiB(67%)]
[#4aef30 10GiB/10GiB(100%) CN:0] [Checksum:#4aef30 7.0GiB/10GiB(67%)]
[#4aef30 10GiB/10GiB(100%) CN:0] [Checksum:#4aef30 7.0GiB/10GiB(68%)]
[#4aef30 10GiB/10GiB(100%) CN:0] [Checksum:#4aef30 7.1GiB/10GiB(69%)]
[#4aef30 10GiB/10GiB(100%) CN:0] [Checksum:#4aef30 7.2GiB/10GiB(70%)]
[#4aef30 10GiB/10GiB(100%) CN:0] [Checksum:#4aef30 7.3GiB/10GiB(70%)]
[#4aef30 10GiB/10GiB(100%) CN:0] [Checksum:#4aef30 7.3GiB/10GiB(71%)]
[#4aef30 10GiB/10GiB(100%) CN:0] [Checksum:#4aef30 7.4GiB/10GiB(72%)]
[#4aef30 10GiB/10GiB(100%) CN:0] [Checksum:#4aef30 7.5GiB/10GiB(72%)]
[#4aef30 10GiB/10GiB(100%) CN:0] [Checksum:#4aef30 7.6GiB/10GiB(73%)]
[#4aef30 10GiB/10GiB(100%) CN:0] [Checksum:#4aef30 7.6GiB/10GiB(74%)]
[#4aef30 10GiB/10GiB(100%) CN:0] [Checksum:#4aef30 7.7GiB/10GiB(74%)]
[#4aef30 10GiB/10GiB(100%) CN:0] [Checksum:#4aef30 7.8GiB/10GiB(75%)]
[#4aef30 10GiB/10GiB(100%) CN:0] [Checksum:#4aef30 7.8GiB/10GiB(76%)]
[#4aef30 10GiB/10GiB(100%) CN:0] [Checksum:#4aef30 7.9GiB/10GiB(77%)]
[#4aef30 10GiB/10GiB(100%) CN:0] [Checksum:#4aef30 8.0GiB/10GiB(77%)]
[#4aef30 10GiB/10GiB(100%) CN:0] [Checksum:#4aef30 8.1GiB/10GiB(78%)]
[#4aef30 10GiB/10GiB(100%) CN:0] [Checksum:#4aef30 8.1GiB/10GiB(79%)]
[#4aef30 10GiB/10GiB(100%) CN:0] [Checksum:#4aef30 8.2GiB/10GiB(79%)]
[#4aef30 10GiB/10GiB(100%) CN:0] [Checksum:#4aef30 8.3GiB/10GiB(80%)]
[#4aef30 10GiB/10GiB(100%) CN:0] [Checksum:#4aef30 8.3GiB/10GiB(81%)]
[#4aef30 10GiB/10GiB(100%) CN:0] [Checksum:#4aef30 8.4GiB/10GiB(81%)]
[#4aef30 10GiB/10GiB(100%) CN:0] [Checksum:#4aef30 8.5GiB/10GiB(82%)]
[#4aef30 10GiB/10GiB(100%) CN:0] [Checksum:#4aef30 8.6GiB/10GiB(83%)]
[#4aef30 10GiB/10GiB(100%) CN:0] [Checksum:#4aef30 8.6GiB/10GiB(84%)]
[#4aef30 10GiB/10GiB(100%) CN:0] [Checksum:#4aef30 8.7GiB/10GiB(84%)]
[#4aef30 10GiB/10GiB(100%) CN:0] [Checksum:#4aef30 8.8GiB/10GiB(85%)]
[#4aef30 10GiB/10GiB(100%) CN:0] [Checksum:#4aef30 8.9GiB/10GiB(86%)]
[#4aef30 10GiB/10GiB(100%) CN:0] [Checksum:#4aef30 8.9GiB/10GiB(86%)]
[#4aef30 10GiB/10GiB(100%) CN:0] [Checksum:#4aef30 9.0GiB/10GiB(87%)]
[#4aef30 10GiB/10GiB(100%) CN:0] [Checksum:#4aef30 9.1GiB/10GiB(88%)]
 *** Download Progress Summary as of Fri Oct  2 20:26:05 2026 *** 
===============================================================================
[#4aef30 10GiB/10GiB(100%) CN:0]
FILE: crates/id14-sr/corpus/audio/musicnet.tar.gz
-------------------------------------------------------------------------------

[#4aef30 10GiB/10GiB(100%) CN:0] [Checksum:#4aef30 9.2GiB/10GiB(89%)]
[#4aef30 10GiB/10GiB(100%) CN:0] [Checksum:#4aef30 9.2GiB/10GiB(89%)]
[#4aef30 10GiB/10GiB(100%) CN:0] [Checksum:#4aef30 9.3GiB/10GiB(90%)]
[#4aef30 10GiB/10GiB(100%) CN:0] [Checksum:#4aef30 9.4GiB/10GiB(91%)]
[#4aef30 10GiB/10GiB(100%) CN:0] [Checksum:#4aef30 9.4GiB/10GiB(91%)]
[#4aef30 10GiB/10GiB(100%) CN:0] [Checksum:#4aef30 9.5GiB/10GiB(92%)]
[#4aef30 10GiB/10GiB(100%) CN:0] [Checksum:#4aef30 9.6GiB/10GiB(93%)]
[#4aef30 10GiB/10GiB(100%) CN:0] [Checksum:#4aef30 9.7GiB/10GiB(94%)]
[#4aef30 10GiB/10GiB(100%) CN:0] [Checksum:#4aef30 9.8GiB/10GiB(95%)]
[#4aef30 10GiB/10GiB(100%) CN:0] [Checksum:#4aef30 9.9GiB/10GiB(95%)]
[#4aef30 10GiB/10GiB(100%) CN:0] [Checksum:#4aef30 10GiB/10GiB(96%)]
[#4aef30 10GiB/10GiB(100%) CN:0] [Checksum:#4aef30 10GiB/10GiB(97%)]
[#4aef30 10GiB/10GiB(100%) CN:0] [Checksum:#4aef30 10GiB/10GiB(98%)]
[#4aef30 10GiB/10GiB(100%) CN:0] [Checksum:#4aef30 10GiB/10GiB(99%)]

10/02 20:26:18 [[1;32mNOTICE[0m] 検査が正常に終了. ファイル=crates/id14-sr/corpus/audio/musicnet.tar.gz

10/02 20:26:18 [[1;32mNOTICE[0m] ダウンロード完了: crates/id14-sr/corpus/audio/musicnet.tar.gz

ダウンロード結果：
gid   |stat|avg speed  |path/URI
======+====+===========+=======================================================
4aef30|OK  |   9.7MiB/s|crates/id14-sr/corpus/audio/musicnet.tar.gz

凡例：
(OK)：ダウンロードが完了しました。
